Archive member included to satisfy reference by file (symbol)

/Applications/SystemWorkbench.app/Contents/Eclipse/plugins/fr.ac6.mcu.externaltools.arm-none.macos64_1.15.0.201708311556/tools/compiler/bin/../lib/gcc/arm-none-eabi/6.3.1/../../../../arm-none-eabi/lib/thumb/v7e-m/fpv5/hard/libm.a(lib_a-sf_cos.o)
                              Src/OOPSInstrument.o (cosf)
/Applications/SystemWorkbench.app/Contents/Eclipse/plugins/fr.ac6.mcu.externaltools.arm-none.macos64_1.15.0.201708311556/tools/compiler/bin/../lib/gcc/arm-none-eabi/6.3.1/../../../../arm-none-eabi/lib/thumb/v7e-m/fpv5/hard/libm.a(lib_a-sf_tan.o)
                              Src/OOPSFilter.o (tanf)
/Applications/SystemWorkbench.app/Contents/Eclipse/plugins/fr.ac6.mcu.externaltools.arm-none.macos64_1.15.0.201708311556/tools/compiler/bin/../lib/gcc/arm-none-eabi/6.3.1/../../../../arm-none-eabi/lib/thumb/v7e-m/fpv5/hard/libm.a(lib_a-w_log.o)
                              Src/OOPSMath.o (log)
/Applications/SystemWorkbench.app/Contents/Eclipse/plugins/fr.ac6.mcu.externaltools.arm-none.macos64_1.15.0.201708311556/tools/compiler/bin/../lib/gcc/arm-none-eabi/6.3.1/../../../../arm-none-eabi/lib/thumb/v7e-m/fpv5/hard/libm.a(lib_a-w_sqrt.o)
                              Src/OOPSMath.o (sqrt)
/Applications/SystemWorkbench.app/Contents/Eclipse/plugins/fr.ac6.mcu.externaltools.arm-none.macos64_1.15.0.201708311556/tools/compiler/bin/../lib/gcc/arm-none-eabi/6.3.1/../../../../arm-none-eabi/lib/thumb/v7e-m/fpv5/hard/libm.a(lib_a-wf_pow.o)
                              Src/OOPSMath.o (powf)
/Applications/SystemWorkbench.app/Contents/Eclipse/plugins/fr.ac6.mcu.externaltools.arm-none.macos64_1.15.0.201708311556/tools/compiler/bin/../lib/gcc/arm-none-eabi/6.3.1/../../../../arm-none-eabi/lib/thumb/v7e-m/fpv5/hard/libm.a(lib_a-wf_sqrt.o)
                              Src/OOPSInstrument.o (sqrtf)
/Applications/SystemWorkbench.app/Contents/Eclipse/plugins/fr.ac6.mcu.externaltools.arm-none.macos64_1.15.0.201708311556/tools/compiler/bin/../lib/gcc/arm-none-eabi/6.3.1/../../../../arm-none-eabi/lib/thumb/v7e-m/fpv5/hard/libm.a(lib_a-e_log.o)
                              /Applications/SystemWorkbench.app/Contents/Eclipse/plugins/fr.ac6.mcu.externaltools.arm-none.macos64_1.15.0.201708311556/tools/compiler/bin/../lib/gcc/arm-none-eabi/6.3.1/../../../../arm-none-eabi/lib/thumb/v7e-m/fpv5/hard/libm.a(lib_a-w_log.o) (__ieee754_log)
/Applications/SystemWorkbench.app/Contents/Eclipse/plugins/fr.ac6.mcu.externaltools.arm-none.macos64_1.15.0.201708311556/tools/compiler/bin/../lib/gcc/arm-none-eabi/6.3.1/../../../../arm-none-eabi/lib/thumb/v7e-m/fpv5/hard/libm.a(lib_a-e_sqrt.o)
                              /Applications/SystemWorkbench.app/Contents/Eclipse/plugins/fr.ac6.mcu.externaltools.arm-none.macos64_1.15.0.201708311556/tools/compiler/bin/../lib/gcc/arm-none-eabi/6.3.1/../../../../arm-none-eabi/lib/thumb/v7e-m/fpv5/hard/libm.a(lib_a-w_sqrt.o) (__ieee754_sqrt)
/Applications/SystemWorkbench.app/Contents/Eclipse/plugins/fr.ac6.mcu.externaltools.arm-none.macos64_1.15.0.201708311556/tools/compiler/bin/../lib/gcc/arm-none-eabi/6.3.1/../../../../arm-none-eabi/lib/thumb/v7e-m/fpv5/hard/libm.a(lib_a-ef_pow.o)
                              /Applications/SystemWorkbench.app/Contents/Eclipse/plugins/fr.ac6.mcu.externaltools.arm-none.macos64_1.15.0.201708311556/tools/compiler/bin/../lib/gcc/arm-none-eabi/6.3.1/../../../../arm-none-eabi/lib/thumb/v7e-m/fpv5/hard/libm.a(lib_a-wf_pow.o) (__ieee754_powf)
/Applications/SystemWorkbench.app/Contents/Eclipse/plugins/fr.ac6.mcu.externaltools.arm-none.macos64_1.15.0.201708311556/tools/compiler/bin/../lib/gcc/arm-none-eabi/6.3.1/../../../../arm-none-eabi/lib/thumb/v7e-m/fpv5/hard/libm.a(lib_a-ef_rem_pio2.o)
                              /Applications/SystemWorkbench.app/Contents/Eclipse/plugins/fr.ac6.mcu.externaltools.arm-none.macos64_1.15.0.201708311556/tools/compiler/bin/../lib/gcc/arm-none-eabi/6.3.1/../../../../arm-none-eabi/lib/thumb/v7e-m/fpv5/hard/libm.a(lib_a-sf_cos.o) (__ieee754_rem_pio2f)
/Applications/SystemWorkbench.app/Contents/Eclipse/plugins/fr.ac6.mcu.externaltools.arm-none.macos64_1.15.0.201708311556/tools/compiler/bin/../lib/gcc/arm-none-eabi/6.3.1/../../../../arm-none-eabi/lib/thumb/v7e-m/fpv5/hard/libm.a(lib_a-ef_sqrt.o)
                              /Applications/SystemWorkbench.app/Contents/Eclipse/plugins/fr.ac6.mcu.externaltools.arm-none.macos64_1.15.0.201708311556/tools/compiler/bin/../lib/gcc/arm-none-eabi/6.3.1/../../../../arm-none-eabi/lib/thumb/v7e-m/fpv5/hard/libm.a(lib_a-wf_sqrt.o) (__ieee754_sqrtf)
/Applications/SystemWorkbench.app/Contents/Eclipse/plugins/fr.ac6.mcu.externaltools.arm-none.macos64_1.15.0.201708311556/tools/compiler/bin/../lib/gcc/arm-none-eabi/6.3.1/../../../../arm-none-eabi/lib/thumb/v7e-m/fpv5/hard/libm.a(lib_a-kf_cos.o)
[...]
Memory Configuration

Name             Origin             Length             Attributes
RAM              0x0000000020000000 0x0000000000080000 xrw
FLASH            0x0000000008000000 0x0000000000200000 xr
*default*        0x0000000000000000 0xffffffffffffffff

Linker script and memory map

LOAD /Applications/SystemWorkbench.app/Contents/Eclipse/plugins/fr.ac6.mcu.externaltools.arm-none.macos64_1.15.0.201708311556/tools/compiler/bin/../lib/gcc/arm-none-eabi/6.3.1/thumb/v7e-m/fpv5/hard/crti.o
LOAD /Applications/SystemWorkbench.app/Contents/Eclipse/plugins/fr.ac6.mcu.externaltools.arm-none.macos64_1.15.0.201708311556/tools/compiler/bin/../lib/gcc/arm-none-eabi/6.3.1/thumb/v7e-m/fpv5/hard/crtbegin.o
LOAD /Applications/SystemWorkbench.app/Contents/Eclipse/plugins/fr.ac6.mcu.externaltools.arm-none.macos64_1.15.0.201708311556/tools/compiler/bin/../lib/gcc/arm-none-eabi/6.3.1/../../../../arm-none-eabi/lib/thumb/v7e-m/fpv5/hard/crt0.o
LOAD Drivers/STM32F7xx_HAL_Driver/Src/stm32f7xx_hal.o
LOAD Drivers/STM32F7xx_HAL_Driver/Src/stm32f7xx_hal_adc.o
LOAD Drivers/STM32F7xx_HAL_Driver/Src/stm32f7xx_hal_adc_ex.o
LOAD Drivers/STM32F7xx_HAL_Driver/Src/stm32f7xx_hal_cortex.o
LOAD Drivers/STM32F7xx_HAL_Driver/Src/stm32f7xx_hal_dma.o
LOAD Drivers/STM32F7xx_HAL_Driver/Src/stm32f7xx_hal_dma_ex.o
LOAD Drivers/STM32F7xx_HAL_Driver/Src/stm32f7xx_hal_flash.o
LOAD Drivers/STM32F7xx_HAL_Driver/Src/stm32f7xx_hal_flash_ex.o
LOAD Drivers/STM32F7xx_HAL_Driver/Src/stm32f7xx_hal_gpio.o
LOAD Drivers/STM32F7xx_HAL_Driver/Src/stm32f7xx_hal_hcd.o
LOAD Drivers/STM32F7xx_HAL_Driver/Src/stm32f7xx_hal_i2c.o
LOAD Drivers/STM32F7xx_HAL_Driver/Src/stm32f7xx_hal_i2c_ex.o
LOAD Drivers/STM32F7xx_HAL_Driver/Src/stm32f7xx_hal_pwr.o
LOAD Drivers/STM32F7xx_HAL_Driver/Src/stm32f7xx_hal_pwr_ex.o
LOAD Drivers/STM32F7xx_HAL_Driver/Src/stm32f7xx_hal_qspi.o
LOAD Drivers/STM32F7xx_HAL_Driver/Src/stm32f7xx_hal_rcc.o
LOAD Drivers/STM32F7xx_HAL_Driver/Src/stm32f7xx_hal_rcc_ex.o
LOAD Drivers/STM32F7xx_HAL_Driver/Src/stm32f7xx_hal_rng.o
LOAD Drivers/STM32F7xx_HAL_Driver/Src/stm32f7xx_hal_sai.o
LOAD Drivers/STM32F7xx_HAL_Driver/Src/stm32f7xx_hal_sai_ex.o
LOAD Drivers/STM32F7xx_HAL_Driver/Src/stm32f7xx_hal_spi.o
LOAD Drivers/STM32F7xx_HAL_Driver/Src/stm32f7xx_hal_tim.o
LOAD Drivers/STM32F7xx_HAL_Driver/Src/stm32f7xx_hal_tim_ex.o
LOAD Drivers/STM32F7xx_HAL_Driver/Src/stm32f7xx_ll_usb.o
LOAD Middlewares/ST/STM32_USB_Host_Library/Class/AUDIO/Src/usbh_audio.o
LOAD Middlewares/ST/STM32_USB_Host_Library/Core/Src/usbh_core.o
LOAD Middlewares/ST/STM32_USB_Host_Library/Core/Src/usbh_ctlreq.o
LOAD Middlewares/ST/STM32_USB_Host_Library/Core/Src/usbh_ioreq.o
LOAD Middlewares/ST/STM32_USB_Host_Library/Core/Src/usbh_pipes.o
LOAD Src/MIDI_application.o
LOAD Src/OOPS.o
LOAD Src/OOPSDelay.o
LOAD Src/OOPSFilter.o
LOAD Src/OOPSInstrument.o
LOAD Src/OOPSMath.o
LOAD Src/OOPSOscillator.o
LOAD Src/OOPSReverb.o
LOAD Src/OOPSUtilities.o
LOAD Src/OOPSWavetables.o
LOAD Src/audiostream.o
LOAD Src/codec.o
LOAD Src/main.o
LOAD Src/stm32f7xx_hal_msp.o
LOAD Src/stm32f7xx_it.o
LOAD Src/system_stm32f7xx.o
LOAD Src/usb_host.o
LOAD Src/usbh_MIDI.o
LOAD Src/usbh_conf.o
LOAD startup/startup_stm32f765xx.o
LOAD /Applications/SystemWorkbench.app/Contents/Eclipse/plugins/fr.ac6.mcu.externaltools.arm-none.macos64_1.15.0.201708311556/tools/compiler/bin/../lib/gcc/arm-none-eabi/6.3.1/../../../../arm-none-eabi/lib/thumb/v7e-m/fpv5/hard/libm.a
START GROUP
LOAD /Applications/SystemWorkbench.app/Contents/Eclipse/plugins/fr.ac6.mcu.externaltools.arm-none.macos64_1.15.0.201708311556/tools/compiler/bin/../lib/gcc/arm-none-eabi/6.3.1/thumb/v7e-m/fpv5/hard/libgcc.a
LOAD /Applications/SystemWorkbench.app/Contents/Eclipse/plugins/fr.ac6.mcu.externaltools.arm-none.macos64_1.15.0.201708311556/tools/compiler/bin/../lib/gcc/arm-none-eabi/6.3.1/../../../../arm-none-eabi/lib/thumb/v7e-m/fpv5/hard/libc_nano.a
END GROUP
START GROUP
LOAD /Applications/SystemWorkbench.app/Contents/Eclipse/plugins/fr.ac6.mcu.externaltools.arm-none.macos64_1.15.0.201708311556/tools/compiler/bin/../lib/gcc/arm-none-eabi/6.3.1/thumb/v7e-m/fpv5/hard/libgcc.a
LOAD /Applications/SystemWorkbench.app/Contents/Eclipse/plugins/fr.ac6.mcu.externaltools.arm-none.macos64_1.15.0.201708311556/tools/compiler/bin/../lib/gcc/arm-none-eabi/6.3.1/../../../../arm-none-eabi/lib/thumb/v7e-m/fpv5/hard/libc_nano.a
LOAD /Applications/SystemWorkbench.app/Contents/Eclipse/plugins/fr.ac6.mcu.externaltools.arm-none.macos64_1.15.0.201708311556/tools/compiler/bin/../lib/gcc/arm-none-eabi/6.3.1/../../../../arm-none-eabi/lib/thumb/v7e-m/fpv5/hard/libnosys.a
END GROUP
START GROUP
LOAD /Applications/SystemWorkbench.app/Contents/Eclipse/plugins/fr.ac6.mcu.externaltools.arm-none.macos64_1.15.0.201708311556/tools/compiler/bin/../lib/gcc/arm-none-eabi/6.3.1/thumb/v7e-m/fpv5/hard/libgcc.a
LOAD /Applications/SystemWorkbench.app/Contents/Eclipse/plugins/fr.ac6.mcu.externaltools.arm-none.macos64_1.15.0.201708311556/tools/compiler/bin/../lib/gcc/arm-none-eabi/6.3.1/../../../../arm-none-eabi/lib/thumb/v7e-m/fpv5/hard/libc_nano.a
LOAD /Applications/SystemWorkbench.app/Contents/Eclipse/plugins/fr.ac6.mcu.externaltools.arm-none.macos64_1.15.0.201708311556/tools/compiler/bin/../lib/gcc/arm-none-eabi/6.3.1/../../../../arm-none-eabi/lib/thumb/v7e-m/fpv5/hard/libnosys.a
END GROUP
LOAD /Applications/SystemWorkbench.app/Contents/Eclipse/plugins/fr.ac6.mcu.externaltools.arm-none.macos64_1.15.0.201708311556/tools/compiler/bin/../lib/gcc/arm-none-eabi/6.3.1/thumb/v7e-m/fpv5/hard/crtend.o
LOAD /Applications/SystemWorkbench.app/Contents/Eclipse/plugins/fr.ac6.mcu.externaltools.arm-none.macos64_1.15.0.201708311556/tools/compiler/bin/../lib/gcc/arm-none-eabi/6.3.1/thumb/v7e-m/fpv5/hard/crtn.o
                0x0000000020080000                _estack = 0x20080000
                0x0000000000000200                _Min_Heap_Size = 0x200
                0x0000000000000400                _Min_Stack_Size = 0x400

.isr_vector     0x0000000008000000      0x1f8
                0x0000000008000000                . = ALIGN (0x4)
 *(.isr_vector)
 .isr_vector    0x0000000008000000      0x1f8 startup/startup_stm32f765xx.o
                0x0000000008000000                g_pfnVectors
                0x00000000080001f8                . = ALIGN (0x4)

.text           0x00000000080001f8     0x779c
                0x00000000080001f8                . = ALIGN (0x4)
 *(.text)
 .text          0x00000000080001f8       0x6c /Applications/SystemWorkbench.app/Contents/Eclipse/plugins/fr.ac6.mcu.externaltools.arm-none.macos64_1.15.0.201708311556/tools/compiler/bin/../lib/gcc/arm-none-eabi/6.3.1/thumb/v7e-m/fpv5/hard/crtbegin.o
 *(.text*)
 .text.HAL_InitTick
                0x0000000008000264       0x2c Drivers/STM32F7xx_HAL_Driver/Src/stm32f7xx_hal.o
                0x0000000008000264                HAL_InitTick
 .text.HAL_Init
                0x0000000008000290       0x16 Drivers/STM32F7xx_HAL_Driver/Src/stm32f7xx_hal.o
                0x0000000008000290                HAL_Init
 *fill*         0x00000000080002a6        0x2 
 .text.HAL_IncTick
                0x00000000080002a8       0x10 Drivers/STM32F7xx_HAL_Driver/Src/stm32f7xx_hal.o
                0x00000000080002a8                HAL_IncTick
 .text.HAL_GetTick
                0x00000000080002b8        0xc Drivers/STM32F7xx_HAL_Driver/Src/stm32f7xx_hal.o
                0x00000000080002b8                HAL_GetTick
 .text.HAL_Delay
                0x00000000080002c4       0x1c Drivers/STM32F7xx_HAL_Driver/Src/stm32f7xx_hal.o
                0x00000000080002c4                HAL_Delay
 .text.ADC_Init
                0x00000000080002e0      0x13c Drivers/STM32F7xx_HAL_Driver/Src/stm32f7xx_hal_adc.o
 .text.HAL_ADC_Init
                0x000000000800041c       0x54 Drivers/STM32F7xx_HAL_Driver/Src/stm32f7xx_hal_adc.o
                0x000000000800041c                HAL_ADC_Init
 .text.HAL_ADC_Start_DMA
                0x0000000008000470      0x140 Drivers/STM32F7xx_HAL_Driver/Src/stm32f7xx_hal_adc.o
                0x0000000008000470                HAL_ADC_Start_DMA
 .text.HAL_ADC_ConvCpltCallback
                0x00000000080005b0        0x2 Drivers/STM32F7xx_HAL_Driver/Src/stm32f7xx_hal_adc.o
                0x00000000080005b0                HAL_ADC_ConvCpltCallback
 .text.ADC_DMAConvCplt
                0x00000000080005b2       0x62 Drivers/STM32F7xx_HAL_Driver/Src/stm32f7xx_hal_adc.o
 .text.HAL_ADC_ConvHalfCpltCallback
                0x0000000008000614        0x2 Drivers/STM32F7xx_HAL_Driver/Src/stm32f7xx_hal_adc.o
                0x0000000008000614                HAL_ADC_ConvHalfCpltCallback
 .text.ADC_DMAHalfConvCplt
                0x0000000008000616        0xa Drivers/STM32F7xx_HAL_Driver/Src/stm32f7xx_hal_adc.o
 .text.HAL_ADC_ErrorCallback
                0x0000000008000620        0x2 Drivers/STM32F7xx_HAL_Driver/Src/stm32f7xx_hal_adc.o
                0x0000000008000620                HAL_ADC_ErrorCallback
 .text.ADC_DMAError
                0x0000000008000622       0x16 Drivers/STM32F7xx_HAL_Driver/Src/stm32f7xx_hal_adc.o
 .text.HAL_ADC_ConfigChannel
                0x0000000008000638      0x1ac Drivers/STM32F7xx_HAL_Driver/Src/stm32f7xx_hal_adc.o
                0x0000000008000638                HAL_ADC_ConfigChannel
 .text.HAL_NVIC_SetPriorityGrouping
                0x00000000080007e4       0x24 Drivers/STM32F7xx_HAL_Driver/Src/stm32f7xx_hal_cortex.o
                0x00000000080007e4                HAL_NVIC_SetPriorityGrouping
 .text.HAL_NVIC_SetPriority
                0x0000000008000808       0x60 Drivers/STM32F7xx_HAL_Driver/Src/stm32f7xx_hal_cortex.o
                0x0000000008000808                HAL_NVIC_SetPriority
 .text.HAL_NVIC_EnableIRQ
                0x0000000008000868       0x18 Drivers/STM32F7xx_HAL_Driver/Src/stm32f7xx_hal_cortex.o
                0x0000000008000868                HAL_NVIC_EnableIRQ
 .text.HAL_SYSTICK_Config
                0x0000000008000880       0x2c Drivers/STM32F7xx_HAL_Driver/Src/stm32f7xx_hal_cortex.o
                0x0000000008000880                HAL_SYSTICK_Config
 .text.HAL_SYSTICK_CLKSourceConfig
                0x00000000080008ac       0x20 Drivers/STM32F7xx_HAL_Driver/Src/stm32f7xx_hal_cortex.o
                0x00000000080008ac                HAL_SYSTICK_CLKSourceConfig
 .text.HAL_SYSTICK_Callback
                0x00000000080008cc        0x2 Drivers/STM32F7xx_HAL_Driver/Src/stm32f7xx_hal_cortex.o
                0x00000000080008cc                HAL_SYSTICK_Callback
 .text.HAL_SYSTICK_IRQHandler
                0x00000000080008ce        0x8 Drivers/STM32F7xx_HAL_Driver/Src/stm32f7xx_hal_cortex.o
                0x00000000080008ce                HAL_SYSTICK_IRQHandler
 .text.DMA_SetConfig
                0x00000000080008d6       0x2c Drivers/STM32F7xx_HAL_Driver/Src/stm32f7xx_hal_dma.o
 *fill*         0x0000000008000902        0x2 
 .text.DMA_CalcBaseAndBitshift
                0x0000000008000904       0x38 Drivers/STM32F7xx_HAL_Driver/Src/stm32f7xx_hal_dma.o
 .text.DMA_CheckFifoParam
                0x000000000800093c       0x8e Drivers/STM32F7xx_HAL_Driver/Src/stm32f7xx_hal_dma.o
 *fill*         0x00000000080009ca        0x2 
 .text.HAL_DMA_Init
                0x00000000080009cc       0xd0 Drivers/STM32F7xx_HAL_Driver/Src/stm32f7xx_hal_dma.o
                0x00000000080009cc                HAL_DMA_Init
 .text.HAL_DMA_Start_IT
                0x0000000008000a9c       0x74 Drivers/STM32F7xx_HAL_Driver/Src/stm32f7xx_hal_dma.o
                0x0000000008000a9c                HAL_DMA_Start_IT
 .text.HAL_DMA_IRQHandler
                0x0000000008000b10      0x1e4 Drivers/STM32F7xx_HAL_Driver/Src/stm32f7xx_hal_dma.o
                0x0000000008000b10                HAL_DMA_IRQHandler
 .text.HAL_GPIO_Init
                0x0000000008000cf4      0x1dc Drivers/STM32F7xx_HAL_Driver/Src/stm32f7xx_hal_gpio.o
                0x0000000008000cf4                HAL_GPIO_Init
 .text.HAL_GPIO_WritePin
                0x0000000008000ed0        0xc Drivers/STM32F7xx_HAL_Driver/Src/stm32f7xx_hal_gpio.o
                0x0000000008000ed0                HAL_GPIO_WritePin
 .text.HAL_GPIO_TogglePin
                0x0000000008000edc        0x8 Drivers/STM32F7xx_HAL_Driver/Src/stm32f7xx_hal_gpio.o
                0x0000000008000edc                HAL_GPIO_TogglePin
 .text.HCD_RXQLVL_IRQHandler
                0x0000000008000ee4       0x7c Drivers/STM32F7xx_HAL_Driver/Src/stm32f7xx_hal_hcd.o
 .text.HAL_HCD_HC_Init
                0x0000000008000f60       0x72 Drivers/STM32F7xx_HAL_Driver/Src/stm32f7xx_hal_hcd.o
                0x0000000008000f60                HAL_HCD_HC_Init
 .text.HAL_HCD_HC_Halt
                0x0000000008000fd2       0x24 Drivers/STM32F7xx_HAL_Driver/Src/stm32f7xx_hal_hcd.o
                0x0000000008000fd2                HAL_HCD_HC_Halt
 .text.HAL_HCD_Init
                0x0000000008000ff6       0x78 Drivers/STM32F7xx_HAL_Driver/Src/stm32f7xx_hal_hcd.o
                0x0000000008000ff6                HAL_HCD_Init
 .text.HAL_HCD_HC_SubmitRequest
                0x000000000800106e      0x1ca Drivers/STM32F7xx_HAL_Driver/Src/stm32f7xx_hal_hcd.o
                0x000000000800106e                HAL_HCD_HC_SubmitRequest
 .text.HCD_Port_IRQHandler
                0x0000000008001238       0xc8 Drivers/STM32F7xx_HAL_Driver/Src/stm32f7xx_hal_hcd.o
 .text.HCD_HC_IN_IRQHandler
                0x0000000008001300      0x284 Drivers/STM32F7xx_HAL_Driver/Src/stm32f7xx_hal_hcd.o
 .text.HCD_HC_OUT_IRQHandler
                0x0000000008001584      0x2b0 Drivers/STM32F7xx_HAL_Driver/Src/stm32f7xx_hal_hcd.o
 .text.HAL_HCD_IRQHandler
                0x0000000008001834      0x142 Drivers/STM32F7xx_HAL_Driver/Src/stm32f7xx_hal_hcd.o
                0x0000000008001834                HAL_HCD_IRQHandler
 .text.HAL_HCD_Start
                0x0000000008001976       0x2c Drivers/STM32F7xx_HAL_Driver/Src/stm32f7xx_hal_hcd.o
                0x0000000008001976                HAL_HCD_Start
 .text.HAL_HCD_Stop
                0x00000000080019a2       0x24 Drivers/STM32F7xx_HAL_Driver/Src/stm32f7xx_hal_hcd.o
                0x00000000080019a2                HAL_HCD_Stop
 .text.HAL_HCD_ResetPort
                0x00000000080019c6        0xa Drivers/STM32F7xx_HAL_Driver/Src/stm32f7xx_hal_hcd.o
                0x00000000080019c6                HAL_HCD_ResetPort
 .text.HAL_HCD_HC_GetURBState
                0x00000000080019d0        0xe Drivers/STM32F7xx_HAL_Driver/Src/stm32f7xx_hal_hcd.o
                0x00000000080019d0                HAL_HCD_HC_GetURBState
 .text.HAL_HCD_HC_GetXferCount
                0x00000000080019de        0xc Drivers/STM32F7xx_HAL_Driver/Src/stm32f7xx_hal_hcd.o
                0x00000000080019de                HAL_HCD_HC_GetXferCount
 .text.HAL_HCD_GetCurrentFrame
                0x00000000080019ea        0xa Drivers/STM32F7xx_HAL_Driver/Src/stm32f7xx_hal_hcd.o
                0x00000000080019ea                HAL_HCD_GetCurrentFrame
 .text.HAL_HCD_GetCurrentSpeed
                0x00000000080019f4        0xa Drivers/STM32F7xx_HAL_Driver/Src/stm32f7xx_hal_hcd.o
                0x00000000080019f4                HAL_HCD_GetCurrentSpeed
 .text.I2C_Flush_TXDR
                0x00000000080019fe       0x22 Drivers/STM32F7xx_HAL_Driver/Src/stm32f7xx_hal_i2c.o
 .text.I2C_TransferConfig
                0x0000000008001a20       0x2e Drivers/STM32F7xx_HAL_Driver/Src/stm32f7xx_hal_i2c.o
 .text.I2C_IsAcknowledgeFailed
                0x0000000008001a4e       0x82 Drivers/STM32F7xx_HAL_Driver/Src/stm32f7xx_hal_i2c.o
 .text.I2C_WaitOnTXISFlagUntilTimeout
                0x0000000008001ad0       0x54 Drivers/STM32F7xx_HAL_Driver/Src/stm32f7xx_hal_i2c.o
 .text.I2C_WaitOnFlagUntilTimeout
                0x0000000008001b24       0x48 Drivers/STM32F7xx_HAL_Driver/Src/stm32f7xx_hal_i2c.o
 .text.I2C_WaitOnSTOPFlagUntilTimeout
                0x0000000008001b6c       0x4e Drivers/STM32F7xx_HAL_Driver/Src/stm32f7xx_hal_i2c.o
 *fill*         0x0000000008001bba        0x2 
 .text.HAL_I2C_Init
                0x0000000008001bbc       0xbc Drivers/STM32F7xx_HAL_Driver/Src/stm32f7xx_hal_i2c.o
                0x0000000008001bbc                HAL_I2C_Init
 .text.HAL_I2C_Master_Transmit
                0x0000000008001c78      0x186 Drivers/STM32F7xx_HAL_Driver/Src/stm32f7xx_hal_i2c.o
                0x0000000008001c78                HAL_I2C_Master_Transmit
 .text.HAL_I2CEx_ConfigAnalogFilter
                0x0000000008001dfe       0x5c Drivers/STM32F7xx_HAL_Driver/Src/stm32f7xx_hal_i2c_ex.o
                0x0000000008001dfe                HAL_I2CEx_ConfigAnalogFilter
 *fill*         0x0000000008001e5a        0x2 
 .text.HAL_PWREx_EnableOverDrive
                0x0000000008001e5c       0x7c Drivers/STM32F7xx_HAL_Driver/Src/stm32f7xx_hal_pwr_ex.o
                0x0000000008001e5c                HAL_PWREx_EnableOverDrive
 .text.QSPI_WaitFlagStateUntilTimeout
                0x0000000008001ed8       0x4c Drivers/STM32F7xx_HAL_Driver/Src/stm32f7xx_hal_qspi.o
 .text.HAL_QSPI_SetTimeout
                0x0000000008001f24        0x4 Drivers/STM32F7xx_HAL_Driver/Src/stm32f7xx_hal_qspi.o
                0x0000000008001f24                HAL_QSPI_SetTimeout
 .text.HAL_QSPI_Init
                0x0000000008001f28       0xc8 Drivers/STM32F7xx_HAL_Driver/Src/stm32f7xx_hal_qspi.o
                0x0000000008001f28                HAL_QSPI_Init
 .text.HAL_RCC_OscConfig
                0x0000000008001ff0      0x420 Drivers/STM32F7xx_HAL_Driver/Src/stm32f7xx_hal_rcc.o
                0x0000000008001ff0                HAL_RCC_OscConfig
 .text.HAL_RCC_GetSysClockFreq
                0x0000000008002410       0x94 Drivers/STM32F7xx_HAL_Driver/Src/stm32f7xx_hal_rcc.o
                0x0000000008002410                HAL_RCC_GetSysClockFreq
 .text.HAL_RCC_ClockConfig
                0x00000000080024a4      0x184 Drivers/STM32F7xx_HAL_Driver/Src/stm32f7xx_hal_rcc.o
                0x00000000080024a4                HAL_RCC_ClockConfig
 .text.HAL_RCC_GetHCLKFreq
                0x0000000008002628        0xc Drivers/STM32F7xx_HAL_Driver/Src/stm32f7xx_hal_rcc.o
                0x0000000008002628                HAL_RCC_GetHCLKFreq
 .text.HAL_RCCEx_PeriphCLKConfig
                0x0000000008002634      0x778 Drivers/STM32F7xx_HAL_Driver/Src/stm32f7xx_hal_rcc_ex.o
                0x0000000008002634                HAL_RCCEx_PeriphCLKConfig
 .text.HAL_RCCEx_GetPeriphCLKFreq
                0x0000000008002dac      0x1e8 Drivers/STM32F7xx_HAL_Driver/Src/stm32f7xx_hal_rcc_ex.o
                0x0000000008002dac                HAL_RCCEx_GetPeriphCLKFreq
 .text.HAL_RNG_Init
                0x0000000008002f94       0x3c Drivers/STM32F7xx_HAL_Driver/Src/stm32f7xx_hal_rng.o
                0x0000000008002f94                HAL_RNG_Init
 .text.HAL_RNG_GenerateRandomNumber
                0x0000000008002fd0       0x5c Drivers/STM32F7xx_HAL_Driver/Src/stm32f7xx_hal_rng.o
                0x0000000008002fd0                HAL_RNG_GenerateRandomNumber
 .text.SAI_InitI2S
                0x000000000800302c       0xd8 Drivers/STM32F7xx_HAL_Driver/Src/stm32f7xx_hal_sai.o
 .text.SAI_InitPCM
                0x0000000008003104       0x9c Drivers/STM32F7xx_HAL_Driver/Src/stm32f7xx_hal_sai.o
 .text.SAI_InterruptFlag
                0x00000000080031a0       0x34 Drivers/STM32F7xx_HAL_Driver/Src/stm32f7xx_hal_sai.o
 .text.SAI_Disable
                0x00000000080031d4       0x44 Drivers/STM32F7xx_HAL_Driver/Src/stm32f7xx_hal_sai.o
 .text.HAL_SAI_Init
                0x0000000008003218      0x200 Drivers/STM32F7xx_HAL_Driver/Src/stm32f7xx_hal_sai.o
                0x0000000008003218                HAL_SAI_Init
 .text.HAL_SAI_InitProtocol
                0x0000000008003418       0x30 Drivers/STM32F7xx_HAL_Driver/Src/stm32f7xx_hal_sai.o
                0x0000000008003418                HAL_SAI_InitProtocol
 .text.HAL_SAI_Transmit_DMA
                0x0000000008003448       0xc0 Drivers/STM32F7xx_HAL_Driver/Src/stm32f7xx_hal_sai.o
                0x0000000008003448                HAL_SAI_Transmit_DMA
 .text.HAL_SAI_Receive_DMA
                0x0000000008003508       0xc0 Drivers/STM32F7xx_HAL_Driver/Src/stm32f7xx_hal_sai.o
                0x0000000008003508                HAL_SAI_Receive_DMA
 .text.SAI_DMATxCplt
                0x00000000080035c8       0x3c Drivers/STM32F7xx_HAL_Driver/Src/stm32f7xx_hal_sai.o
 .text.SAI_DMATxHalfCplt
                0x0000000008003604        0xa Drivers/STM32F7xx_HAL_Driver/Src/stm32f7xx_hal_sai.o
 .text.HAL_SAI_RxCpltCallback
                0x000000000800360e        0x2 Drivers/STM32F7xx_HAL_Driver/Src/stm32f7xx_hal_sai.o
                0x000000000800360e                HAL_SAI_RxCpltCallback
 .text.SAI_DMARxCplt
                0x0000000008003610       0x3c Drivers/STM32F7xx_HAL_Driver/Src/stm32f7xx_hal_sai.o
 .text.HAL_SAI_RxHalfCpltCallback
                0x000000000800364c        0x2 Drivers/STM32F7xx_HAL_Driver/Src/stm32f7xx_hal_sai.o
                0x000000000800364c                HAL_SAI_RxHalfCpltCallback
 .text.SAI_DMARxHalfCplt
                0x000000000800364e        0xa Drivers/STM32F7xx_HAL_Driver/Src/stm32f7xx_hal_sai.o
 .text.SAI_DMAError
                0x0000000008003658       0x46 Drivers/STM32F7xx_HAL_Driver/Src/stm32f7xx_hal_sai.o
 .text.HAL_SPI_Init
                0x000000000800369e       0xba Drivers/STM32F7xx_HAL_Driver/Src/stm32f7xx_hal_spi.o
                0x000000000800369e                HAL_SPI_Init
 .text.USB_CoreReset
                0x0000000008003758       0x3c Drivers/STM32F7xx_HAL_Driver/Src/stm32f7xx_ll_usb.o
 .text.USB_CoreInit
                0x0000000008003794       0x7c Drivers/STM32F7xx_HAL_Driver/Src/stm32f7xx_ll_usb.o
                0x0000000008003794                USB_CoreInit
 .text.USB_EnableGlobalInt
                0x0000000008003810        0xc Drivers/STM32F7xx_HAL_Driver/Src/stm32f7xx_ll_usb.o
                0x0000000008003810                USB_EnableGlobalInt
 .text.USB_DisableGlobalInt
                0x000000000800381c        0xc Drivers/STM32F7xx_HAL_Driver/Src/stm32f7xx_ll_usb.o
                0x000000000800381c                USB_DisableGlobalInt
 .text.USB_SetCurrentMode
                0x0000000008003828       0x2c Drivers/STM32F7xx_HAL_Driver/Src/stm32f7xx_ll_usb.o
                0x0000000008003828                USB_SetCurrentMode
 .text.USB_FlushTxFifo
                0x0000000008003854       0x28 Drivers/STM32F7xx_HAL_Driver/Src/stm32f7xx_ll_usb.o
                0x0000000008003854                USB_FlushTxFifo
 .text.USB_FlushRxFifo
                0x000000000800387c       0x24 Drivers/STM32F7xx_HAL_Driver/Src/stm32f7xx_ll_usb.o
                0x000000000800387c                USB_FlushRxFifo
 .text.USB_WritePacket
                0x00000000080038a0       0x28 Drivers/STM32F7xx_HAL_Driver/Src/stm32f7xx_ll_usb.o
                0x00000000080038a0                USB_WritePacket
 .text.USB_ReadPacket
                0x00000000080038c8       0x28 Drivers/STM32F7xx_HAL_Driver/Src/stm32f7xx_ll_usb.o
                0x00000000080038c8                USB_ReadPacket
 .text.USB_ReadInterrupts
                0x00000000080038f0        0x8 Drivers/STM32F7xx_HAL_Driver/Src/stm32f7xx_ll_usb.o
                0x00000000080038f0                USB_ReadInterrupts
 .text.USB_GetMode
                0x00000000080038f8        0x8 Drivers/STM32F7xx_HAL_Driver/Src/stm32f7xx_ll_usb.o
                0x00000000080038f8                USB_GetMode
 .text.USB_InitFSLSPClkSel
                0x0000000008003900       0x40 Drivers/STM32F7xx_HAL_Driver/Src/stm32f7xx_ll_usb.o
                0x0000000008003900                USB_InitFSLSPClkSel
 .text.USB_ResetPort
                0x0000000008003940       0x3a Drivers/STM32F7xx_HAL_Driver/Src/stm32f7xx_ll_usb.o
                0x0000000008003940                USB_ResetPort
 .text.USB_DriveVbus
                0x000000000800397a       0x42 Drivers/STM32F7xx_HAL_Driver/Src/stm32f7xx_ll_usb.o
                0x000000000800397a                USB_DriveVbus
 .text.USB_HostInit
                0x00000000080039bc       0xdc Drivers/STM32F7xx_HAL_Driver/Src/stm32f7xx_ll_usb.o
                0x00000000080039bc                USB_HostInit
 .text.USB_GetHostSpeed
                0x0000000008003a98       0x12 Drivers/STM32F7xx_HAL_Driver/Src/stm32f7xx_ll_usb.o
                0x0000000008003a98                USB_GetHostSpeed
 .text.USB_GetCurrentFrame
                0x0000000008003aaa        0xa Drivers/STM32F7xx_HAL_Driver/Src/stm32f7xx_ll_usb.o
                0x0000000008003aaa                USB_GetCurrentFrame
 .text.USB_HC_Init
                0x0000000008003ab4       0xea Drivers/STM32F7xx_HAL_Driver/Src/stm32f7xx_ll_usb.o
                0x0000000008003ab4                USB_HC_Init
 .text.USB_HC_ReadInterrupt
                0x0000000008003b9e        0xa Drivers/STM32F7xx_HAL_Driver/Src/stm32f7xx_ll_usb.o
                0x0000000008003b9e                USB_HC_ReadInterrupt
 .text.USB_HC_Halt
                0x0000000008003ba8       0xd6 Drivers/STM32F7xx_HAL_Driver/Src/stm32f7xx_ll_usb.o
                0x0000000008003ba8                USB_HC_Halt
 *fill*         0x0000000008003c7e        0x2 
 .text.USB_DoPing
                0x0000000008003c80       0x24 Drivers/STM32F7xx_HAL_Driver/Src/stm32f7xx_ll_usb.o
                0x0000000008003c80                USB_DoPing
 .text.USB_HC_StartXfer
                0x0000000008003ca4      0x158 Drivers/STM32F7xx_HAL_Driver/Src/stm32f7xx_ll_usb.o
                0x0000000008003ca4                USB_HC_StartXfer
 .text.USB_StopHost
                0x0000000008003dfc       0x80 Drivers/STM32F7xx_HAL_Driver/Src/stm32f7xx_ll_usb.o
                0x0000000008003dfc                USB_StopHost
 .text.DeInitStateMachine
                0x0000000008003e7c       0x4a Middlewares/ST/STM32_USB_Host_Library/Core/Src/usbh_core.o
 .text.USBH_HandleSof
                0x0000000008003ec6       0x1a Middlewares/ST/STM32_USB_Host_Library/Core/Src/usbh_core.o
 .text.USBH_HandleEnum
                0x0000000008003ee0      0x16e Middlewares/ST/STM32_USB_Host_Library/Core/Src/usbh_core.o
 .text.USBH_Init
                0x000000000800404e       0x2e Middlewares/ST/STM32_USB_Host_Library/Core/Src/usbh_core.o
                0x000000000800404e                USBH_Init
 .text.USBH_RegisterClass
                0x000000000800407c       0x26 Middlewares/ST/STM32_USB_Host_Library/Core/Src/usbh_core.o
                0x000000000800407c                USBH_RegisterClass
 .text.USBH_SelectInterface
                0x00000000080040a2       0x14 Middlewares/ST/STM32_USB_Host_Library/Core/Src/usbh_core.o
                0x00000000080040a2                USBH_SelectInterface
 .text.USBH_FindInterface
                0x00000000080040b6       0x52 Middlewares/ST/STM32_USB_Host_Library/Core/Src/usbh_core.o
                0x00000000080040b6                USBH_FindInterface
 .text.USBH_Start
                0x0000000008004108       0x14 Middlewares/ST/STM32_USB_Host_Library/Core/Src/usbh_core.o
                0x0000000008004108                USBH_Start
 .text.USBH_Process
                0x000000000800411c      0x194 Middlewares/ST/STM32_USB_Host_Library/Core/Src/usbh_core.o
                0x000000000800411c                USBH_Process
 .text.USBH_LL_SetTimer
                0x00000000080042b0        0x6 Middlewares/ST/STM32_USB_Host_Library/Core/Src/usbh_core.o
                0x00000000080042b0                USBH_LL_SetTimer
 .text.USBH_LL_IncTimer
                0x00000000080042b6       0x12 Middlewares/ST/STM32_USB_Host_Library/Core/Src/usbh_core.o
                0x00000000080042b6                USBH_LL_IncTimer
 .text.USBH_LL_Connect
                0x00000000080042c8       0x28 Middlewares/ST/STM32_USB_Host_Library/Core/Src/usbh_core.o
                0x00000000080042c8                USBH_LL_Connect
 .text.USBH_LL_Disconnect
                0x00000000080042f0       0x38 Middlewares/ST/STM32_USB_Host_Library/Core/Src/usbh_core.o
                0x00000000080042f0                USBH_LL_Disconnect
 .text.USBH_ParseDevDesc
                0x0000000008004328       0x5c Middlewares/ST/STM32_USB_Host_Library/Core/Src/usbh_ctlreq.o
 .text.USBH_ParseInterfaceDesc
                0x0000000008004384       0x26 Middlewares/ST/STM32_USB_Host_Library/Core/Src/usbh_ctlreq.o
 .text.USBH_ParseEPDesc
                0x00000000080043aa       0x20 Middlewares/ST/STM32_USB_Host_Library/Core/Src/usbh_ctlreq.o
 .text.USBH_ParseStringDesc
                0x00000000080043ca       0x34 Middlewares/ST/STM32_USB_Host_Library/Core/Src/usbh_ctlreq.o
 .text.USBH_HandleControl
                0x00000000080043fe      0x1cc Middlewares/ST/STM32_USB_Host_Library/Core/Src/usbh_ctlreq.o
 .text.USBH_GetNextDesc
                0x00000000080045ca        0xe Middlewares/ST/STM32_USB_Host_Library/Core/Src/usbh_ctlreq.o
                0x00000000080045ca                USBH_GetNextDesc
 .text.USBH_ParseCfgDesc
                0x00000000080045d8       0xc8 Middlewares/ST/STM32_USB_Host_Library/Core/Src/usbh_ctlreq.o
 .text.USBH_CtlReq
                0x00000000080046a0       0x40 Middlewares/ST/STM32_USB_Host_Library/Core/Src/usbh_ctlreq.o
                0x00000000080046a0                USBH_CtlReq
 .text.USBH_GetDescriptor
                0x00000000080046e0       0x3c Middlewares/ST/STM32_USB_Host_Library/Core/Src/usbh_ctlreq.o
                0x00000000080046e0                USBH_GetDescriptor
 .text.USBH_Get_DevDesc
                0x000000000800471c       0x32 Middlewares/ST/STM32_USB_Host_Library/Core/Src/usbh_ctlreq.o
                0x000000000800471c                USBH_Get_DevDesc
 .text.USBH_Get_CfgDesc
                0x000000000800474e       0x32 Middlewares/ST/STM32_USB_Host_Library/Core/Src/usbh_ctlreq.o
                0x000000000800474e                USBH_Get_CfgDesc
 .text.USBH_Get_StringDesc
                0x0000000008004780       0x30 Middlewares/ST/STM32_USB_Host_Library/Core/Src/usbh_ctlreq.o
                0x0000000008004780                USBH_Get_StringDesc
 .text.USBH_SetAddress
                0x00000000080047b0       0x22 Middlewares/ST/STM32_USB_Host_Library/Core/Src/usbh_ctlreq.o
                0x00000000080047b0                USBH_SetAddress
 .text.USBH_SetCfg
                0x00000000080047d2       0x22 Middlewares/ST/STM32_USB_Host_Library/Core/Src/usbh_ctlreq.o
                0x00000000080047d2                USBH_SetCfg
 .text.USBH_ClrFeature
                0x00000000080047f4       0x24 Middlewares/ST/STM32_USB_Host_Library/Core/Src/usbh_ctlreq.o
                0x00000000080047f4                USBH_ClrFeature
 .text.USBH_CtlSendSetup
                0x0000000008004818       0x22 Middlewares/ST/STM32_USB_Host_Library/Core/Src/usbh_ioreq.o
                0x0000000008004818                USBH_CtlSendSetup
 .text.USBH_CtlSendData
                0x000000000800483a       0x2c Middlewares/ST/STM32_USB_Host_Library/Core/Src/usbh_ioreq.o
                0x000000000800483a                USBH_CtlSendData
 .text.USBH_CtlReceiveData
                0x0000000008004866       0x20 Middlewares/ST/STM32_USB_Host_Library/Core/Src/usbh_ioreq.o
                0x0000000008004866                USBH_CtlReceiveData
 .text.USBH_BulkSendData
                0x0000000008004886       0x2c Middlewares/ST/STM32_USB_Host_Library/Core/Src/usbh_ioreq.o
                0x0000000008004886                USBH_BulkSendData
 .text.USBH_BulkReceiveData
                0x00000000080048b2       0x20 Middlewares/ST/STM32_USB_Host_Library/Core/Src/usbh_ioreq.o
                0x00000000080048b2                USBH_BulkReceiveData
 .text.USBH_GetFreePipe
                0x00000000080048d2       0x24 Middlewares/ST/STM32_USB_Host_Library/Core/Src/usbh_pipes.o
 .text.USBH_OpenPipe
                0x00000000080048f6       0x20 Middlewares/ST/STM32_USB_Host_Library/Core/Src/usbh_pipes.o
                0x00000000080048f6                USBH_OpenPipe
 .text.USBH_ClosePipe
                0x0000000008004916        0xa Middlewares/ST/STM32_USB_Host_Library/Core/Src/usbh_pipes.o
                0x0000000008004916                USBH_ClosePipe
 .text.USBH_AllocPipe
                0x0000000008004920       0x22 Middlewares/ST/STM32_USB_Host_Library/Core/Src/usbh_pipes.o
                0x0000000008004920                USBH_AllocPipe
 .text.USBH_FreePipe
                0x0000000008004942       0x18 Middlewares/ST/STM32_USB_Host_Library/Core/Src/usbh_pipes.o
                0x0000000008004942                USBH_FreePipe
 *fill*         0x000000000800495a        0x2 
 .text.MIDI_Application
                0x000000000800495c       0x4c Src/MIDI_application.o
                0x000000000800495c                MIDI_Application
 .text.ProcessReceivedMidiDatas
                0x00000000080049a8       0x98 Src/MIDI_application.o
                0x00000000080049a8                ProcessReceivedMidiDatas
 .text.USBH_MIDI_ReceiveCallback
                0x0000000008004a40       0x1c Src/MIDI_application.o
                0x0000000008004a40                USBH_MIDI_ReceiveCallback
 .text.OOPSInit
                0x0000000008004a5c       0x34 Src/OOPS.o
                0x0000000008004a5c                OOPSInit
 .text.tTalkboxUpdate
                0x0000000008004a90      0x11c Src/OOPSInstrument.o
                0x0000000008004a90                tTalkboxUpdate
 .text.tTalkboxInit
                0x0000000008004bac       0x48 Src/OOPSInstrument.o
                0x0000000008004bac                tTalkboxInit
 .text.OOPS_midiToFrequency
                0x0000000008004bf4       0x64 Src/OOPSMath.o
                0x0000000008004bf4                OOPS_midiToFrequency
 .text.tCycleSampleRateChanged
                0x0000000008004c58       0x18 Src/OOPSOscillator.o
                0x0000000008004c58                tCycleSampleRateChanged
 .text.tCycleInit
                0x0000000008004c70       0x38 Src/OOPSOscillator.o
                0x0000000008004c70                tCycleInit
 .text.tCycleSetFreq
                0x0000000008004ca8       0x30 Src/OOPSOscillator.o
                0x0000000008004ca8                tCycleSetFreq
 .text.tCycleTick
                0x0000000008004cd8       0x78 Src/OOPSOscillator.o
                0x0000000008004cd8                tCycleTick
 .text.randomNumber
                0x0000000008004d50       0x3c Src/audiostream.o
                0x0000000008004d50                randomNumber
 .text.audioInit
                0x0000000008004d8c       0x70 Src/audiostream.o
                0x0000000008004d8c                audioInit
 .text.audioTickL
                0x0000000008004dfc       0x1c Src/audiostream.o
                0x0000000008004dfc                audioTickL
 .text.audioTickR
                0x0000000008004e18       0x14 Src/audiostream.o
                0x0000000008004e18                audioTickR
 .text.audioError
                0x0000000008004e2c       0x14 Src/audiostream.o
                0x0000000008004e2c                audioError
 .text.audioFrame
                0x0000000008004e40       0xc0 Src/audiostream.o
                0x0000000008004e40                audioFrame
 .text.HAL_SAI_TxCpltCallback
                0x0000000008004f00        0xc Src/audiostream.o
                0x0000000008004f00                HAL_SAI_TxCpltCallback
 .text.HAL_SAI_TxHalfCpltCallback
                0x0000000008004f0c        0xa Src/audiostream.o
                0x0000000008004f0c                HAL_SAI_TxHalfCpltCallback
 .text.HAL_SAI_ErrorCallback
                0x0000000008004f16        0xe Src/audiostream.o
                0x0000000008004f16                HAL_SAI_ErrorCallback
 .text.AudioCodec_init
                0x0000000008004f24      0x128 Src/codec.o
                0x0000000008004f24                AudioCodec_init
 .text.MX_GPIO_Init
                0x000000000800504c       0xf4 Src/main.o
 .text.MX_DMA_Init
                0x0000000008005140       0x84 Src/main.o
 .text.Error_Handler
                0x00000000080051c4       0x14 Src/main.o
                0x00000000080051c4                Error_Handler
 .text.MX_ADC1_Init
                0x00000000080051d8       0xbc Src/main.o
 .text.MX_I2C2_Init
                0x0000000008005294       0x44 Src/main.o
 .text.MX_QUADSPI_Init
                0x00000000080052d8       0x34 Src/main.o
 .text.MX_RNG_Init
                0x000000000800530c       0x1c Src/main.o
 .text.MX_SAI1_Init
                0x0000000008005328       0x6c Src/main.o
 .text.MX_SPI4_Init
                0x0000000008005394       0x4c Src/main.o
 .text.SystemClock_Config
                0x00000000080053e0       0xf8 Src/main.o
                0x00000000080053e0                SystemClock_Config
 .text.main     0x00000000080054d8       0x70 Src/main.o
                0x00000000080054d8                main
 .text.HAL_MspInit
                0x0000000008005548       0x5e Src/stm32f7xx_hal_msp.o
                0x0000000008005548                HAL_MspInit
 *fill*         0x00000000080055a6        0x2 
 .text.HAL_ADC_MspInit
                0x00000000080055a8       0xac Src/stm32f7xx_hal_msp.o
                0x00000000080055a8                HAL_ADC_MspInit
 .text.HAL_I2C_MspInit
                0x0000000008005654       0xd0 Src/stm32f7xx_hal_msp.o
                0x0000000008005654                HAL_I2C_MspInit
 .text.HAL_QSPI_MspInit
                0x0000000008005724       0x88 Src/stm32f7xx_hal_msp.o
                0x0000000008005724                HAL_QSPI_MspInit
 .text.HAL_RNG_MspInit
                0x00000000080057ac       0x2c Src/stm32f7xx_hal_msp.o
                0x00000000080057ac                HAL_RNG_MspInit
 .text.HAL_SPI_MspInit
                0x00000000080057d8       0x50 Src/stm32f7xx_hal_msp.o
                0x00000000080057d8                HAL_SPI_MspInit
 .text.HAL_SAI_MspInit
                0x0000000008005828      0x150 Src/stm32f7xx_hal_msp.o
                0x0000000008005828                HAL_SAI_MspInit
 .text.NMI_Handler
                0x0000000008005978        0x2 Src/stm32f7xx_it.o
                0x0000000008005978                NMI_Handler
 .text.HardFault_Handler
                0x000000000800597a        0x2 Src/stm32f7xx_it.o
                0x000000000800597a                HardFault_Handler
 .text.MemManage_Handler
                0x000000000800597c        0x2 Src/stm32f7xx_it.o
                0x000000000800597c                MemManage_Handler
 .text.BusFault_Handler
                0x000000000800597e        0x2 Src/stm32f7xx_it.o
                0x000000000800597e                BusFault_Handler
 .text.UsageFault_Handler
                0x0000000008005980        0x2 Src/stm32f7xx_it.o
                0x0000000008005980                UsageFault_Handler
 .text.SVC_Handler
                0x0000000008005982        0x2 Src/stm32f7xx_it.o
                0x0000000008005982                SVC_Handler
 .text.DebugMon_Handler
                0x0000000008005984        0x2 Src/stm32f7xx_it.o
                0x0000000008005984                DebugMon_Handler
 .text.PendSV_Handler
                0x0000000008005986        0x2 Src/stm32f7xx_it.o
                0x0000000008005986                PendSV_Handler
 .text.SysTick_Handler
                0x0000000008005988        0xc Src/stm32f7xx_it.o
                0x0000000008005988                SysTick_Handler
 .text.DMA1_Stream2_IRQHandler
                0x0000000008005994       0x10 Src/stm32f7xx_it.o
                0x0000000008005994                DMA1_Stream2_IRQHandler
 .text.DMA1_Stream4_IRQHandler
                0x00000000080059a4       0x10 Src/stm32f7xx_it.o
                0x00000000080059a4                DMA1_Stream4_IRQHandler
 .text.DMA2_Stream0_IRQHandler
                0x00000000080059b4       0x10 Src/stm32f7xx_it.o
                0x00000000080059b4                DMA2_Stream0_IRQHandler
 .text.DMA2_Stream1_IRQHandler
                0x00000000080059c4       0x10 Src/stm32f7xx_it.o
                0x00000000080059c4                DMA2_Stream1_IRQHandler
 .text.DMA2_Stream4_IRQHandler
                0x00000000080059d4       0x10 Src/stm32f7xx_it.o
                0x00000000080059d4                DMA2_Stream4_IRQHandler
 .text.OTG_FS_IRQHandler
                0x00000000080059e4       0x10 Src/stm32f7xx_it.o
                0x00000000080059e4                OTG_FS_IRQHandler
 .text.SystemInit
                0x00000000080059f4       0x50 Src/system_stm32f7xx.o
                0x00000000080059f4                SystemInit
 .text.USBH_UserProcess
                0x0000000008005a44       0x34 Src/usb_host.o
 .text.MX_USB_HOST_Init
                0x0000000008005a78       0x2c Src/usb_host.o
                0x0000000008005a78                MX_USB_HOST_Init
 .text.MX_USB_HOST_Process
                0x0000000008005aa4       0x14 Src/usb_host.o
                0x0000000008005aa4                MX_USB_HOST_Process
 .text.USBH_MIDI_ClassRequest
                0x0000000008005ab8        0xe Src/usbh_MIDI.o
 .text.USBH_MIDI_SOFProcess
                0x0000000008005ac6        0x4 Src/usbh_MIDI.o
 .text.USBH_MIDI_InterfaceDeInit
                0x0000000008005aca       0x50 Src/usbh_MIDI.o
 .text.USBH_MIDI_InterfaceInit
                0x0000000008005b1a      0x10a Src/usbh_MIDI.o
 .text.USBH_MIDI_Stop
                0x0000000008005c24       0x2a Src/usbh_MIDI.o
                0x0000000008005c24                USBH_MIDI_Stop
 .text.USBH_MIDI_GetLastReceivedDataSize
                0x0000000008005c4e       0x1e Src/usbh_MIDI.o
                0x0000000008005c4e                USBH_MIDI_GetLastReceivedDataSize
 .text.USBH_MIDI_Receive
                0x0000000008005c6c       0x20 Src/usbh_MIDI.o
                0x0000000008005c6c                USBH_MIDI_Receive
 .text.USBH_MIDI_TransmitCallback
                0x0000000008005c8c        0x2 Src/usbh_MIDI.o
                0x0000000008005c8c                USBH_MIDI_TransmitCallback
 .text.MIDI_ProcessTransmission
                0x0000000008005c8e       0x8a Src/usbh_MIDI.o
 .text.MIDI_ProcessReception
                0x0000000008005d18       0x66 Src/usbh_MIDI.o
 .text.USBH_MIDI_Process
                0x0000000008005d7e       0x40 Src/usbh_MIDI.o
 *fill*         0x0000000008005dbe        0x2 
 .text.HAL_HCD_MspInit
                0x0000000008005dc0       0x84 Src/usbh_conf.o
                0x0000000008005dc0                HAL_HCD_MspInit
 .text.HAL_HCD_SOF_Callback
                0x0000000008005e44        0xc Src/usbh_conf.o
                0x0000000008005e44                HAL_HCD_SOF_Callback
 .text.HAL_HCD_Connect_Callback
                0x0000000008005e50        0xc Src/usbh_conf.o
                0x0000000008005e50                HAL_HCD_Connect_Callback
 .text.HAL_HCD_Disconnect_Callback
                0x0000000008005e5c        0xc Src/usbh_conf.o
                0x0000000008005e5c                HAL_HCD_Disconnect_Callback
 .text.HAL_HCD_HC_NotifyURBChange_Callback
                0x0000000008005e68        0x2 Src/usbh_conf.o
                0x0000000008005e68                HAL_HCD_HC_NotifyURBChange_Callback
 *fill*         0x0000000008005e6a        0x2 
 .text.USBH_LL_Init
                0x0000000008005e6c       0x54 Src/usbh_conf.o
                0x0000000008005e6c                USBH_LL_Init
 .text.USBH_LL_Start
                0x0000000008005ec0       0x1c Src/usbh_conf.o
                0x0000000008005ec0                USBH_LL_Start
 .text.USBH_LL_Stop
                0x0000000008005edc       0x1c Src/usbh_conf.o
                0x0000000008005edc                USBH_LL_Stop
 .text.USBH_LL_GetSpeed
                0x0000000008005ef8       0x1c Src/usbh_conf.o
                0x0000000008005ef8                USBH_LL_GetSpeed
 .text.USBH_LL_ResetPort
                0x0000000008005f14       0x1c Src/usbh_conf.o
                0x0000000008005f14                USBH_LL_ResetPort
 .text.USBH_LL_GetLastXferSize
                0x0000000008005f30        0xc Src/usbh_conf.o
                0x0000000008005f30                USBH_LL_GetLastXferSize
 .text.USBH_LL_OpenPipe
                0x0000000008005f3c       0x32 Src/usbh_conf.o
                0x0000000008005f3c                USBH_LL_OpenPipe
 .text.USBH_LL_ClosePipe
                0x0000000008005f6e       0x1c Src/usbh_conf.o
                0x0000000008005f6e                USBH_LL_ClosePipe
 .text.USBH_LL_SubmitURB
                0x0000000008005f8a       0x36 Src/usbh_conf.o
                0x0000000008005f8a                USBH_LL_SubmitURB
 .text.USBH_LL_GetURBState
                0x0000000008005fc0        0xc Src/usbh_conf.o
                0x0000000008005fc0                USBH_LL_GetURBState
 .text.USBH_LL_DriverVBUS
                0x0000000008005fcc        0xc Src/usbh_conf.o
                0x0000000008005fcc                USBH_LL_DriverVBUS
 .text.USBH_LL_SetToggle
                0x0000000008005fd8       0x32 Src/usbh_conf.o
                0x0000000008005fd8                USBH_LL_SetToggle
 .text.USBH_Delay
                0x000000000800600a        0x8 Src/usbh_conf.o
                0x000000000800600a                USBH_Delay
 *fill*         0x0000000008006012        0x2 
 .text.Reset_Handler
                0x0000000008006014       0x50 startup/startup_stm32f765xx.o
                0x0000000008006014                Reset_Handler
 .text.Default_Handler
                0x0000000008006064        0x2 startup/startup_stm32f765xx.o
                0x0000000008006064                DMA1_Stream3_IRQHandler
                0x0000000008006064                EXTI2_IRQHandler
                0x0000000008006064                TIM8_CC_IRQHandler
                0x0000000008006064                UART8_IRQHandler
                0x0000000008006064                SPI4_IRQHandler
                0x0000000008006064                TIM1_CC_IRQHandler
                0x0000000008006064                DMA2_Stream5_IRQHandler
                0x0000000008006064                DMA1_Stream5_IRQHandler
                0x0000000008006064                CAN3_RX1_IRQHandler
                0x0000000008006064                PVD_IRQHandler
                0x0000000008006064                TAMP_STAMP_IRQHandler
                0x0000000008006064                CAN2_RX1_IRQHandler
                0x0000000008006064                EXTI3_IRQHandler
                0x0000000008006064                TIM8_TRG_COM_TIM14_IRQHandler
                0x0000000008006064                DFSDM1_FLT1_IRQHandler
                0x0000000008006064                TIM1_UP_TIM10_IRQHandler
                0x0000000008006064                TIM8_UP_TIM13_IRQHandler
                0x0000000008006064                I2C3_ER_IRQHandler
                0x0000000008006064                DFSDM1_FLT2_IRQHandler
                0x0000000008006064                EXTI0_IRQHandler
                0x0000000008006064                I2C2_EV_IRQHandler
                0x0000000008006064                CAN1_RX0_IRQHandler
                0x0000000008006064                FPU_IRQHandler
                0x0000000008006064                OTG_HS_WKUP_IRQHandler
                0x0000000008006064                CAN3_SCE_IRQHandler
                0x0000000008006064                CAN2_SCE_IRQHandler
                0x0000000008006064                DMA2_Stream2_IRQHandler
                0x0000000008006064                SPI1_IRQHandler
                0x0000000008006064                TIM6_DAC_IRQHandler
                0x0000000008006064                TIM1_BRK_TIM9_IRQHandler
                0x0000000008006064                DCMI_IRQHandler
                0x0000000008006064                CAN2_RX0_IRQHandler
                0x0000000008006064                DMA2_Stream3_IRQHandler
                0x0000000008006064                SAI2_IRQHandler
                0x0000000008006064                DFSDM1_FLT3_IRQHandler
                0x0000000008006064                USART6_IRQHandler
                0x0000000008006064                CAN3_RX0_IRQHandler
                0x0000000008006064                USART3_IRQHandler
                0x0000000008006064                CAN1_RX1_IRQHandler
                0x0000000008006064                UART5_IRQHandler
                0x0000000008006064                TIM4_IRQHandler
                0x0000000008006064                QUADSPI_IRQHandler
                0x0000000008006064                I2C1_EV_IRQHandler
                0x0000000008006064                DMA1_Stream6_IRQHandler
                0x0000000008006064                DMA1_Stream1_IRQHandler
                0x0000000008006064                UART4_IRQHandler
                0x0000000008006064                TIM3_IRQHandler
                0x0000000008006064                RCC_IRQHandler
                0x0000000008006064                TIM8_BRK_TIM12_IRQHandler
                0x0000000008006064                Default_Handler
                0x0000000008006064                CEC_IRQHandler
                0x0000000008006064                EXTI15_10_IRQHandler
                0x0000000008006064                ADC_IRQHandler
                0x0000000008006064                DMA1_Stream7_IRQHandler
                0x0000000008006064                SPI5_IRQHandler
                0x0000000008006064                TIM7_IRQHandler
                0x0000000008006064                SDMMC1_IRQHandler
                0x0000000008006064                CAN2_TX_IRQHandler
                0x0000000008006064                TIM5_IRQHandler
                0x0000000008006064                DMA2_Stream7_IRQHandler
                0x0000000008006064                I2C3_EV_IRQHandler
                0x0000000008006064                EXTI9_5_IRQHandler
                0x0000000008006064                RTC_WKUP_IRQHandler
                0x0000000008006064                ETH_WKUP_IRQHandler
                0x0000000008006064                SPDIF_RX_IRQHandler
                0x0000000008006064                SPI2_IRQHandler
                0x0000000008006064                OTG_HS_EP1_IN_IRQHandler
                0x0000000008006064                DMA1_Stream0_IRQHandler
                0x0000000008006064                CAN1_TX_IRQHandler
                0x0000000008006064                EXTI4_IRQHandler
                0x0000000008006064                RNG_IRQHandler
                0x0000000008006064                ETH_IRQHandler
                0x0000000008006064                OTG_HS_EP1_OUT_IRQHandler
                0x0000000008006064                WWDG_IRQHandler
                0x0000000008006064                SPI6_IRQHandler
                0x0000000008006064                MDIOS_IRQHandler
                0x0000000008006064                I2C4_EV_IRQHandler
                0x0000000008006064                CAN3_TX_IRQHandler
                0x0000000008006064                TIM2_IRQHandler
                0x0000000008006064                OTG_FS_WKUP_IRQHandler
                0x0000000008006064                TIM1_TRG_COM_TIM11_IRQHandler
                0x0000000008006064                OTG_HS_IRQHandler
                0x0000000008006064                DMA2D_IRQHandler
                0x0000000008006064                EXTI1_IRQHandler
                0x0000000008006064                SDMMC2_IRQHandler
                0x0000000008006064                UART7_IRQHandler
                0x0000000008006064                USART2_IRQHandler
                0x0000000008006064                DFSDM1_FLT0_IRQHandler
                0x0000000008006064                I2C2_ER_IRQHandler
                0x0000000008006064                CAN1_SCE_IRQHandler
                0x0000000008006064                FLASH_IRQHandler
                0x0000000008006064                USART1_IRQHandler
                0x0000000008006064                SPI3_IRQHandler
                0x0000000008006064                I2C1_ER_IRQHandler
                0x0000000008006064                FMC_IRQHandler
                0x0000000008006064                LPTIM1_IRQHandler
                0x0000000008006064                I2C4_ER_IRQHandler
                0x0000000008006064                DMA2_Stream6_IRQHandler
                0x0000000008006064                SAI1_IRQHandler
                0x0000000008006064                RTC_Alarm_IRQHandler
 *fill*         0x0000000008006066        0x2 
 .text.cosf     0x0000000008006068       0x90 /Applications/SystemWorkbench.app/Contents/Eclipse/plugins/fr.ac6.mcu.externaltools.arm-none.macos64_1.15.0.201708311556/tools/compiler/bin/../lib/gcc/arm-none-eabi/6.3.1/../../../../arm-none-eabi/lib/thumb/v7e-m/fpv5/hard/libm.a(lib_a-sf_cos.o)
                0x0000000008006068                cosf
 .text.powf     0x00000000080060f8      0x304 /Applications/SystemWorkbench.app/Contents/Eclipse/plugins/fr.ac6.mcu.externaltools.arm-none.macos64_1.15.0.201708311556/tools/compiler/bin/../lib/gcc/arm-none-eabi/6.3.1/../../../../arm-none-eabi/lib/thumb/v7e-m/fpv5/hard/libm.a(lib_a-wf_pow.o)
                0x00000000080060f8                powf
 .text.__ieee754_powf
                0x00000000080063fc      0x5f0 /Applications/SystemWorkbench.app/Contents/Eclipse/plugins/fr.ac6.mcu.externaltools.arm-none.macos64_1.15.0.201708311556/tools/compiler/bin/../lib/gcc/arm-none-eabi/6.3.1/../../../../arm-none-eabi/lib/thumb/v7e-m/fpv5/hard/libm.a(lib_a-ef_pow.o)
                0x00000000080063fc                __ieee754_powf
 .text.__ieee754_rem_pio2f
                0x00000000080069ec      0x290 /Applications/SystemWorkbench.app/Contents/Eclipse/plugins/fr.ac6.mcu.externaltools.arm-none.macos64_1.15.0.201708311556/tools/compiler/bin/../lib/gcc/arm-none-eabi/6.3.1/../../../../arm-none-eabi/lib/thumb/v7e-m/fpv5/hard/libm.a(lib_a-ef_rem_pio2.o)
                0x00000000080069ec                __ieee754_rem_pio2f
 .text.__ieee754_sqrtf
                0x0000000008006c7c        0x8 /Applications/SystemWorkbench.app/Contents/Eclipse/plugins/fr.ac6.mcu.externaltools.arm-none.macos64_1.15.0.201708311556/tools/compiler/bin/../lib/gcc/arm-none-eabi/6.3.1/../../../../arm-none-eabi/lib/thumb/v7e-m/fpv5/hard/libm.a(lib_a-ef_sqrt.o)
                0x0000000008006c7c                __ieee754_sqrtf
 .text.__kernel_cosf
                0x0000000008006c84      0x104 /Applications/SystemWorkbench.app/Contents/Eclipse/plugins/fr.ac6.mcu.externaltools.arm-none.macos64_1.15.0.201708311556/tools/compiler/bin/../lib/gcc/arm-none-eabi/6.3.1/../../../../arm-none-eabi/lib/thumb/v7e-m/fpv5/hard/libm.a(lib_a-kf_cos.o)
                0x0000000008006c84                __kernel_cosf
 .text.__kernel_rem_pio2f
                0x0000000008006d88      0x690 /Applications/SystemWorkbench.app/Contents/Eclipse/plugins/fr.ac6.mcu.externaltools.arm-none.macos64_1.15.0.201708311556/tools/compiler/bin/../lib/gcc/arm-none-eabi/6.3.1/../../../../arm-none-eabi/lib/thumb/v7e-m/fpv5/hard/libm.a(lib_a-kf_rem_pio2.o)
                0x0000000008006d88                __kernel_rem_pio2f
 .text.__kernel_sinf
                0x0000000008007418       0x90 /Applications/SystemWorkbench.app/Contents/Eclipse/plugins/fr.ac6.mcu.externaltools.arm-none.macos64_1.15.0.201708311556/tools/compiler/bin/../lib/gcc/arm-none-eabi/6.3.1/../../../../arm-none-eabi/lib/thumb/v7e-m/fpv5/hard/libm.a(lib_a-kf_sin.o)
                0x0000000008007418                __kernel_sinf
 .text.matherr  0x00000000080074a8        0x4 /Applications/SystemWorkbench.app/Contents/Eclipse/plugins/fr.ac6.mcu.externaltools.arm-none.macos64_1.15.0.201708311556/tools/compiler/bin/../lib/gcc/arm-none-eabi/6.3.1/../../../../arm-none-eabi/lib/thumb/v7e-m/fpv5/hard/libm.a(lib_a-s_matherr.o)
                0x00000000080074a8                matherr
 .text.rint     0x00000000080074ac      0x11c /Applications/SystemWorkbench.app/Contents/Eclipse/plugins/fr.ac6.mcu.externaltools.arm-none.macos64_1.15.0.201708311556/tools/compiler/bin/../lib/gcc/arm-none-eabi/6.3.1/../../../../arm-none-eabi/lib/thumb/v7e-m/fpv5/hard/libm.a(lib_a-s_rint.o)
                0x00000000080074ac                rint
 .text.fabsf    0x00000000080075c8       0x10 /Applications/SystemWorkbench.app/Contents/Eclipse/plugins/fr.ac6.mcu.externaltools.arm-none.macos64_1.15.0.201708311556/tools/compiler/bin/../lib/gcc/arm-none-eabi/6.3.1/../../../../arm-none-eabi/lib/thumb/v7e-m/fpv5/hard/libm.a(lib_a-sf_fabs.o)
                0x00000000080075c8                fabsf
 .text.finitef  0x00000000080075d8       0x14 /Applications/SystemWorkbench.app/Contents/Eclipse/plugins/fr.ac6.mcu.externaltools.arm-none.macos64_1.15.0.201708311556/tools/compiler/bin/../lib/gcc/arm-none-eabi/6.3.1/../../../../arm-none-eabi/lib/thumb/v7e-m/fpv5/hard/libm.a(lib_a-sf_finite.o)
                0x00000000080075d8                finitef
 .text.floorf   0x00000000080075ec       0x90 /Applications/SystemWorkbench.app/Contents/Eclipse/plugins/fr.ac6.mcu.externaltools.arm-none.macos64_1.15.0.201708311556/tools/compiler/bin/../lib/gcc/arm-none-eabi/6.3.1/../../../../arm-none-eabi/lib/thumb/v7e-m/fpv5/hard/libm.a(lib_a-sf_floor.o)
                0x00000000080075ec                floorf
 .text.nanf     0x000000000800767c        0xc /Applications/SystemWorkbench.app/Contents/Eclipse/plugins/fr.ac6.mcu.externaltools.arm-none.macos64_1.15.0.201708311556/tools/compiler/bin/../lib/gcc/arm-none-eabi/6.3.1/../../../../arm-none-eabi/lib/thumb/v7e-m/fpv5/hard/libm.a(lib_a-sf_nan.o)
                0x000000000800767c                nanf
 .text.scalbnf  0x0000000008007688       0xd0 /Applications/SystemWorkbench.app/Contents/Eclipse/plugins/fr.ac6.mcu.externaltools.arm-none.macos64_1.15.0.201708311556/tools/compiler/bin/../lib/gcc/arm-none-eabi/6.3.1/../../../../arm-none-eabi/lib/thumb/v7e-m/fpv5/hard/libm.a(lib_a-sf_scalbn.o)
                0x0000000008007688                scalbnf
 .text.copysignf
                0x0000000008007758       0x18 /Applications/SystemWorkbench.app/Contents/Eclipse/plugins/fr.ac6.mcu.externaltools.arm-none.macos64_1.15.0.201708311556/tools/compiler/bin/../lib/gcc/arm-none-eabi/6.3.1/../../../../arm-none-eabi/lib/thumb/v7e-m/fpv5/hard/libm.a(lib_a-sf_copysign.o)
                0x0000000008007758                copysignf
 .text.__errno  0x0000000008007770        0xc /Applications/SystemWorkbench.app/Contents/Eclipse/plugins/fr.ac6.mcu.externaltools.arm-none.macos64_1.15.0.201708311556/tools/compiler/bin/../lib/gcc/arm-none-eabi/6.3.1/../../../../arm-none-eabi/lib/thumb/v7e-m/fpv5/hard/libc_nano.a(lib_a-errno.o)
                0x0000000008007770                __errno
 .text.__libc_init_array
                0x000000000800777c       0x48 /Applications/SystemWorkbench.app/Contents/Eclipse/plugins/fr.ac6.mcu.externaltools.arm-none.macos64_1.15.0.201708311556/tools/compiler/bin/../lib/gcc/arm-none-eabi/6.3.1/../../../../arm-none-eabi/lib/thumb/v7e-m/fpv5/hard/libc_nano.a(lib_a-init.o)
                0x000000000800777c                __libc_init_array
 .text.malloc   0x00000000080077c4       0x10 /Applications/SystemWorkbench.app/Contents/Eclipse/plugins/fr.ac6.mcu.externaltools.arm-none.macos64_1.15.0.201708311556/tools/compiler/bin/../lib/gcc/arm-none-eabi/6.3.1/../../../../arm-none-eabi/lib/thumb/v7e-m/fpv5/hard/libc_nano.a(lib_a-malloc.o)
                0x00000000080077c4                malloc
 .text.free     0x00000000080077d4       0x10 /Applications/SystemWorkbench.app/Contents/Eclipse/plugins/fr.ac6.mcu.externaltools.arm-none.macos64_1.15.0.201708311556/tools/compiler/bin/../lib/gcc/arm-none-eabi/6.3.1/../../../../arm-none-eabi/lib/thumb/v7e-m/fpv5/hard/libc_nano.a(lib_a-malloc.o)
                0x00000000080077d4                free
 .text._free_r  0x00000000080077e4       0x9c /Applications/SystemWorkbench.app/Contents/Eclipse/plugins/fr.ac6.mcu.externaltools.arm-none.macos64_1.15.0.201708311556/tools/compiler/bin/../lib/gcc/arm-none-eabi/6.3.1/../../../../arm-none-eabi/lib/thumb/v7e-m/fpv5/hard/libc_nano.a(lib_a-nano-freer.o)
                0x00000000080077e4                _free_r
 .text._malloc_r
                0x0000000008007880       0xbc /Applications/SystemWorkbench.app/Contents/Eclipse/plugins/fr.ac6.mcu.externaltools.arm-none.macos64_1.15.0.201708311556/tools/compiler/bin/../lib/gcc/arm-none-eabi/6.3.1/../../../../arm-none-eabi/lib/thumb/v7e-m/fpv5/hard/libc_nano.a(lib_a-nano-mallocr.o)
                0x0000000008007880                _malloc_r
 .text._sbrk_r  0x000000000800793c       0x20 /Applications/SystemWorkbench.app/Contents/Eclipse/plugins/fr.ac6.mcu.externaltools.arm-none.macos64_1.15.0.201708311556/tools/compiler/bin/../lib/gcc/arm-none-eabi/6.3.1/../../../../arm-none-eabi/lib/thumb/v7e-m/fpv5/hard/libc_nano.a(lib_a-sbrkr.o)
                0x000000000800793c                _sbrk_r
 .text.__malloc_lock
                0x000000000800795c        0x2 /Applications/SystemWorkbench.app/Contents/Eclipse/plugins/fr.ac6.mcu.externaltools.arm-none.macos64_1.15.0.201708311556/tools/compiler/bin/../lib/gcc/arm-none-eabi/6.3.1/../../../../arm-none-eabi/lib/thumb/v7e-m/fpv5/hard/libc_nano.a(lib_a-mlock.o)
                0x000000000800795c                __malloc_lock
 .text.__malloc_unlock
                0x000000000800795e        0x2 /Applications/SystemWorkbench.app/Contents/Eclipse/plugins/fr.ac6.mcu.externaltools.arm-none.macos64_1.15.0.201708311556/tools/compiler/bin/../lib/gcc/arm-none-eabi/6.3.1/../../../../arm-none-eabi/lib/thumb/v7e-m/fpv5/hard/libc_nano.a(lib_a-mlock.o)
                0x000000000800795e                __malloc_unlock
 .text._sbrk    0x0000000008007960       0x1c /Applications/SystemWorkbench.app/Contents/Eclipse/plugins/fr.ac6.mcu.externaltools.arm-none.macos64_1.15.0.201708311556/tools/compiler/bin/../lib/gcc/arm-none-eabi/6.3.1/../../../../arm-none-eabi/lib/thumb/v7e-m/fpv5/hard/libnosys.a(sbrk.o)
                0x0000000008007960                _sbrk
 *(.glue_7)
 .glue_7        0x000000000800797c        0x0 linker stubs
 *(.glue_7t)
 .glue_7t       0x000000000800797c        0x0 linker stubs
 *(.eh_frame)
 .eh_frame      0x000000000800797c        0x0 /Applications/SystemWorkbench.app/Contents/Eclipse/plugins/fr.ac6.mcu.externaltools.arm-none.macos64_1.15.0.201708311556/tools/compiler/bin/../lib/gcc/arm-none-eabi/6.3.1/thumb/v7e-m/fpv5/hard/crtbegin.o
 *(.init)
 .init          0x000000000800797c        0x4 /Applications/SystemWorkbench.app/Contents/Eclipse/plugins/fr.ac6.mcu.externaltools.arm-none.macos64_1.15.0.201708311556/tools/compiler/bin/../lib/gcc/arm-none-eabi/6.3.1/thumb/v7e-m/fpv5/hard/crti.o
                0x000000000800797c                _init
 .init          0x0000000008007980        0x8 /Applications/SystemWorkbench.app/Contents/Eclipse/plugins/fr.ac6.mcu.externaltools.arm-none.macos64_1.15.0.201708311556/tools/compiler/bin/../lib/gcc/arm-none-eabi/6.3.1/thumb/v7e-m/fpv5/hard/crtn.o
 *(.fini)
 .fini          0x0000000008007988        0x4 /Applications/SystemWorkbench.app/Contents/Eclipse/plugins/fr.ac6.mcu.externaltools.arm-none.macos64_1.15.0.201708311556/tools/compiler/bin/../lib/gcc/arm-none-eabi/6.3.1/thumb/v7e-m/fpv5/hard/crti.o
                0x0000000008007988                _fini
 .fini          0x000000000800798c        0x8 /Applications/SystemWorkbench.app/Contents/Eclipse/plugins/fr.ac6.mcu.externaltools.arm-none.macos64_1.15.0.201708311556/tools/compiler/bin/../lib/gcc/arm-none-eabi/6.3.1/thumb/v7e-m/fpv5/hard/crtn.o
                0x0000000008007994                . = ALIGN (0x4)
                0x0000000008007994                _etext = .

.vfp11_veneer   0x0000000008007994        0x0
 .vfp11_veneer  0x0000000008007994        0x0 linker stubs

.v4_bx          0x0000000008007994        0x0
 .v4_bx         0x0000000008007994        0x0 linker stubs

.iplt           0x0000000008007994        0x0
 .iplt          0x0000000008007994        0x0 /Applications/SystemWorkbench.app/Contents/Eclipse/plugins/fr.ac6.mcu.externaltools.arm-none.macos64_1.15.0.201708311556/tools/compiler/bin/../lib/gcc/arm-none-eabi/6.3.1/thumb/v7e-m/fpv5/hard/crtbegin.o

.rodata         0x0000000008007998    0xc2410
                0x0000000008007998                . = ALIGN (0x4)
 *(.rodata)
 .rodata        0x0000000008007998        0x8 Drivers/STM32F7xx_HAL_Driver/Src/stm32f7xx_hal_dma.o
 .rodata        0x00000000080079a0    0xc2000 Src/OOPSWavetables.o
                0x00000000080079a0                sinewave
                0x00000000080099a0                attack_decay_inc
                0x00000000080499a0                exp_decay
                0x00000000080899a0                shaper1
 .rodata        0x00000000080c99a0       0x18 Src/system_stm32f7xx.o
                0x00000000080c99a0                AHBPrescTable
                0x00000000080c99b0                APBPrescTable
 *(.rodata*)
 .rodata.str1.4
                0x00000000080c99b8        0x5 Src/usbh_MIDI.o
 *fill*         0x00000000080c99bd        0x3 
 .rodata.powf.str1.4
                0x00000000080c99c0        0x5 /Applications/SystemWorkbench.app/Contents/Eclipse/plugins/fr.ac6.mcu.externaltools.arm-none.macos64_1.15.0.201708311556/tools/compiler/bin/../lib/gcc/arm-none-eabi/6.3.1/../../../../arm-none-eabi/lib/thumb/v7e-m/fpv5/hard/libm.a(lib_a-wf_pow.o)
 .rodata.__ieee754_powf.str1.4
                0x00000000080c99c5        0x8 /Applications/SystemWorkbench.app/Contents/Eclipse/plugins/fr.ac6.mcu.externaltools.arm-none.macos64_1.15.0.201708311556/tools/compiler/bin/../lib/gcc/arm-none-eabi/6.3.1/../../../../arm-none-eabi/lib/thumb/v7e-m/fpv5/hard/libm.a(lib_a-ef_pow.o)
                                          0x1 (size before relaxing)
 *fill*         0x00000000080c99c5        0x3 
 .rodata.npio2_hw
                0x00000000080c99c8       0x80 /Applications/SystemWorkbench.app/Contents/Eclipse/plugins/fr.ac6.mcu.externaltools.arm-none.macos64_1.15.0.201708311556/tools/compiler/bin/../lib/gcc/arm-none-eabi/6.3.1/../../../../arm-none-eabi/lib/thumb/v7e-m/fpv5/hard/libm.a(lib_a-ef_rem_pio2.o)
 .rodata.two_over_pi
                0x00000000080c9a48      0x318 /Applications/SystemWorkbench.app/Contents/Eclipse/plugins/fr.ac6.mcu.externaltools.arm-none.macos64_1.15.0.201708311556/tools/compiler/bin/../lib/gcc/arm-none-eabi/6.3.1/../../../../arm-none-eabi/lib/thumb/v7e-m/fpv5/hard/libm.a(lib_a-ef_rem_pio2.o)
 .rodata.PIo2   0x00000000080c9d60       0x2c /Applications/SystemWorkbench.app/Contents/Eclipse/plugins/fr.ac6.mcu.externaltools.arm-none.macos64_1.15.0.201708311556/tools/compiler/bin/../lib/gcc/arm-none-eabi/6.3.1/../../../../arm-none-eabi/lib/thumb/v7e-m/fpv5/hard/libm.a(lib_a-kf_rem_pio2.o)
 .rodata.init_jk
                0x00000000080c9d8c        0xc /Applications/SystemWorkbench.app/Contents/Eclipse/plugins/fr.ac6.mcu.externaltools.arm-none.macos64_1.15.0.201708311556/tools/compiler/bin/../lib/gcc/arm-none-eabi/6.3.1/../../../../arm-none-eabi/lib/thumb/v7e-m/fpv5/hard/libm.a(lib_a-kf_rem_pio2.o)
 .rodata.TWO52  0x00000000080c9d98       0x10 /Applications/SystemWorkbench.app/Contents/Eclipse/plugins/fr.ac6.mcu.externaltools.arm-none.macos64_1.15.0.201708311556/tools/compiler/bin/../lib/gcc/arm-none-eabi/6.3.1/../../../../arm-none-eabi/lib/thumb/v7e-m/fpv5/hard/libm.a(lib_a-s_rint.o)
                0x00000000080c9da8                . = ALIGN (0x4)

.rel.dyn        0x00000000080c9da8        0x0
 .rel.iplt      0x00000000080c9da8        0x0 /Applications/SystemWorkbench.app/Contents/Eclipse/plugins/fr.ac6.mcu.externaltools.arm-none.macos64_1.15.0.201708311556/tools/compiler/bin/../lib/gcc/arm-none-eabi/6.3.1/thumb/v7e-m/fpv5/hard/crtbegin.o

.ARM.extab
 *(.ARM.extab* .gnu.linkonce.armextab.*)

.ARM            0x00000000080c9da8        0x0
                0x00000000080c9da8                __exidx_start = .
 *(.ARM.exidx*)
                0x00000000080c9da8                __exidx_end = .

.preinit_array  0x00000000080c9da8        0x0
                0x00000000080c9da8                PROVIDE (__preinit_array_start, .)
 *(.preinit_array*)
                0x00000000080c9da8                PROVIDE (__preinit_array_end, .)

.init_array     0x00000000080c9da8        0x4
                0x00000000080c9da8                PROVIDE (__init_array_start, .)
 *(SORT(.init_array.*))
 *(.init_array*)
 .init_array    0x00000000080c9da8        0x4 /Applications/SystemWorkbench.app/Contents/Eclipse/plugins/fr.ac6.mcu.externaltools.arm-none.macos64_1.15.0.201708311556/tools/compiler/bin/../lib/gcc/arm-none-eabi/6.3.1/thumb/v7e-m/fpv5/hard/crtbegin.o
                0x00000000080c9dac                PROVIDE (__init_array_end, .)

.fini_array     0x00000000080c9dac        0x4
                [!provide]                        PROVIDE (__fini_array_start, .)
 *(SORT(.fini_array.*))
 *(.fini_array*)
 .fini_array    0x00000000080c9dac        0x4 /Applications/SystemWorkbench.app/Contents/Eclipse/plugins/fr.ac6.mcu.externaltools.arm-none.macos64_1.15.0.201708311556/tools/compiler/bin/../lib/gcc/arm-none-eabi/6.3.1/thumb/v7e-m/fpv5/hard/crtbegin.o
                [!provide]                        PROVIDE (__fini_array_end, .)
                0x00000000080c9db0                _sidata = LOADADDR (.data)

.data           0x0000000020000000       0x98 load address 0x00000000080c9db0
                0x0000000020000000                . = ALIGN (0x4)
                0x0000000020000000                _sdata = .
 *(.data)
 .data          0x0000000020000000        0x1 Src/MIDI_application.o
                0x0000000020000000                MIDI_Appli_state
 *fill*         0x0000000020000001        0x3 
 .data          0x0000000020000004        0x8 Src/codec.o
                0x0000000020000004                i2cDataSize
                0x0000000020000008                I2Ctimeout
 .data          0x000000002000000c        0x4 Src/system_stm32f7xx.o
                0x000000002000000c                SystemCoreClock
 .data          0x0000000020000010       0x20 Src/usbh_MIDI.o
                0x0000000020000010                MIDI_Class
 *(.data*)
 .data.__fdlib_version
                0x0000000020000030        0x1 /Applications/SystemWorkbench.app/Contents/Eclipse/plugins/fr.ac6.mcu.externaltools.arm-none.macos64_1.15.0.201708311556/tools/compiler/bin/../lib/gcc/arm-none-eabi/6.3.1/../../../../arm-none-eabi/lib/thumb/v7e-m/fpv5/hard/libm.a(lib_a-s_lib_ver.o)
                0x0000000020000030                __fdlib_version
 *fill*         0x0000000020000031        0x3 
 .data._impure_ptr
                0x0000000020000034        0x4 /Applications/SystemWorkbench.app/Contents/Eclipse/plugins/fr.ac6.mcu.externaltools.arm-none.macos64_1.15.0.201708311556/tools/compiler/bin/../lib/gcc/arm-none-eabi/6.3.1/../../../../arm-none-eabi/lib/thumb/v7e-m/fpv5/hard/libc_nano.a(lib_a-impure.o)
                0x0000000020000034                _impure_ptr
 .data.impure_data
                0x0000000020000038       0x60 /Applications/SystemWorkbench.app/Contents/Eclipse/plugins/fr.ac6.mcu.externaltools.arm-none.macos64_1.15.0.201708311556/tools/compiler/bin/../lib/gcc/arm-none-eabi/6.3.1/../../../../arm-none-eabi/lib/thumb/v7e-m/fpv5/hard/libc_nano.a(lib_a-impure.o)
                0x0000000020000098                . = ALIGN (0x4)
                0x0000000020000098                _edata = .

.jcr            0x0000000020000098        0x0 load address 0x00000000080c9e48
 .jcr           0x0000000020000098        0x0 /Applications/SystemWorkbench.app/Contents/Eclipse/plugins/fr.ac6.mcu.externaltools.arm-none.macos64_1.15.0.201708311556/tools/compiler/bin/../lib/gcc/arm-none-eabi/6.3.1/thumb/v7e-m/fpv5/hard/crtbegin.o

.igot.plt       0x0000000020000098        0x0 load address 0x00000000080c9e48
 .igot.plt      0x0000000020000098        0x0 /Applications/SystemWorkbench.app/Contents/Eclipse/plugins/fr.ac6.mcu.externaltools.arm-none.macos64_1.15.0.201708311556/tools/compiler/bin/../lib/gcc/arm-none-eabi/6.3.1/thumb/v7e-m/fpv5/hard/crtbegin.o
                0x0000000020000098                . = ALIGN (0x4)

.bss            0x0000000020000098     0xbe44 load address 0x00000000080c9e48
                0x0000000020000098                _sbss = .
                0x0000000020000098                __bss_start__ = _sbss
 *(.bss)
 .bss           0x0000000020000098       0x1c /Applications/SystemWorkbench.app/Contents/Eclipse/plugins/fr.ac6.mcu.externaltools.arm-none.macos64_1.15.0.201708311556/tools/compiler/bin/../lib/gcc/arm-none-eabi/6.3.1/thumb/v7e-m/fpv5/hard/crtbegin.o
 .bss           0x00000000200000b4        0x8 Drivers/STM32F7xx_HAL_Driver/Src/stm32f7xx_ll_usb.o
 *fill*         0x00000000200000bc        0x4 
 .bss           0x00000000200000c0       0x30 Src/audiostream.o
                0x00000000200000c0                rightIn
                0x00000000200000cc                ADCfilteredValue
                0x00000000200000d0                ADCfilterMemory
 .bss           0x00000000200000f0        0x2 Src/codec.o
                0x00000000200000f0                myI2cData
 *fill*         0x00000000200000f2        0x2 
 .bss           0x00000000200000f4        0x4 Src/stm32f7xx_hal_msp.o
 .bss           0x00000000200000f8        0x1 Src/usb_host.o
                0x00000000200000f8                Appli_state
 *(.bss*)
 *fill*         0x00000000200000f9        0x3 
 .bss.__malloc_free_list
                0x00000000200000fc        0x4 /Applications/SystemWorkbench.app/Contents/Eclipse/plugins/fr.ac6.mcu.externaltools.arm-none.macos64_1.15.0.201708311556/tools/compiler/bin/../lib/gcc/arm-none-eabi/6.3.1/../../../../arm-none-eabi/lib/thumb/v7e-m/fpv5/hard/libc_nano.a(lib_a-nano-mallocr.o)
                0x00000000200000fc                __malloc_free_list
 .bss.__malloc_sbrk_start
                0x0000000020000100        0x4 /Applications/SystemWorkbench.app/Contents/Eclipse/plugins/fr.ac6.mcu.externaltools.arm-none.macos64_1.15.0.201708311556/tools/compiler/bin/../lib/gcc/arm-none-eabi/6.3.1/../../../../arm-none-eabi/lib/thumb/v7e-m/fpv5/hard/libc_nano.a(lib_a-nano-mallocr.o)
                0x0000000020000100                __malloc_sbrk_start
 .bss.heap_end.5239
                0x0000000020000104        0x4 /Applications/SystemWorkbench.app/Contents/Eclipse/plugins/fr.ac6.mcu.externaltools.arm-none.macos64_1.15.0.201708311556/tools/compiler/bin/../lib/gcc/arm-none-eabi/6.3.1/../../../../arm-none-eabi/lib/thumb/v7e-m/fpv5/hard/libnosys.a(sbrk.o)
 *(COMMON)
 COMMON         0x0000000020000108        0x4 Drivers/STM32F7xx_HAL_Driver/Src/stm32f7xx_hal.o
                0x0000000020000108                uwTick
 COMMON         0x000000002000010c      0x148 Src/MIDI_application.o
                0x000000002000010c                firstkey
                0x000000002000010d                ctrl
                0x0000000020000110                paramvalue
                0x0000000020000210                velocity
                0x0000000020000211                data
                0x0000000020000212                key
                0x0000000020000213                h
                0x0000000020000214                MIDI_RX_Buffer
 COMMON         0x0000000020000254     0x90f0 Src/OOPS.o
                0x0000000020000254                oops
 COMMON         0x0000000020009344     0x2010 Src/audiostream.o
                0x0000000020009344                audioInBuffer
                0x000000002000a344                hrandom
                0x000000002000a348                tb
                0x000000002000a34c                audioOutBuffer
                0x000000002000b34c                sine
                0x000000002000b350                adcVals
 COMMON         0x000000002000b354      0x450 Src/main.o
                0x000000002000b354                adcValues
                0x000000002000b36c                hi2c2
                0x000000002000b3b8                hdma_i2c2_rx
                0x000000002000b418                hsai_BlockB1
                0x000000002000b49c                hdma_i2c2_tx
                0x000000002000b4fc                hdma_sai1_a
                0x000000002000b55c                hadc1
                0x000000002000b5a4                hspi4
                0x000000002000b608                hdma_adc1
                0x000000002000b668                hrng
                0x000000002000b674                hdma_sai1_b
                0x000000002000b6d4                hsai_BlockA1
                0x000000002000b758                hqspi
 COMMON         0x000000002000b7a4      0x49c Src/usb_host.o
                0x000000002000b7a4                hUsbHostFS
 COMMON         0x000000002000bc40      0x298 Src/usbh_conf.o
                0x000000002000bc40                hhcd_USB_OTG_FS
 COMMON         0x000000002000bed8        0x4 /Applications/SystemWorkbench.app/Contents/Eclipse/plugins/fr.ac6.mcu.externaltools.arm-none.macos64_1.15.0.201708311556/tools/compiler/bin/../lib/gcc/arm-none-eabi/6.3.1/../../../../arm-none-eabi/lib/thumb/v7e-m/fpv5/hard/libc_nano.a(lib_a-reent.o)
                0x000000002000bed8                errno
                0x000000002000bedc                . = ALIGN (0x4)
                0x000000002000bedc                _ebss = .
                0x000000002000bedc                __bss_end__ = _ebss

._user_heap_stack
                0x000000002000bedc      0x604 load address 0x00000000080c9e48
                0x000000002000bee0                . = ALIGN (0x8)
 *fill*         0x000000002000bedc        0x4 
                0x000000002000bee0                PROVIDE (end, .)
                [!provide]                        PROVIDE (_end, .)
                0x000000002000c0e0                . = (. + _Min_Heap_Size)
 *fill*         0x000000002000bee0      0x200 
                0x000000002000c4e0                . = (. + _Min_Stack_Size)
 *fill*         0x000000002000c0e0      0x400 
                0x000000002000c4e0                . = ALIGN (0x8)

/DISCARD/
 libc.a(*)
 libm.a(*)
 libgcc.a(*)

.ARM.attributes
                0x0000000000000000       0x2e
 *(.ARM.attributes)
 .ARM.attributes
                0x0000000000000000       0x20 /Applications/SystemWorkbench.app/Contents/Eclipse/plugins/fr.ac6.mcu.externaltools.arm-none.macos64_1.15.0.201708311556/tools/compiler/bin/../lib/gcc/arm-none-eabi/6.3.1/thumb/v7e-m/fpv5/hard/crti.o
 .ARM.attributes
                0x0000000000000020       0x32 /Applications/SystemWorkbench.app/Contents/Eclipse/plugins/fr.ac6.mcu.externaltools.arm-none.macos64_1.15.0.201708311556/tools/compiler/bin/../lib/gcc/arm-none-eabi/6.3.1/thumb/v7e-m/fpv5/hard/crtbegin.o
 .ARM.attributes
                0x0000000000000052       0x37 Drivers/STM32F7xx_HAL_Driver/Src/stm32f7xx_hal.o
 .ARM.attributes
                0x0000000000000089       0x37 Drivers/STM32F7xx_HAL_Driver/Src/stm32f7xx_hal_adc.o
 .ARM.attributes
                0x00000000000000c0       0x37 Drivers/STM32F7xx_HAL_Driver/Src/stm32f7xx_hal_cortex.o
 .ARM.attributes
                0x00000000000000f7       0x37 Drivers/STM32F7xx_HAL_Driver/Src/stm32f7xx_hal_dma.o
 .ARM.attributes
                0x000000000000012e       0x37 Drivers/STM32F7xx_HAL_Driver/Src/stm32f7xx_hal_gpio.o
 .ARM.attributes
                0x0000000000000165       0x37 Drivers/STM32F7xx_HAL_Driver/Src/stm32f7xx_hal_hcd.o
 .ARM.attributes
                0x000000000000019c       0x37 Drivers/STM32F7xx_HAL_Driver/Src/stm32f7xx_hal_i2c.o
 .ARM.attributes
                0x00000000000001d3       0x37 Drivers/STM32F7xx_HAL_Driver/Src/stm32f7xx_hal_i2c_ex.o
 .ARM.attributes
                0x000000000000020a       0x37 Drivers/STM32F7xx_HAL_Driver/Src/stm32f7xx_hal_pwr_ex.o
 .ARM.attributes
                0x0000000000000241       0x37 Drivers/STM32F7xx_HAL_Driver/Src/stm32f7xx_hal_qspi.o
 .ARM.attributes
                0x0000000000000278       0x37 Drivers/STM32F7xx_HAL_Driver/Src/stm32f7xx_hal_rcc.o
 .ARM.attributes
                0x00000000000002af       0x37 Drivers/STM32F7xx_HAL_Driver/Src/stm32f7xx_hal_rcc_ex.o
 .ARM.attributes
                0x00000000000002e6       0x37 Drivers/STM32F7xx_HAL_Driver/Src/stm32f7xx_hal_rng.o
 .ARM.attributes
                0x000000000000031d       0x37 Drivers/STM32F7xx_HAL_Driver/Src/stm32f7xx_hal_sai.o
 .ARM.attributes
                0x0000000000000354       0x37 Drivers/STM32F7xx_HAL_Driver/Src/stm32f7xx_hal_spi.o
 .ARM.attributes
                0x000000000000038b       0x37 Drivers/STM32F7xx_HAL_Driver/Src/stm32f7xx_ll_usb.o
 .ARM.attributes
                0x00000000000003c2       0x37 Middlewares/ST/STM32_USB_Host_Library/Core/Src/usbh_core.o
 .ARM.attributes
                0x00000000000003f9       0x37 Middlewares/ST/STM32_USB_Host_Library/Core/Src/usbh_ctlreq.o
 .ARM.attributes
                0x0000000000000430       0x37 Middlewares/ST/STM32_USB_Host_Library/Core/Src/usbh_ioreq.o
 .ARM.attributes
                0x0000000000000467       0x37 Middlewares/ST/STM32_USB_Host_Library/Core/Src/usbh_pipes.o
 .ARM.attributes
                0x000000000000049e       0x37 Src/MIDI_application.o
 .ARM.attributes
                0x00000000000004d5       0x37 Src/OOPS.o
 .ARM.attributes
                0x000000000000050c       0x37 Src/OOPSInstrument.o
 .ARM.attributes
                0x0000000000000543       0x37 Src/OOPSMath.o
 .ARM.attributes
                0x000000000000057a       0x37 Src/OOPSOscillator.o
 .ARM.attributes
                0x00000000000005b1       0x37 Src/OOPSWavetables.o
 .ARM.attributes
                0x00000000000005e8       0x37 Src/audiostream.o
 .ARM.attributes
                0x000000000000061f       0x37 Src/codec.o
 .ARM.attributes
                0x0000000000000656       0x37 Src/main.o
 .ARM.attributes
                0x000000000000068d       0x37 Src/stm32f7xx_hal_msp.o
 .ARM.attributes
                0x00000000000006c4       0x37 Src/stm32f7xx_it.o
 .ARM.attributes
                0x00000000000006fb       0x37 Src/system_stm32f7xx.o
 .ARM.attributes
                0x0000000000000732       0x37 Src/usb_host.o
 .ARM.attributes
                0x0000000000000769       0x37 Src/usbh_MIDI.o
 .ARM.attributes
                0x00000000000007a0       0x37 Src/usbh_conf.o
 .ARM.attributes
                0x00000000000007d7       0x21 startup/startup_stm32f765xx.o
 .ARM.attributes
                0x00000000000007f8       0x32 /Applications/SystemWorkbench.app/Contents/Eclipse/plugins/fr.ac6.mcu.externaltools.arm-none.macos64_1.15.0.201708311556/tools/compiler/bin/../lib/gcc/arm-none-eabi/6.3.1/../../../../arm-none-eabi/lib/thumb/v7e-m/fpv5/hard/libm.a(lib_a-sf_cos.o)
 .ARM.attributes
                0x000000000000082a       0x32 /Applications/SystemWorkbench.app/Contents/Eclipse/plugins/fr.ac6.mcu.externaltools.arm-none.macos64_1.15.0.201708311556/tools/compiler/bin/../lib/gcc/arm-none-eabi/6.3.1/../../../../arm-none-eabi/lib/thumb/v7e-m/fpv5/hard/libm.a(lib_a-wf_pow.o)
 .ARM.attributes
                0x000000000000085c       0x32 /Applications/SystemWorkbench.app/Contents/Eclipse/plugins/fr.ac6.mcu.externaltools.arm-none.macos64_1.15.0.201708311556/tools/compiler/bin/../lib/gcc/arm-none-eabi/6.3.1/../../../../arm-none-eabi/lib/thumb/v7e-m/fpv5/hard/libm.a(lib_a-ef_pow.o)
 .ARM.attributes
                0x000000000000088e       0x32 /Applications/SystemWorkbench.app/Contents/Eclipse/plugins/fr.ac6.mcu.externaltools.arm-none.macos64_1.15.0.201708311556/tools/compiler/bin/../lib/gcc/arm-none-eabi/6.3.1/../../../../arm-none-eabi/lib/thumb/v7e-m/fpv5/hard/libm.a(lib_a-ef_rem_pio2.o)
 .ARM.attributes
                0x00000000000008c0       0x32 /Applications/SystemWorkbench.app/Contents/Eclipse/plugins/fr.ac6.mcu.externaltools.arm-none.macos64_1.15.0.201708311556/tools/compiler/bin/../lib/gcc/arm-none-eabi/6.3.1/../../../../arm-none-eabi/lib/thumb/v7e-m/fpv5/hard/libm.a(lib_a-ef_sqrt.o)
 .ARM.attributes
                0x00000000000008f2       0x32 /Applications/SystemWorkbench.app/Contents/Eclipse/plugins/fr.ac6.mcu.externaltools.arm-none.macos64_1.15.0.201708311556/tools/compiler/bin/../lib/gcc/arm-none-eabi/6.3.1/../../../../arm-none-eabi/lib/thumb/v7e-m/fpv5/hard/libm.a(lib_a-kf_cos.o)
 .ARM.attributes
                0x0000000000000924       0x32 /Applications/SystemWorkbench.app/Contents/Eclipse/plugins/fr.ac6.mcu.externaltools.arm-none.macos64_1.15.0.201708311556/tools/compiler/bin/../lib/gcc/arm-none-eabi/6.3.1/../../../../arm-none-eabi/lib/thumb/v7e-m/fpv5/hard/libm.a(lib_a-kf_rem_pio2.o)
 .ARM.attributes
                0x0000000000000956       0x32 /Applications/SystemWorkbench.app/Contents/Eclipse/plugins/fr.ac6.mcu.externaltools.arm-none.macos64_1.15.0.201708311556/tools/compiler/bin/../lib/gcc/arm-none-eabi/6.3.1/../../../../arm-none-eabi/lib/thumb/v7e-m/fpv5/hard/libm.a(lib_a-kf_sin.o)
 .ARM.attributes
                0x0000000000000988       0x32 /Applications/SystemWorkbench.app/Contents/Eclipse/plugins/fr.ac6.mcu.externaltools.arm-none.macos64_1.15.0.201708311556/tools/compiler/bin/../lib/gcc/arm-none-eabi/6.3.1/../../../../arm-none-eabi/lib/thumb/v7e-m/fpv5/hard/libm.a(lib_a-s_lib_ver.o)
 .ARM.attributes
                0x00000000000009ba       0x32 /Applications/SystemWorkbench.app/Contents/Eclipse/plugins/fr.ac6.mcu.externaltools.arm-none.macos64_1.15.0.201708311556/tools/compiler/bin/../lib/gcc/arm-none-eabi/6.3.1/../../../../arm-none-eabi/lib/thumb/v7e-m/fpv5/hard/libm.a(lib_a-s_matherr.o)
 .ARM.attributes
                0x00000000000009ec       0x32 /Applications/SystemWorkbench.app/Contents/Eclipse/plugins/fr.ac6.mcu.externaltools.arm-none.macos64_1.15.0.201708311556/tools/compiler/bin/../lib/gcc/arm-none-eabi/6.3.1/../../../../arm-none-eabi/lib/thumb/v7e-m/fpv5/hard/libm.a(lib_a-s_rint.o)
 .ARM.attributes
                0x0000000000000a1e       0x32 /Applications/SystemWorkbench.app/Contents/Eclipse/plugins/fr.ac6.mcu.externaltools.arm-none.macos64_1.15.0.201708311556/tools/compiler/bin/../lib/gcc/arm-none-eabi/6.3.1/../../../../arm-none-eabi/lib/thumb/v7e-m/fpv5/hard/libm.a(lib_a-sf_fabs.o)
 .ARM.attributes
                0x0000000000000a50       0x32 /Applications/SystemWorkbench.app/Contents/Eclipse/plugins/fr.ac6.mcu.externaltools.arm-none.macos64_1.15.0.201708311556/tools/compiler/bin/../lib/gcc/arm-none-eabi/6.3.1/../../../../arm-none-eabi/lib/thumb/v7e-m/fpv5/hard/libm.a(lib_a-sf_finite.o)
 .ARM.attributes
                0x0000000000000a82       0x32 /Applications/SystemWorkbench.app/Contents/Eclipse/plugins/fr.ac6.mcu.externaltools.arm-none.macos64_1.15.0.201708311556/tools/compiler/bin/../lib/gcc/arm-none-eabi/6.3.1/../../../../arm-none-eabi/lib/thumb/v7e-m/fpv5/hard/libm.a(lib_a-sf_floor.o)
 .ARM.attributes
                0x0000000000000ab4       0x32 /Applications/SystemWorkbench.app/Contents/Eclipse/plugins/fr.ac6.mcu.externaltools.arm-none.macos64_1.15.0.201708311556/tools/compiler/bin/../lib/gcc/arm-none-eabi/6.3.1/../../../../arm-none-eabi/lib/thumb/v7e-m/fpv5/hard/libm.a(lib_a-sf_nan.o)
 .ARM.attributes
                0x0000000000000ae6       0x32 /Applications/SystemWorkbench.app/Contents/Eclipse/plugins/fr.ac6.mcu.externaltools.arm-none.macos64_1.15.0.201708311556/tools/compiler/bin/../lib/gcc/arm-none-eabi/6.3.1/../../../../arm-none-eabi/lib/thumb/v7e-m/fpv5/hard/libm.a(lib_a-sf_scalbn.o)
 .ARM.attributes
                0x0000000000000b18       0x32 /Applications/SystemWorkbench.app/Contents/Eclipse/plugins/fr.ac6.mcu.externaltools.arm-none.macos64_1.15.0.201708311556/tools/compiler/bin/../lib/gcc/arm-none-eabi/6.3.1/../../../../arm-none-eabi/lib/thumb/v7e-m/fpv5/hard/libm.a(lib_a-sf_copysign.o)
 .ARM.attributes
                0x0000000000000b4a       0x32 /Applications/SystemWorkbench.app/Contents/Eclipse/plugins/fr.ac6.mcu.externaltools.arm-none.macos64_1.15.0.201708311556/tools/compiler/bin/../lib/gcc/arm-none-eabi/6.3.1/../../../../arm-none-eabi/lib/thumb/v7e-m/fpv5/hard/libc_nano.a(lib_a-errno.o)
 .ARM.attributes
                0x0000000000000b7c       0x32 /Applications/SystemWorkbench.app/Contents/Eclipse/plugins/fr.ac6.mcu.externaltools.arm-none.macos64_1.15.0.201708311556/tools/compiler/bin/../lib/gcc/arm-none-eabi/6.3.1/../../../../arm-none-eabi/lib/thumb/v7e-m/fpv5/hard/libc_nano.a(lib_a-impure.o)
 .ARM.attributes
                0x0000000000000bae       0x32 /Applications/SystemWorkbench.app/Contents/Eclipse/plugins/fr.ac6.mcu.externaltools.arm-none.macos64_1.15.0.201708311556/tools/compiler/bin/../lib/gcc/arm-none-eabi/6.3.1/../../../../arm-none-eabi/lib/thumb/v7e-m/fpv5/hard/libc_nano.a(lib_a-init.o)
 .ARM.attributes
                0x0000000000000be0       0x32 /Applications/SystemWorkbench.app/Contents/Eclipse/plugins/fr.ac6.mcu.externaltools.arm-none.macos64_1.15.0.201708311556/tools/compiler/bin/../lib/gcc/arm-none-eabi/6.3.1/../../../../arm-none-eabi/lib/thumb/v7e-m/fpv5/hard/libc_nano.a(lib_a-malloc.o)
 .ARM.attributes
                0x0000000000000c12       0x32 /Applications/SystemWorkbench.app/Contents/Eclipse/plugins/fr.ac6.mcu.externaltools.arm-none.macos64_1.15.0.201708311556/tools/compiler/bin/../lib/gcc/arm-none-eabi/6.3.1/../../../../arm-none-eabi/lib/thumb/v7e-m/fpv5/hard/libc_nano.a(lib_a-nano-freer.o)
 .ARM.attributes
                0x0000000000000c44       0x32 /Applications/SystemWorkbench.app/Contents/Eclipse/plugins/fr.ac6.mcu.externaltools.arm-none.macos64_1.15.0.201708311556/tools/compiler/bin/../lib/gcc/arm-none-eabi/6.3.1/../../../../arm-none-eabi/lib/thumb/v7e-m/fpv5/hard/libc_nano.a(lib_a-nano-mallocr.o)
 .ARM.attributes
                0x0000000000000c76       0x32 /Applications/SystemWorkbench.app/Contents/Eclipse/plugins/fr.ac6.mcu.externaltools.arm-none.macos64_1.15.0.201708311556/tools/compiler/bin/../lib/gcc/arm-none-eabi/6.3.1/../../../../arm-none-eabi/lib/thumb/v7e-m/fpv5/hard/libc_nano.a(lib_a-sbrkr.o)
 .ARM.attributes
                0x0000000000000ca8       0x32 /Applications/SystemWorkbench.app/Contents/Eclipse/plugins/fr.ac6.mcu.externaltools.arm-none.macos64_1.15.0.201708311556/tools/compiler/bin/../lib/gcc/arm-none-eabi/6.3.1/../../../../arm-none-eabi/lib/thumb/v7e-m/fpv5/hard/libc_nano.a(lib_a-mlock.o)
 .ARM.attributes
                0x0000000000000cda       0x32 /Applications/SystemWorkbench.app/Contents/Eclipse/plugins/fr.ac6.mcu.externaltools.arm-none.macos64_1.15.0.201708311556/tools/compiler/bin/../lib/gcc/arm-none-eabi/6.3.1/../../../../arm-none-eabi/lib/thumb/v7e-m/fpv5/hard/libc_nano.a(lib_a-reent.o)
 .ARM.attributes
                0x0000000000000d0c       0x32 /Applications/SystemWorkbench.app/Contents/Eclipse/plugins/fr.ac6.mcu.externaltools.arm-none.macos64_1.15.0.201708311556/tools/compiler/bin/../lib/gcc/arm-none-eabi/6.3.1/../../../../arm-none-eabi/lib/thumb/v7e-m/fpv5/hard/libnosys.a(sbrk.o)
 .ARM.attributes
                0x0000000000000d3e       0x20 /Applications/SystemWorkbench.app/Contents/Eclipse/plugins/fr.ac6.mcu.externaltools.arm-none.macos64_1.15.0.201708311556/tools/compiler/bin/../lib/gcc/arm-none-eabi/6.3.1/thumb/v7e-m/fpv5/hard/crtn.o
OUTPUT(genera_test.elf elf32-littlearm)

.debug_info     0x0000000000000000    0x377ce
 .debug_info    0x0000000000000000     0x11cd Drivers/STM32F7xx_HAL_Driver/Src/stm32f7xx_hal.o
 .debug_info    0x00000000000011cd     0x15d7 Drivers/STM32F7xx_HAL_Driver/Src/stm32f7xx_hal_adc.o
 .debug_info    0x00000000000027a4     0x19ac Drivers/STM32F7xx_HAL_Driver/Src/stm32f7xx_hal_cortex.o
 .debug_info    0x0000000000004150     0x127e Drivers/STM32F7xx_HAL_Driver/Src/stm32f7xx_hal_dma.o
 .debug_info    0x00000000000053ce      0xfcb Drivers/STM32F7xx_HAL_Driver/Src/stm32f7xx_hal_gpio.o
 .debug_info    0x0000000000006399     0x19fa Drivers/STM32F7xx_HAL_Driver/Src/stm32f7xx_hal_hcd.o
 .debug_info    0x0000000000007d93     0x39f4 Drivers/STM32F7xx_HAL_Driver/Src/stm32f7xx_hal_i2c.o
 .debug_info    0x000000000000b787     0x11d2 Drivers/STM32F7xx_HAL_Driver/Src/stm32f7xx_hal_i2c_ex.o
 .debug_info    0x000000000000c959     0x1250 Drivers/STM32F7xx_HAL_Driver/Src/stm32f7xx_hal_pwr_ex.o
 .debug_info    0x000000000000dba9     0x1f36 Drivers/STM32F7xx_HAL_Driver/Src/stm32f7xx_hal_qspi.o
 .debug_info    0x000000000000fadf     0x1577 Drivers/STM32F7xx_HAL_Driver/Src/stm32f7xx_hal_rcc.o
 .debug_info    0x0000000000011056     0x176d Drivers/STM32F7xx_HAL_Driver/Src/stm32f7xx_hal_rcc_ex.o
 .debug_info    0x00000000000127c3      0xd5b Drivers/STM32F7xx_HAL_Driver/Src/stm32f7xx_hal_rng.o
 .debug_info    0x000000000001351e     0x1df7 Drivers/STM32F7xx_HAL_Driver/Src/stm32f7xx_hal_sai.o
 .debug_info    0x0000000000015315     0x261b Drivers/STM32F7xx_HAL_Driver/Src/stm32f7xx_hal_spi.o
 .debug_info    0x0000000000017930     0x1f68 Drivers/STM32F7xx_HAL_Driver/Src/stm32f7xx_ll_usb.o
 .debug_info    0x0000000000019898     0x1aad Middlewares/ST/STM32_USB_Host_Library/Core/Src/usbh_core.o
 .debug_info    0x000000000001b345     0x19ef Middlewares/ST/STM32_USB_Host_Library/Core/Src/usbh_ctlreq.o
 .debug_info    0x000000000001cd34     0x1651 Middlewares/ST/STM32_USB_Host_Library/Core/Src/usbh_ioreq.o
 .debug_info    0x000000000001e385     0x12fa Middlewares/ST/STM32_USB_Host_Library/Core/Src/usbh_pipes.o
 .debug_info    0x000000000001f67f     0x20d1 Src/MIDI_application.o
 .debug_info    0x0000000000021750     0x1427 Src/OOPS.o
 .debug_info    0x0000000000022b77     0x170c Src/OOPSInstrument.o
 .debug_info    0x0000000000024283      0xd92 Src/OOPSMath.o
 .debug_info    0x0000000000025015     0x150b Src/OOPSOscillator.o
 .debug_info    0x0000000000026520      0x93e Src/OOPSWavetables.o
 .debug_info    0x0000000000026e5e     0x2a0d Src/audiostream.o
 .debug_info    0x000000000002986b     0x1062 Src/codec.o
 .debug_info    0x000000000002a8cd     0x36d1 Src/main.o
 .debug_info    0x000000000002df9e     0x25e4 Src/stm32f7xx_hal_msp.o
 .debug_info    0x0000000000030582     0x122e Src/stm32f7xx_it.o
 .debug_info    0x00000000000317b0      0xf19 Src/system_stm32f7xx.o
 .debug_info    0x00000000000326c9     0x1304 Src/usb_host.o
 .debug_info    0x00000000000339cd     0x18a6 Src/usbh_MIDI.o
 .debug_info    0x0000000000035273     0x24da Src/usbh_conf.o
 .debug_info    0x000000000003774d       0x81 startup/startup_stm32f765xx.o

.debug_abbrev   0x0000000000000000     0x676d
 .debug_abbrev  0x0000000000000000      0x2c7 Drivers/STM32F7xx_HAL_Driver/Src/stm32f7xx_hal.o
 .debug_abbrev  0x00000000000002c7      0x320 Drivers/STM32F7xx_HAL_Driver/Src/stm32f7xx_hal_adc.o
 .debug_abbrev  0x00000000000005e7      0x3d4 Drivers/STM32F7xx_HAL_Driver/Src/stm32f7xx_hal_cortex.o
 .debug_abbrev  0x00000000000009bb      0x328 Drivers/STM32F7xx_HAL_Driver/Src/stm32f7xx_hal_dma.o
 .debug_abbrev  0x0000000000000ce3      0x2a5 Drivers/STM32F7xx_HAL_Driver/Src/stm32f7xx_hal_gpio.o
 .debug_abbrev  0x0000000000000f88      0x30b Drivers/STM32F7xx_HAL_Driver/Src/stm32f7xx_hal_hcd.o
 .debug_abbrev  0x0000000000001293      0x2ee Drivers/STM32F7xx_HAL_Driver/Src/stm32f7xx_hal_i2c.o
 .debug_abbrev  0x0000000000001581      0x246 Drivers/STM32F7xx_HAL_Driver/Src/stm32f7xx_hal_i2c_ex.o
 .debug_abbrev  0x00000000000017c7      0x2d9 Drivers/STM32F7xx_HAL_Driver/Src/stm32f7xx_hal_pwr_ex.o