15:34:32 **** Incremental Build of configuration Debug for project genera_test ****
make all 
Building file: ../Src/audiostream.c
Invoking: MCU GCC Compiler
/Users/airship/Documents/genera/genera_test/Debug
arm-none-eabi-gcc -mcpu=cortex-m7 -mthumb -mfloat-abi=hard -mfpu=fpv5-d16 '-D__weak=__attribute__((weak))' '-D__packed="__attribute__((__packed__))"' -DUSE_HAL_DRIVER -DSTM32F765xx -I"/Users/airship/Documents/genera/genera_test/Inc" -I"/Users/airship/Documents/genera/genera_test/Drivers/STM32F7xx_HAL_Driver/Inc" -I"/Users/airship/Documents/genera/genera_test/Drivers/STM32F7xx_HAL_Driver/Inc/Legacy" -I"/Users/airship/Documents/genera/genera_test/Middlewares/ST/STM32_USB_Host_Library/Core/Inc" -I"/Users/airship/Documents/genera/genera_test/Middlewares/ST/STM32_USB_Host_Library/Class/AUDIO/Inc" -I"/Users/airship/Documents/genera/genera_test/Drivers/CMSIS/Device/ST/STM32F7xx/Include" -I"/Users/airship/Documents/genera/genera_test/Drivers/CMSIS/Include"  -O3 -g3 -Wall -fmessage-length=0 -ffunction-sections -c -fmessage-length=0 -MMD -MP -MF"Src/audiostream.d" -MT"Src/audiostream.o" -o "Src/audiostream.o" "../Src/audiostream.c"
In file included from ../Src/audiostream.c:9:0:
/Users/airship/Documents/genera/genera_test/Inc/usbh_MIDI.h:95:0: warning: ignoring #pragma anon_unions  [-Wunknown-pragmas]
 #pragma anon_unions
 
../Src/audiostream.c: In function 'audioTickR':
../Src/audiostream.c:159:1: warning: control reaches end of non-void function [-Wreturn-type]
 }
 ^
At top level:
../Src/audiostream.c:74:12: warning: 'onsetFlag' defined but not used [-Wunused-variable]
 static int onsetFlag = 0;
            ^~~~~~~~~
../Src/audiostream.c:73:12: warning: 'gateIn' defined but not used [-Wunused-variable]
 static int gateIn = 0;
            ^~~~~~
../Src/audiostream.c:71:12: warning: 'frameCount' defined but not used [-Wunused-variable]
 static int frameCount = 0;
            ^~~~~~~~~~
Finished building: ../Src/audiostream.c
 
Building target: genera_test.elf
Invoking: MCU GCC Linker
arm-none-eabi-gcc -mcpu=cortex-m7 -mthumb -mfloat-abi=hard -mfpu=fpv5-d16 -specs=nosys.specs -specs=nano.specs -T"../STM32F765VITx_FLASH.ld" -Wl,-Map=output.map -Wl,--gc-sections -o "genera_test.elf" @"objects.list"   -lm
Finished building target: genera_test.elf
 
/Library/Developer/CommandLineTools/usr/bin/make --no-print-directory post-build
Generating binary and Printing size information:
arm-none-eabi-objcopy -O binary "genera_test.elf" "genera_test.bin"
arm-none-eabi-size "genera_test.elf"
   text	   data	    bss	    dec	    hex	filename
  23636	    124	  41384	  65144	   fe78	genera_test.elf
 

15:34:33 Build Finished (took 1s.543ms)

