16:06:28 **** Incremental Build of configuration Debug for project genera_basic_old ****
make all 
Building file: ../Src/audiostream.c
Invoking: MCU GCC Compiler
/Users/airship/Documents/genera_workspace/genera_basic_old/Debug
arm-none-eabi-gcc -mcpu=cortex-m7 -mthumb -mfloat-abi=hard -mfpu=fpv5-d16 '-D__weak=__attribute__((weak))' '-D__packed="__attribute__((__packed__))"' -DUSE_HAL_DRIVER -DSTM32F765xx -I"/Users/airship/Documents/genera_workspace/genera_basic_old/Inc" -I"/Users/airship/Documents/genera_workspace/genera_basic_old/Drivers/STM32F7xx_HAL_Driver/Inc" -I"/Users/airship/Documents/genera_workspace/genera_basic_old/Drivers/STM32F7xx_HAL_Driver/Inc/Legacy" -I"/Users/airship/Documents/genera_workspace/genera_basic_old/Drivers/CMSIS/Device/ST/STM32F7xx/Include" -I"/Users/airship/Documents/genera_workspace/genera_basic_old/Drivers/CMSIS/Include"  -Og -g3 -Wall -fmessage-length=0 -ffunction-sections -c -fmessage-length=0 -MMD -MP -MF"Src/audiostream.d" -MT"Src/audiostream.o" -o "Src/audiostream.o" "../Src/audiostream.c"
../Src/audiostream.c:76:12: warning: 'onsetFlag' defined but not used [-Wunused-variable]
 static int onsetFlag = 0;
            ^~~~~~~~~
../Src/audiostream.c:75:12: warning: 'gateIn' defined but not used [-Wunused-variable]
 static int gateIn = 0;
            ^~~~~~
../Src/audiostream.c:73:12: warning: 'frameCount' defined but not used [-Wunused-variable]
 static int frameCount = 0;
            ^~~~~~~~~~
Finished building: ../Src/audiostream.c
 
Building target: genera_basic_old.elf
Invoking: MCU GCC Linker
arm-none-eabi-gcc -mcpu=cortex-m7 -mthumb -mfloat-abi=hard -mfpu=fpv5-d16 -specs=nosys.specs -specs=nano.specs -T"../STM32F765VITx_FLASH.ld" -Wl,-Map=output.map -Wl,--gc-sections -o "genera_basic_old.elf" @"objects.list"   -lm
Finished building target: genera_basic_old.elf
 
/Library/Developer/CommandLineTools/usr/bin/make --no-print-directory post-build
Generating binary and Printing size information:
arm-none-eabi-objcopy -O binary "genera_basic_old.elf" "genera_basic_old.bin"
arm-none-eabi-size "genera_basic_old.elf"
   text	   data	    bss	    dec	    hex	filename
  25648	    124	  40088	  65860	  10144	genera_basic_old.elf
 

16:06:29 Build Finished (took 1s.15ms)

