17:40:10 **** Incremental Build of configuration Debug for project genera_other ****
make all 
Building file: ../Src/audiostream.c
Invoking: MCU GCC Compiler
/Users/airship/Documents/genera/genera_other/Debug
arm-none-eabi-gcc -mcpu=cortex-m7 -mthumb -mfloat-abi=hard -mfpu=fpv5-d16 '-D__weak=__attribute__((weak))' '-D__packed="__attribute__((__packed__))"' -DUSE_HAL_DRIVER -DSTM32F765xx -I"/Users/airship/Documents/genera/genera_other/Inc" -I"/Users/airship/Documents/genera/genera_other/Drivers/STM32F7xx_HAL_Driver/Inc" -I"/Users/airship/Documents/genera/genera_other/Drivers/STM32F7xx_HAL_Driver/Inc/Legacy" -I"/Users/airship/Documents/genera/genera_other/Middlewares/ST/STM32_USB_Host_Library/Core/Inc" -I"/Users/airship/Documents/genera/genera_other/Middlewares/ST/STM32_USB_Host_Library/Class/AUDIO/Inc" -I"/Users/airship/Documents/genera/genera_other/Drivers/CMSIS/Device/ST/STM32F7xx/Include" -I"/Users/airship/Documents/genera/genera_other/Drivers/CMSIS/Include"  -O3 -g3 -Wall -fmessage-length=0 -ffunction-sections -c -fmessage-length=0 -MMD -MP -MF"Src/audiostream.d" -MT"Src/audiostream.o" -o "Src/audiostream.o" "../Src/audiostream.c"
In file included from ../Src/audiostream.c:9:0:
/Users/airship/Documents/genera/genera_other/Inc/usbh_MIDI.h:95:0: warning: ignoring #pragma anon_unions  [-Wunknown-pragmas]
 #pragma anon_unions
 
../Src/audiostream.c: In function 'audioTickR':
../Src/audiostream.c:189:1: warning: control reaches end of non-void function [-Wreturn-type]
 }
 ^
At top level:
../Src/audiostream.c:90:12: warning: 'onsetFlag' defined but not used [-Wunused-variable]
 static int onsetFlag = 0;
            ^~~~~~~~~
../Src/audiostream.c:89:12: warning: 'gateIn' defined but not used [-Wunused-variable]
 static int gateIn = 0;
            ^~~~~~
../Src/audiostream.c:87:12: warning: 'frameCount' defined but not used [-Wunused-variable]
 static int frameCount = 0;
            ^~~~~~~~~~
Finished building: ../Src/audiostream.c
 
Building target: genera_other.elf
Invoking: MCU GCC Linker
arm-none-eabi-gcc -mcpu=cortex-m7 -mthumb -mfloat-abi=hard -mfpu=fpv5-d16 -specs=nosys.specs -specs=nano.specs -T"../STM32F765VITx_FLASH.ld" -Wl,-Map=output.map -Wl,--gc-sections -o "genera_other.elf" @"objects.list"   -lm
/Applications/SystemWorkbench.app/Contents/Eclipse/plugins/fr.ac6.mcu.externaltools.arm-none.macos64_1.15.0.201708311556/tools/compiler/bin/../lib/gcc/arm-none-eabi/6.3.1/../../../../arm-none-eabi/bin/ld: Warning: size of symbol `test' changed from 4 in Src/audiostream.o to 2 in Src/main.o
Finished building target: genera_other.elf
 
/Library/Developer/CommandLineTools/usr/bin/make --no-print-directory post-build
Generating binary and Printing size information:
arm-none-eabi-objcopy -O binary "genera_other.elf" "genera_other.bin"
arm-none-eabi-size "genera_other.elf"
   text	   data	    bss	    dec	    hex	filename
 916432	    160	  43656	 960248	  ea6f8	genera_other.elf
 

17:40:12 Build Finished (took 1s.699ms)

17:40:12 **** Incremental Build of configuration Debug for project genera_other ****
make all 
make: Nothing to be done for `all'.
17:40:38 **** Incremental Build of configuration Debug for project genera_other ****
make all 
make: Nothing to be done for `all'.
