20:25:14 **** Incremental Build of configuration Debug for project genera_midi ****
make all 
Building file: ../Src/MIDI_application.c
Invoking: MCU GCC Compiler
/Users/airship/Documents/genera_workspace/genera_midi/Debug
arm-none-eabi-gcc -mcpu=cortex-m7 -mthumb -mfloat-abi=hard -mfpu=fpv5-d16 '-D__weak=__attribute__((weak))' '-D__packed="__attribute__((__packed__))"' -DUSE_HAL_DRIVER -DSTM32F765xx -I"/Users/airship/Documents/genera_workspace/genera_midi/Inc" -I"/Users/airship/Documents/genera_workspace/genera_midi/Drivers/STM32F7xx_HAL_Driver/Inc" -I"/Users/airship/Documents/genera_workspace/genera_midi/Drivers/STM32F7xx_HAL_Driver/Inc/Legacy" -I"/Users/airship/Documents/genera_workspace/genera_midi/Middlewares/ST/STM32_USB_Host_Library/Core/Inc" -I"/Users/airship/Documents/genera_workspace/genera_midi/Middlewares/ST/STM32_USB_Host_Library/Class/AUDIO/Inc" -I"/Users/airship/Documents/genera_workspace/genera_midi/Drivers/CMSIS/Device/ST/STM32F7xx/Include" -I"/Users/airship/Documents/genera_workspace/genera_midi/Drivers/CMSIS/Include"  -Og -g3 -Wall -fmessage-length=0 -ffunction-sections -c -fmessage-length=0 -MMD -MP -MF"Src/MIDI_application.d" -MT"Src/MIDI_application.o" -o "Src/MIDI_application.o" "../Src/MIDI_application.c"
In file included from /Users/airship/Documents/genera_workspace/genera_midi/Inc/MIDI_application.h:18:0,
                 from ../Src/MIDI_application.c:15:
/Users/airship/Documents/genera_workspace/genera_midi/Inc/usbh_MIDI.h:95:0: warning: ignoring #pragma anon_unions  [-Wunknown-pragmas]
 #pragma anon_unions
 
Finished building: ../Src/MIDI_application.c
 
Building target: genera_midi.elf
Invoking: MCU GCC Linker
arm-none-eabi-gcc -mcpu=cortex-m7 -mthumb -mfloat-abi=hard -mfpu=fpv5-d16 -specs=nosys.specs -specs=nano.specs -T"../STM32F765VITx_FLASH.ld" -Wl,-Map=output.map -Wl,--gc-sections -o "genera_midi.elf" @"objects.list"   -lm
Finished building target: genera_midi.elf
 
/Library/Developer/CommandLineTools/usr/bin/make --no-print-directory post-build
Generating binary and Printing size information:
arm-none-eabi-objcopy -O binary "genera_midi.elf" "genera_midi.bin"
arm-none-eabi-size "genera_midi.elf"
   text	   data	    bss	    dec	    hex	filename
 916916	    160	  50408	 967484	  ec33c	genera_midi.elf
 
20:25:23 **** Incremental Build of configuration Debug for project genera_midi ****
make all 
make: Nothing to be done for `all'.
20:28:24 **** Incremental Build of configuration Debug for project genera ****
make all 
make: Nothing to be done for `all'.
20:28:24 **** Incremental Build of configuration Debug for project genera_midi ****
make all 
Building file: ../Src/MIDI_application.c
Invoking: MCU GCC Compiler
/Users/airship/Documents/genera_workspace/genera_midi/Debug
arm-none-eabi-gcc -mcpu=cortex-m7 -mthumb -mfloat-abi=hard -mfpu=fpv5-d16 '-D__weak=__attribute__((weak))' '-D__packed="__attribute__((__packed__))"' -DUSE_HAL_DRIVER -DSTM32F765xx -I"/Users/airship/Documents/genera_workspace/genera_midi/Inc" -I"/Users/airship/Documents/genera_workspace/genera_midi/Drivers/STM32F7xx_HAL_Driver/Inc" -I"/Users/airship/Documents/genera_workspace/genera_midi/Drivers/STM32F7xx_HAL_Driver/Inc/Legacy" -I"/Users/airship/Documents/genera_workspace/genera_midi/Middlewares/ST/STM32_USB_Host_Library/Core/Inc" -I"/Users/airship/Documents/genera_workspace/genera_midi/Middlewares/ST/STM32_USB_Host_Library/Class/AUDIO/Inc" -I"/Users/airship/Documents/genera_workspace/genera_midi/Drivers/CMSIS/Device/ST/STM32F7xx/Include" -I"/Users/airship/Documents/genera_workspace/genera_midi/Drivers/CMSIS/Include"  -Og -g3 -Wall -fmessage-length=0 -ffunction-sections -c -fmessage-length=0 -MMD -MP -MF"Src/MIDI_application.d" -MT"Src/MIDI_application.o" -o "Src/MIDI_application.o" "../Src/MIDI_application.c"
In file included from /Users/airship/Documents/genera_workspace/genera_midi/Inc/MIDI_application.h:18:0,
                 from ../Src/MIDI_application.c:15:
/Users/airship/Documents/genera_workspace/genera_midi/Inc/usbh_MIDI.h:95:0: warning: ignoring #pragma anon_unions  [-Wunknown-pragmas]
 #pragma anon_unions
 
Finished building: ../Src/MIDI_application.c
 
Building file: ../Src/audiostream.c
Invoking: MCU GCC Compiler
/Users/airship/Documents/genera_workspace/genera_midi/Debug
arm-none-eabi-gcc -mcpu=cortex-m7 -mthumb -mfloat-abi=hard -mfpu=fpv5-d16 '-D__weak=__attribute__((weak))' '-D__packed="__attribute__((__packed__))"' -DUSE_HAL_DRIVER -DSTM32F765xx -I"/Users/airship/Documents/genera_workspace/genera_midi/Inc" -I"/Users/airship/Documents/genera_workspace/genera_midi/Drivers/STM32F7xx_HAL_Driver/Inc" -I"/Users/airship/Documents/genera_workspace/genera_midi/Drivers/STM32F7xx_HAL_Driver/Inc/Legacy" -I"/Users/airship/Documents/genera_workspace/genera_midi/Middlewares/ST/STM32_USB_Host_Library/Core/Inc" -I"/Users/airship/Documents/genera_workspace/genera_midi/Middlewares/ST/STM32_USB_Host_Library/Class/AUDIO/Inc" -I"/Users/airship/Documents/genera_workspace/genera_midi/Drivers/CMSIS/Device/ST/STM32F7xx/Include" -I"/Users/airship/Documents/genera_workspace/genera_midi/Drivers/CMSIS/Include"  -Og -g3 -Wall -fmessage-length=0 -ffunction-sections -c -fmessage-length=0 -MMD -MP -MF"Src/audiostream.d" -MT"Src/audiostream.o" -o "Src/audiostream.o" "../Src/audiostream.c"
In file included from ../Src/audiostream.c:9:0:
/Users/airship/Documents/genera_workspace/genera_midi/Inc/usbh_MIDI.h:95:0: warning: ignoring #pragma anon_unions  [-Wunknown-pragmas]
 #pragma anon_unions
 
../Src/audiostream.c:71:12: warning: 'onsetFlag' defined but not used [-Wunused-variable]
 static int onsetFlag = 0;
            ^~~~~~~~~
../Src/audiostream.c:70:12: warning: 'gateIn' defined but not used [-Wunused-variable]
 static int gateIn = 0;
            ^~~~~~
../Src/audiostream.c:68:12: warning: 'frameCount' defined but not used [-Wunused-variable]
 static int frameCount = 0;
            ^~~~~~~~~~
Finished building: ../Src/audiostream.c
 
Building file: ../Src/main.c
Invoking: MCU GCC Compiler
/Users/airship/Documents/genera_workspace/genera_midi/Debug
arm-none-eabi-gcc -mcpu=cortex-m7 -mthumb -mfloat-abi=hard -mfpu=fpv5-d16 '-D__weak=__attribute__((weak))' '-D__packed="__attribute__((__packed__))"' -DUSE_HAL_DRIVER -DSTM32F765xx -I"/Users/airship/Documents/genera_workspace/genera_midi/Inc" -I"/Users/airship/Documents/genera_workspace/genera_midi/Drivers/STM32F7xx_HAL_Driver/Inc" -I"/Users/airship/Documents/genera_workspace/genera_midi/Drivers/STM32F7xx_HAL_Driver/Inc/Legacy" -I"/Users/airship/Documents/genera_workspace/genera_midi/Middlewares/ST/STM32_USB_Host_Library/Core/Inc" -I"/Users/airship/Documents/genera_workspace/genera_midi/Middlewares/ST/STM32_USB_Host_Library/Class/AUDIO/Inc" -I"/Users/airship/Documents/genera_workspace/genera_midi/Drivers/CMSIS/Device/ST/STM32F7xx/Include" -I"/Users/airship/Documents/genera_workspace/genera_midi/Drivers/CMSIS/Include"  -Og -g3 -Wall -fmessage-length=0 -ffunction-sections -c -fmessage-length=0 -MMD -MP -MF"Src/main.d" -MT"Src/main.o" -o "Src/main.o" "../Src/main.c"
Finished building: ../Src/main.c
 
Building target: genera_midi.elf
Invoking: MCU GCC Linker
arm-none-eabi-gcc -mcpu=cortex-m7 -mthumb -mfloat-abi=hard -mfpu=fpv5-d16 -specs=nosys.specs -specs=nano.specs -T"../STM32F765VITx_FLASH.ld" -Wl,-Map=output.map -Wl,--gc-sections -o "genera_midi.elf" @"objects.list"   -lm
Src/MIDI_application.o: In function `ProcessReceivedMidiDatas':
/Users/airship/Documents/genera_workspace/genera_midi/Debug/../Src/MIDI_application.c:167: undefined reference to `poly'
/Users/airship/Documents/genera_workspace/genera_midi/Debug/../Src/MIDI_application.c:167: undefined reference to `osc'
collect2: error: ld returned 1 exit status
make: *** [genera_midi.elf] Error 1
20:32:48 **** Incremental Build of configuration Debug for project genera ****
make all 
make: Nothing to be done for `all'.
20:32:49 **** Incremental Build of configuration Debug for project genera_midi ****
make all 
Building file: ../Src/audiostream.c
Invoking: MCU GCC Compiler
/Users/airship/Documents/genera_workspace/genera_midi/Debug
arm-none-eabi-gcc -mcpu=cortex-m7 -mthumb -mfloat-abi=hard -mfpu=fpv5-d16 '-D__weak=__attribute__((weak))' '-D__packed="__attribute__((__packed__))"' -DUSE_HAL_DRIVER -DSTM32F765xx -I"/Users/airship/Documents/genera_workspace/genera_midi/Inc" -I"/Users/airship/Documents/genera_workspace/genera_midi/Drivers/STM32F7xx_HAL_Driver/Inc" -I"/Users/airship/Documents/genera_workspace/genera_midi/Drivers/STM32F7xx_HAL_Driver/Inc/Legacy" -I"/Users/airship/Documents/genera_workspace/genera_midi/Middlewares/ST/STM32_USB_Host_Library/Core/Inc" -I"/Users/airship/Documents/genera_workspace/genera_midi/Middlewares/ST/STM32_USB_Host_Library/Class/AUDIO/Inc" -I"/Users/airship/Documents/genera_workspace/genera_midi/Drivers/CMSIS/Device/ST/STM32F7xx/Include" -I"/Users/airship/Documents/genera_workspace/genera_midi/Drivers/CMSIS/Include"  -Og -g3 -Wall -fmessage-length=0 -ffunction-sections -c -fmessage-length=0 -MMD -MP -MF"Src/audiostream.d" -MT"Src/audiostream.o" -o "Src/audiostream.o" "../Src/audiostream.c"
In file included from ../Src/audiostream.c:9:0:
/Users/airship/Documents/genera_workspace/genera_midi/Inc/usbh_MIDI.h:95:0: warning: ignoring #pragma anon_unions  [-Wunknown-pragmas]
 #pragma anon_unions
 
../Src/audiostream.c:83:12: warning: 'onsetFlag' defined but not used [-Wunused-variable]
 static int onsetFlag = 0;
            ^~~~~~~~~
../Src/audiostream.c:82:12: warning: 'gateIn' defined but not used [-Wunused-variable]
 static int gateIn = 0;
            ^~~~~~
../Src/audiostream.c:80:12: warning: 'frameCount' defined but not used [-Wunused-variable]
 static int frameCount = 0;
            ^~~~~~~~~~
Finished building: ../Src/audiostream.c
 
Building target: genera_midi.elf
Invoking: MCU GCC Linker
arm-none-eabi-gcc -mcpu=cortex-m7 -mthumb -mfloat-abi=hard -mfpu=fpv5-d16 -specs=nosys.specs -specs=nano.specs -T"../STM32F765VITx_FLASH.ld" -Wl,-Map=output.map -Wl,--gc-sections -o "genera_midi.elf" @"objects.list"   -lm
Finished building target: genera_midi.elf
 
/Library/Developer/CommandLineTools/usr/bin/make --no-print-directory post-build
Generating binary and Printing size information:
arm-none-eabi-objcopy -O binary "genera_midi.elf" "genera_midi.bin"
arm-none-eabi-size "genera_midi.elf"
   text	   data	    bss	    dec	    hex	filename
 919044	    160	  50440	 969644	  ecbac	genera_midi.elf
 
20:33:01 **** Incremental Build of configuration Debug for project genera_midi ****
make all 
make: Nothing to be done for `all'.
20:33:59 **** Incremental Build of configuration Debug for project genera_midi ****
make all 
Building file: ../Src/audiostream.c
Invoking: MCU GCC Compiler
/Users/airship/Documents/genera_workspace/genera_midi/Debug
arm-none-eabi-gcc -mcpu=cortex-m7 -mthumb -mfloat-abi=hard -mfpu=fpv5-d16 '-D__weak=__attribute__((weak))' '-D__packed="__attribute__((__packed__))"' -DUSE_HAL_DRIVER -DSTM32F765xx -I"/Users/airship/Documents/genera_workspace/genera_midi/Inc" -I"/Users/airship/Documents/genera_workspace/genera_midi/Drivers/STM32F7xx_HAL_Driver/Inc" -I"/Users/airship/Documents/genera_workspace/genera_midi/Drivers/STM32F7xx_HAL_Driver/Inc/Legacy" -I"/Users/airship/Documents/genera_workspace/genera_midi/Middlewares/ST/STM32_USB_Host_Library/Core/Inc" -I"/Users/airship/Documents/genera_workspace/genera_midi/Middlewares/ST/STM32_USB_Host_Library/Class/AUDIO/Inc" -I"/Users/airship/Documents/genera_workspace/genera_midi/Drivers/CMSIS/Device/ST/STM32F7xx/Include" -I"/Users/airship/Documents/genera_workspace/genera_midi/Drivers/CMSIS/Include"  -Og -g3 -Wall -fmessage-length=0 -ffunction-sections -c -fmessage-length=0 -MMD -MP -MF"Src/audiostream.d" -MT"Src/audiostream.o" -o "Src/audiostream.o" "../Src/audiostream.c"
In file included from ../Src/audiostream.c:9:0:
/Users/airship/Documents/genera_workspace/genera_midi/Inc/usbh_MIDI.h:95:0: warning: ignoring #pragma anon_unions  [-Wunknown-pragmas]
 #pragma anon_unions
 
../Src/audiostream.c:83:12: warning: 'onsetFlag' defined but not used [-Wunused-variable]
 static int onsetFlag = 0;
            ^~~~~~~~~
../Src/audiostream.c:82:12: warning: 'gateIn' defined but not used [-Wunused-variable]
 static int gateIn = 0;
            ^~~~~~
../Src/audiostream.c:80:12: warning: 'frameCount' defined but not used [-Wunused-variable]
 static int frameCount = 0;
            ^~~~~~~~~~
Finished building: ../Src/audiostream.c
 
Building target: genera_midi.elf
Invoking: MCU GCC Linker
arm-none-eabi-gcc -mcpu=cortex-m7 -mthumb -mfloat-abi=hard -mfpu=fpv5-d16 -specs=nosys.specs -specs=nano.specs -T"../STM32F765VITx_FLASH.ld" -Wl,-Map=output.map -Wl,--gc-sections -o "genera_midi.elf" @"objects.list"   -lm
Finished building target: genera_midi.elf
 
/Library/Developer/CommandLineTools/usr/bin/make --no-print-directory post-build
Generating binary and Printing size information:
arm-none-eabi-objcopy -O binary "genera_midi.elf" "genera_midi.bin"
arm-none-eabi-size "genera_midi.elf"
   text	   data	    bss	    dec	    hex	filename
 918972	    164	  50440	 969576	  ecb68	genera_midi.elf
 
20:35:36 **** Incremental Build of configuration Debug for project genera ****
make all 
make: Nothing to be done for `all'.
20:35:36 **** Incremental Build of configuration Debug for project genera_midi ****
make all 
Building file: ../Src/MIDI_application.c
Invoking: MCU GCC Compiler
/Users/airship/Documents/genera_workspace/genera_midi/Debug
arm-none-eabi-gcc -mcpu=cortex-m7 -mthumb -mfloat-abi=hard -mfpu=fpv5-d16 '-D__weak=__attribute__((weak))' '-D__packed="__attribute__((__packed__))"' -DUSE_HAL_DRIVER -DSTM32F765xx -I"/Users/airship/Documents/genera_workspace/genera_midi/Inc" -I"/Users/airship/Documents/genera_workspace/genera_midi/Drivers/STM32F7xx_HAL_Driver/Inc" -I"/Users/airship/Documents/genera_workspace/genera_midi/Drivers/STM32F7xx_HAL_Driver/Inc/Legacy" -I"/Users/airship/Documents/genera_workspace/genera_midi/Middlewares/ST/STM32_USB_Host_Library/Core/Inc" -I"/Users/airship/Documents/genera_workspace/genera_midi/Middlewares/ST/STM32_USB_Host_Library/Class/AUDIO/Inc" -I"/Users/airship/Documents/genera_workspace/genera_midi/Drivers/CMSIS/Device/ST/STM32F7xx/Include" -I"/Users/airship/Documents/genera_workspace/genera_midi/Drivers/CMSIS/Include"  -Og -g3 -Wall -fmessage-length=0 -ffunction-sections -c -fmessage-length=0 -MMD -MP -MF"Src/MIDI_application.d" -MT"Src/MIDI_application.o" -o "Src/MIDI_application.o" "../Src/MIDI_application.c"
In file included from /Users/airship/Documents/genera_workspace/genera_midi/Inc/MIDI_application.h:18:0,
                 from ../Src/MIDI_application.c:15:
/Users/airship/Documents/genera_workspace/genera_midi/Inc/usbh_MIDI.h:95:0: warning: ignoring #pragma anon_unions  [-Wunknown-pragmas]
 #pragma anon_unions
 
../Src/MIDI_application.c: In function 'ProcessReceivedMidiDatas':
../Src/MIDI_application.c:103:26: warning: passing argument 1 of 'tSawtoothSetFreq' from incompatible pointer type [-Wincompatible-pointer-types]
         tSawtoothSetFreq(osc[i], OOPS_midiToFrequency(poly->voices[i][0]));
                          ^~~
In file included from /Users/airship/Documents/genera_workspace/genera_midi/Inc/OOPS.h:34:0,
                 from /Users/airship/Documents/genera_workspace/genera_midi/Inc/OOPSTest.h:11,
                 from /Users/airship/Documents/genera_workspace/genera_midi/Inc/audiostream.h:34,
                 from ../Src/MIDI_application.c:14:
/Users/airship/Documents/genera_workspace/genera_midi/Inc/OOPSOscillator.h:52:13: note: expected 'tSawtooth * const {aka struct _tSawtooth * const}' but argument is of type 'tCycle * {aka struct _tCycle *}'
 int         tSawtoothSetFreq   (tSawtooth*  const, float freq);
             ^~~~~~~~~~~~~~~~
Finished building: ../Src/MIDI_application.c
 
Building file: ../Src/audiostream.c
Invoking: MCU GCC Compiler
/Users/airship/Documents/genera_workspace/genera_midi/Debug
arm-none-eabi-gcc -mcpu=cortex-m7 -mthumb -mfloat-abi=hard -mfpu=fpv5-d16 '-D__weak=__attribute__((weak))' '-D__packed="__attribute__((__packed__))"' -DUSE_HAL_DRIVER -DSTM32F765xx -I"/Users/airship/Documents/genera_workspace/genera_midi/Inc" -I"/Users/airship/Documents/genera_workspace/genera_midi/Drivers/STM32F7xx_HAL_Driver/Inc" -I"/Users/airship/Documents/genera_workspace/genera_midi/Drivers/STM32F7xx_HAL_Driver/Inc/Legacy" -I"/Users/airship/Documents/genera_workspace/genera_midi/Middlewares/ST/STM32_USB_Host_Library/Core/Inc" -I"/Users/airship/Documents/genera_workspace/genera_midi/Middlewares/ST/STM32_USB_Host_Library/Class/AUDIO/Inc" -I"/Users/airship/Documents/genera_workspace/genera_midi/Drivers/CMSIS/Device/ST/STM32F7xx/Include" -I"/Users/airship/Documents/genera_workspace/genera_midi/Drivers/CMSIS/Include"  -Og -g3 -Wall -fmessage-length=0 -ffunction-sections -c -fmessage-length=0 -MMD -MP -MF"Src/audiostream.d" -MT"Src/audiostream.o" -o "Src/audiostream.o" "../Src/audiostream.c"
In file included from ../Src/audiostream.c:9:0:
/Users/airship/Documents/genera_workspace/genera_midi/Inc/usbh_MIDI.h:95:0: warning: ignoring #pragma anon_unions  [-Wunknown-pragmas]
 #pragma anon_unions
 
../Src/audiostream.c:16:12: error: conflicting types for 'osc'
 tSawtooth* osc[NUM_VOICES];
            ^~~
In file included from /Users/airship/Documents/genera_workspace/genera_midi/Inc/audiostream.h:34:0,
                 from ../Src/audiostream.c:2:
/Users/airship/Documents/genera_workspace/genera_midi/Inc/OOPSTest.h:15:16: note: previous declaration of 'osc' was here
 extern tCycle* osc[NUM_VOICES];
                ^~~
../Src/audiostream.c: In function 'audioInit':
../Src/audiostream.c:71:10: warning: assignment from incompatible pointer type [-Wincompatible-pointer-types]
   osc[i] = tCycleInit();
          ^
../Src/audiostream.c: In function 'audioTickR':
../Src/audiostream.c:164:25: warning: passing argument 1 of 'tCycleTick' from incompatible pointer type [-Wincompatible-pointer-types]
    sample += tCycleTick(osc[i]) * poly->voices[i][1] * INV_TWO_TO_7 * gainPerVoice;
                         ^~~
In file included from /Users/airship/Documents/genera_workspace/genera_midi/Inc/OOPS.h:34:0,
                 from /Users/airship/Documents/genera_workspace/genera_midi/Inc/OOPSTest.h:11,
                 from /Users/airship/Documents/genera_workspace/genera_midi/Inc/audiostream.h:34,
                 from ../Src/audiostream.c:2:
/Users/airship/Documents/genera_workspace/genera_midi/Inc/OOPSOscillator.h:33:13: note: expected 'tCycle * const {aka struct _tCycle * const}' but argument is of type 'tSawtooth * {aka struct _tSawtooth *}'
 float       tCycleTick         (tCycle*  const);
             ^~~~~~~~~~
At top level:
../Src/audiostream.c:83:12: warning: 'onsetFlag' defined but not used [-Wunused-variable]
 static int onsetFlag = 0;
            ^~~~~~~~~
../Src/audiostream.c:82:12: warning: 'gateIn' defined but not used [-Wunused-variable]
 static int gateIn = 0;
            ^~~~~~
../Src/audiostream.c:80:12: warning: 'frameCount' defined but not used [-Wunused-variable]
 static int frameCount = 0;
            ^~~~~~~~~~
make: *** [Src/audiostream.o] Error 1
20:35:42 **** Incremental Build of configuration Debug for project genera ****
make all 
make: Nothing to be done for `all'.
20:35:43 **** Incremental Build of configuration Debug for project genera_midi ****
make all 
Building file: ../Src/audiostream.c
Invoking: MCU GCC Compiler
/Users/airship/Documents/genera_workspace/genera_midi/Debug
arm-none-eabi-gcc -mcpu=cortex-m7 -mthumb -mfloat-abi=hard -mfpu=fpv5-d16 '-D__weak=__attribute__((weak))' '-D__packed="__attribute__((__packed__))"' -DUSE_HAL_DRIVER -DSTM32F765xx -I"/Users/airship/Documents/genera_workspace/genera_midi/Inc" -I"/Users/airship/Documents/genera_workspace/genera_midi/Drivers/STM32F7xx_HAL_Driver/Inc" -I"/Users/airship/Documents/genera_workspace/genera_midi/Drivers/STM32F7xx_HAL_Driver/Inc/Legacy" -I"/Users/airship/Documents/genera_workspace/genera_midi/Middlewares/ST/STM32_USB_Host_Library/Core/Inc" -I"/Users/airship/Documents/genera_workspace/genera_midi/Middlewares/ST/STM32_USB_Host_Library/Class/AUDIO/Inc" -I"/Users/airship/Documents/genera_workspace/genera_midi/Drivers/CMSIS/Device/ST/STM32F7xx/Include" -I"/Users/airship/Documents/genera_workspace/genera_midi/Drivers/CMSIS/Include"  -Og -g3 -Wall -fmessage-length=0 -ffunction-sections -c -fmessage-length=0 -MMD -MP -MF"Src/audiostream.d" -MT"Src/audiostream.o" -o "Src/audiostream.o" "../Src/audiostream.c"
In file included from ../Src/audiostream.c:9:0:
/Users/airship/Documents/genera_workspace/genera_midi/Inc/usbh_MIDI.h:95:0: warning: ignoring #pragma anon_unions  [-Wunknown-pragmas]
 #pragma anon_unions
 
../Src/audiostream.c:83:12: warning: 'onsetFlag' defined but not used [-Wunused-variable]
 static int onsetFlag = 0;
            ^~~~~~~~~
../Src/audiostream.c:82:12: warning: 'gateIn' defined but not used [-Wunused-variable]
 static int gateIn = 0;
            ^~~~~~
../Src/audiostream.c:80:12: warning: 'frameCount' defined but not used [-Wunused-variable]
 static int frameCount = 0;
            ^~~~~~~~~~
Finished building: ../Src/audiostream.c
 
Building file: ../Src/main.c
Invoking: MCU GCC Compiler
/Users/airship/Documents/genera_workspace/genera_midi/Debug
arm-none-eabi-gcc -mcpu=cortex-m7 -mthumb -mfloat-abi=hard -mfpu=fpv5-d16 '-D__weak=__attribute__((weak))' '-D__packed="__attribute__((__packed__))"' -DUSE_HAL_DRIVER -DSTM32F765xx -I"/Users/airship/Documents/genera_workspace/genera_midi/Inc" -I"/Users/airship/Documents/genera_workspace/genera_midi/Drivers/STM32F7xx_HAL_Driver/Inc" -I"/Users/airship/Documents/genera_workspace/genera_midi/Drivers/STM32F7xx_HAL_Driver/Inc/Legacy" -I"/Users/airship/Documents/genera_workspace/genera_midi/Middlewares/ST/STM32_USB_Host_Library/Core/Inc" -I"/Users/airship/Documents/genera_workspace/genera_midi/Middlewares/ST/STM32_USB_Host_Library/Class/AUDIO/Inc" -I"/Users/airship/Documents/genera_workspace/genera_midi/Drivers/CMSIS/Device/ST/STM32F7xx/Include" -I"/Users/airship/Documents/genera_workspace/genera_midi/Drivers/CMSIS/Include"  -Og -g3 -Wall -fmessage-length=0 -ffunction-sections -c -fmessage-length=0 -MMD -MP -MF"Src/main.d" -MT"Src/main.o" -o "Src/main.o" "../Src/main.c"
Finished building: ../Src/main.c
 
Building target: genera_midi.elf
Invoking: MCU GCC Linker
arm-none-eabi-gcc -mcpu=cortex-m7 -mthumb -mfloat-abi=hard -mfpu=fpv5-d16 -specs=nosys.specs -specs=nano.specs -T"../STM32F765VITx_FLASH.ld" -Wl,-Map=output.map -Wl,--gc-sections -o "genera_midi.elf" @"objects.list"   -lm
Finished building target: genera_midi.elf
 
/Library/Developer/CommandLineTools/usr/bin/make --no-print-directory post-build
Generating binary and Printing size information:
arm-none-eabi-objcopy -O binary "genera_midi.elf" "genera_midi.bin"
arm-none-eabi-size "genera_midi.elf"
   text	   data	    bss	    dec	    hex	filename
 918068	    164	  50440	 968672	  ec7e0	genera_midi.elf
 
20:35:49 **** Incremental Build of configuration Debug for project genera_midi ****
make all 
make: Nothing to be done for `all'.
20:36:48 **** Incremental Build of configuration Debug for project genera_midi ****
make all 
Building file: ../Src/MIDI_application.c
Invoking: MCU GCC Compiler
/Users/airship/Documents/genera_workspace/genera_midi/Debug
arm-none-eabi-gcc -mcpu=cortex-m7 -mthumb -mfloat-abi=hard -mfpu=fpv5-d16 '-D__weak=__attribute__((weak))' '-D__packed="__attribute__((__packed__))"' -DUSE_HAL_DRIVER -DSTM32F765xx -I"/Users/airship/Documents/genera_workspace/genera_midi/Inc" -I"/Users/airship/Documents/genera_workspace/genera_midi/Drivers/STM32F7xx_HAL_Driver/Inc" -I"/Users/airship/Documents/genera_workspace/genera_midi/Drivers/STM32F7xx_HAL_Driver/Inc/Legacy" -I"/Users/airship/Documents/genera_workspace/genera_midi/Middlewares/ST/STM32_USB_Host_Library/Core/Inc" -I"/Users/airship/Documents/genera_workspace/genera_midi/Middlewares/ST/STM32_USB_Host_Library/Class/AUDIO/Inc" -I"/Users/airship/Documents/genera_workspace/genera_midi/Drivers/CMSIS/Device/ST/STM32F7xx/Include" -I"/Users/airship/Documents/genera_workspace/genera_midi/Drivers/CMSIS/Include"  -Og -g3 -Wall -fmessage-length=0 -ffunction-sections -c -fmessage-length=0 -MMD -MP -MF"Src/MIDI_application.d" -MT"Src/MIDI_application.o" -o "Src/MIDI_application.o" "../Src/MIDI_application.c"
In file included from /Users/airship/Documents/genera_workspace/genera_midi/Inc/MIDI_application.h:18:0,
                 from ../Src/MIDI_application.c:15:
/Users/airship/Documents/genera_workspace/genera_midi/Inc/usbh_MIDI.h:95:0: warning: ignoring #pragma anon_unions  [-Wunknown-pragmas]
 #pragma anon_unions
 
../Src/MIDI_application.c: In function 'ProcessReceivedMidiDatas':
../Src/MIDI_application.c:103:26: warning: passing argument 1 of 'tSawtoothSetFreq' from incompatible pointer type [-Wincompatible-pointer-types]
         tSawtoothSetFreq(osc[i], OOPS_midiToFrequency(poly->voices[i][0]));
                          ^~~
In file included from /Users/airship/Documents/genera_workspace/genera_midi/Inc/OOPS.h:34:0,
                 from /Users/airship/Documents/genera_workspace/genera_midi/Inc/OOPSTest.h:11,
                 from /Users/airship/Documents/genera_workspace/genera_midi/Inc/audiostream.h:34,
                 from ../Src/MIDI_application.c:14:
/Users/airship/Documents/genera_workspace/genera_midi/Inc/OOPSOscillator.h:52:13: note: expected 'tSawtooth * const {aka struct _tSawtooth * const}' but argument is of type 'tCycle * {aka struct _tCycle *}'
 int         tSawtoothSetFreq   (tSawtooth*  const, float freq);
             ^~~~~~~~~~~~~~~~
Finished building: ../Src/MIDI_application.c
 
Building file: ../Src/OOPS.c
Invoking: MCU GCC Compiler
/Users/airship/Documents/genera_workspace/genera_midi/Debug
arm-none-eabi-gcc -mcpu=cortex-m7 -mthumb -mfloat-abi=hard -mfpu=fpv5-d16 '-D__weak=__attribute__((weak))' '-D__packed="__attribute__((__packed__))"' -DUSE_HAL_DRIVER -DSTM32F765xx -I"/Users/airship/Documents/genera_workspace/genera_midi/Inc" -I"/Users/airship/Documents/genera_workspace/genera_midi/Drivers/STM32F7xx_HAL_Driver/Inc" -I"/Users/airship/Documents/genera_workspace/genera_midi/Drivers/STM32F7xx_HAL_Driver/Inc/Legacy" -I"/Users/airship/Documents/genera_workspace/genera_midi/Middlewares/ST/STM32_USB_Host_Library/Core/Inc" -I"/Users/airship/Documents/genera_workspace/genera_midi/Middlewares/ST/STM32_USB_Host_Library/Class/AUDIO/Inc" -I"/Users/airship/Documents/genera_workspace/genera_midi/Drivers/CMSIS/Device/ST/STM32F7xx/Include" -I"/Users/airship/Documents/genera_workspace/genera_midi/Drivers/CMSIS/Include"  -Og -g3 -Wall -fmessage-length=0 -ffunction-sections -c -fmessage-length=0 -MMD -MP -MF"Src/OOPS.d" -MT"Src/OOPS.o" -o "Src/OOPS.o" "../Src/OOPS.c"
Finished building: ../Src/OOPS.c
 
Building file: ../Src/OOPSDelay.c
Invoking: MCU GCC Compiler
/Users/airship/Documents/genera_workspace/genera_midi/Debug
arm-none-eabi-gcc -mcpu=cortex-m7 -mthumb -mfloat-abi=hard -mfpu=fpv5-d16 '-D__weak=__attribute__((weak))' '-D__packed="__attribute__((__packed__))"' -DUSE_HAL_DRIVER -DSTM32F765xx -I"/Users/airship/Documents/genera_workspace/genera_midi/Inc" -I"/Users/airship/Documents/genera_workspace/genera_midi/Drivers/STM32F7xx_HAL_Driver/Inc" -I"/Users/airship/Documents/genera_workspace/genera_midi/Drivers/STM32F7xx_HAL_Driver/Inc/Legacy" -I"/Users/airship/Documents/genera_workspace/genera_midi/Middlewares/ST/STM32_USB_Host_Library/Core/Inc" -I"/Users/airship/Documents/genera_workspace/genera_midi/Middlewares/ST/STM32_USB_Host_Library/Class/AUDIO/Inc" -I"/Users/airship/Documents/genera_workspace/genera_midi/Drivers/CMSIS/Device/ST/STM32F7xx/Include" -I"/Users/airship/Documents/genera_workspace/genera_midi/Drivers/CMSIS/Include"  -Og -g3 -Wall -fmessage-length=0 -ffunction-sections -c -fmessage-length=0 -MMD -MP -MF"Src/OOPSDelay.d" -MT"Src/OOPSDelay.o" -o "Src/OOPSDelay.o" "../Src/OOPSDelay.c"
Finished building: ../Src/OOPSDelay.c
 
Building file: ../Src/OOPSFilter.c
Invoking: MCU GCC Compiler
/Users/airship/Documents/genera_workspace/genera_midi/Debug
arm-none-eabi-gcc -mcpu=cortex-m7 -mthumb -mfloat-abi=hard -mfpu=fpv5-d16 '-D__weak=__attribute__((weak))' '-D__packed="__attribute__((__packed__))"' -DUSE_HAL_DRIVER -DSTM32F765xx -I"/Users/airship/Documents/genera_workspace/genera_midi/Inc" -I"/Users/airship/Documents/genera_workspace/genera_midi/Drivers/STM32F7xx_HAL_Driver/Inc" -I"/Users/airship/Documents/genera_workspace/genera_midi/Drivers/STM32F7xx_HAL_Driver/Inc/Legacy" -I"/Users/airship/Documents/genera_workspace/genera_midi/Middlewares/ST/STM32_USB_Host_Library/Core/Inc" -I"/Users/airship/Documents/genera_workspace/genera_midi/Middlewares/ST/STM32_USB_Host_Library/Class/AUDIO/Inc" -I"/Users/airship/Documents/genera_workspace/genera_midi/Drivers/CMSIS/Device/ST/STM32F7xx/Include" -I"/Users/airship/Documents/genera_workspace/genera_midi/Drivers/CMSIS/Include"  -Og -g3 -Wall -fmessage-length=0 -ffunction-sections -c -fmessage-length=0 -MMD -MP -MF"Src/OOPSFilter.d" -MT"Src/OOPSFilter.o" -o "Src/OOPSFilter.o" "../Src/OOPSFilter.c"
Finished building: ../Src/OOPSFilter.c
 
Building file: ../Src/OOPSInstrument.c
Invoking: MCU GCC Compiler
/Users/airship/Documents/genera_workspace/genera_midi/Debug
arm-none-eabi-gcc -mcpu=cortex-m7 -mthumb -mfloat-abi=hard -mfpu=fpv5-d16 '-D__weak=__attribute__((weak))' '-D__packed="__attribute__((__packed__))"' -DUSE_HAL_DRIVER -DSTM32F765xx -I"/Users/airship/Documents/genera_workspace/genera_midi/Inc" -I"/Users/airship/Documents/genera_workspace/genera_midi/Drivers/STM32F7xx_HAL_Driver/Inc" -I"/Users/airship/Documents/genera_workspace/genera_midi/Drivers/STM32F7xx_HAL_Driver/Inc/Legacy" -I"/Users/airship/Documents/genera_workspace/genera_midi/Middlewares/ST/STM32_USB_Host_Library/Core/Inc" -I"/Users/airship/Documents/genera_workspace/genera_midi/Middlewares/ST/STM32_USB_Host_Library/Class/AUDIO/Inc" -I"/Users/airship/Documents/genera_workspace/genera_midi/Drivers/CMSIS/Device/ST/STM32F7xx/Include" -I"/Users/airship/Documents/genera_workspace/genera_midi/Drivers/CMSIS/Include"  -Og -g3 -Wall -fmessage-length=0 -ffunction-sections -c -fmessage-length=0 -MMD -MP -MF"Src/OOPSInstrument.d" -MT"Src/OOPSInstrument.o" -o "Src/OOPSInstrument.o" "../Src/OOPSInstrument.c"
../Src/OOPSInstrument.c: In function 'tTalkboxTick':
../Src/OOPSInstrument.c:162:35: warning: variable 'dr' set but not used [-Wunused-but-set-variable]
     float e=v->emphasis, w, o, x, dr, fx=v->FX;
                                   ^~
Finished building: ../Src/OOPSInstrument.c
 
Building file: ../Src/OOPSMath.c
Invoking: MCU GCC Compiler
/Users/airship/Documents/genera_workspace/genera_midi/Debug
arm-none-eabi-gcc -mcpu=cortex-m7 -mthumb -mfloat-abi=hard -mfpu=fpv5-d16 '-D__weak=__attribute__((weak))' '-D__packed="__attribute__((__packed__))"' -DUSE_HAL_DRIVER -DSTM32F765xx -I"/Users/airship/Documents/genera_workspace/genera_midi/Inc" -I"/Users/airship/Documents/genera_workspace/genera_midi/Drivers/STM32F7xx_HAL_Driver/Inc" -I"/Users/airship/Documents/genera_workspace/genera_midi/Drivers/STM32F7xx_HAL_Driver/Inc/Legacy" -I"/Users/airship/Documents/genera_workspace/genera_midi/Middlewares/ST/STM32_USB_Host_Library/Core/Inc" -I"/Users/airship/Documents/genera_workspace/genera_midi/Middlewares/ST/STM32_USB_Host_Library/Class/AUDIO/Inc" -I"/Users/airship/Documents/genera_workspace/genera_midi/Drivers/CMSIS/Device/ST/STM32F7xx/Include" -I"/Users/airship/Documents/genera_workspace/genera_midi/Drivers/CMSIS/Include"  -Og -g3 -Wall -fmessage-length=0 -ffunction-sections -c -fmessage-length=0 -MMD -MP -MF"Src/OOPSMath.d" -MT"Src/OOPSMath.o" -o "Src/OOPSMath.o" "../Src/OOPSMath.c"
Finished building: ../Src/OOPSMath.c
 
Building file: ../Src/OOPSOscillator.c
Invoking: MCU GCC Compiler
/Users/airship/Documents/genera_workspace/genera_midi/Debug
arm-none-eabi-gcc -mcpu=cortex-m7 -mthumb -mfloat-abi=hard -mfpu=fpv5-d16 '-D__weak=__attribute__((weak))' '-D__packed="__attribute__((__packed__))"' -DUSE_HAL_DRIVER -DSTM32F765xx -I"/Users/airship/Documents/genera_workspace/genera_midi/Inc" -I"/Users/airship/Documents/genera_workspace/genera_midi/Drivers/STM32F7xx_HAL_Driver/Inc" -I"/Users/airship/Documents/genera_workspace/genera_midi/Drivers/STM32F7xx_HAL_Driver/Inc/Legacy" -I"/Users/airship/Documents/genera_workspace/genera_midi/Middlewares/ST/STM32_USB_Host_Library/Core/Inc" -I"/Users/airship/Documents/genera_workspace/genera_midi/Middlewares/ST/STM32_USB_Host_Library/Class/AUDIO/Inc" -I"/Users/airship/Documents/genera_workspace/genera_midi/Drivers/CMSIS/Device/ST/STM32F7xx/Include" -I"/Users/airship/Documents/genera_workspace/genera_midi/Drivers/CMSIS/Include"  -Og -g3 -Wall -fmessage-length=0 -ffunction-sections -c -fmessage-length=0 -MMD -MP -MF"Src/OOPSOscillator.d" -MT"Src/OOPSOscillator.o" -o "Src/OOPSOscillator.o" "../Src/OOPSOscillator.c"
Finished building: ../Src/OOPSOscillator.c
 
Building file: ../Src/OOPSReverb.c
Invoking: MCU GCC Compiler
/Users/airship/Documents/genera_workspace/genera_midi/Debug
arm-none-eabi-gcc -mcpu=cortex-m7 -mthumb -mfloat-abi=hard -mfpu=fpv5-d16 '-D__weak=__attribute__((weak))' '-D__packed="__attribute__((__packed__))"' -DUSE_HAL_DRIVER -DSTM32F765xx -I"/Users/airship/Documents/genera_workspace/genera_midi/Inc" -I"/Users/airship/Documents/genera_workspace/genera_midi/Drivers/STM32F7xx_HAL_Driver/Inc" -I"/Users/airship/Documents/genera_workspace/genera_midi/Drivers/STM32F7xx_HAL_Driver/Inc/Legacy" -I"/Users/airship/Documents/genera_workspace/genera_midi/Middlewares/ST/STM32_USB_Host_Library/Core/Inc" -I"/Users/airship/Documents/genera_workspace/genera_midi/Middlewares/ST/STM32_USB_Host_Library/Class/AUDIO/Inc" -I"/Users/airship/Documents/genera_workspace/genera_midi/Drivers/CMSIS/Device/ST/STM32F7xx/Include" -I"/Users/airship/Documents/genera_workspace/genera_midi/Drivers/CMSIS/Include"  -Og -g3 -Wall -fmessage-length=0 -ffunction-sections -c -fmessage-length=0 -MMD -MP -MF"Src/OOPSReverb.d" -MT"Src/OOPSReverb.o" -o "Src/OOPSReverb.o" "../Src/OOPSReverb.c"
Finished building: ../Src/OOPSReverb.c
 
Building file: ../Src/OOPSUtilities.c
Invoking: MCU GCC Compiler
/Users/airship/Documents/genera_workspace/genera_midi/Debug
arm-none-eabi-gcc -mcpu=cortex-m7 -mthumb -mfloat-abi=hard -mfpu=fpv5-d16 '-D__weak=__attribute__((weak))' '-D__packed="__attribute__((__packed__))"' -DUSE_HAL_DRIVER -DSTM32F765xx -I"/Users/airship/Documents/genera_workspace/genera_midi/Inc" -I"/Users/airship/Documents/genera_workspace/genera_midi/Drivers/STM32F7xx_HAL_Driver/Inc" -I"/Users/airship/Documents/genera_workspace/genera_midi/Drivers/STM32F7xx_HAL_Driver/Inc/Legacy" -I"/Users/airship/Documents/genera_workspace/genera_midi/Middlewares/ST/STM32_USB_Host_Library/Core/Inc" -I"/Users/airship/Documents/genera_workspace/genera_midi/Middlewares/ST/STM32_USB_Host_Library/Class/AUDIO/Inc" -I"/Users/airship/Documents/genera_workspace/genera_midi/Drivers/CMSIS/Device/ST/STM32F7xx/Include" -I"/Users/airship/Documents/genera_workspace/genera_midi/Drivers/CMSIS/Include"  -Og -g3 -Wall -fmessage-length=0 -ffunction-sections -c -fmessage-length=0 -MMD -MP -MF"Src/OOPSUtilities.d" -MT"Src/OOPSUtilities.o" -o "Src/OOPSUtilities.o" "../Src/OOPSUtilities.c"
Finished building: ../Src/OOPSUtilities.c
 
Building file: ../Src/OOPSWavetables.c
Invoking: MCU GCC Compiler
/Users/airship/Documents/genera_workspace/genera_midi/Debug
arm-none-eabi-gcc -mcpu=cortex-m7 -mthumb -mfloat-abi=hard -mfpu=fpv5-d16 '-D__weak=__attribute__((weak))' '-D__packed="__attribute__((__packed__))"' -DUSE_HAL_DRIVER -DSTM32F765xx -I"/Users/airship/Documents/genera_workspace/genera_midi/Inc" -I"/Users/airship/Documents/genera_workspace/genera_midi/Drivers/STM32F7xx_HAL_Driver/Inc" -I"/Users/airship/Documents/genera_workspace/genera_midi/Drivers/STM32F7xx_HAL_Driver/Inc/Legacy" -I"/Users/airship/Documents/genera_workspace/genera_midi/Middlewares/ST/STM32_USB_Host_Library/Core/Inc" -I"/Users/airship/Documents/genera_workspace/genera_midi/Middlewares/ST/STM32_USB_Host_Library/Class/AUDIO/Inc" -I"/Users/airship/Documents/genera_workspace/genera_midi/Drivers/CMSIS/Device/ST/STM32F7xx/Include" -I"/Users/airship/Documents/genera_workspace/genera_midi/Drivers/CMSIS/Include"  -Og -g3 -Wall -fmessage-length=0 -ffunction-sections -c -fmessage-length=0 -MMD -MP -MF"Src/OOPSWavetables.d" -MT"Src/OOPSWavetables.o" -o "Src/OOPSWavetables.o" "../Src/OOPSWavetables.c"
Finished building: ../Src/OOPSWavetables.c
 
Building file: ../Src/audiostream.c
Invoking: MCU GCC Compiler
/Users/airship/Documents/genera_workspace/genera_midi/Debug
arm-none-eabi-gcc -mcpu=cortex-m7 -mthumb -mfloat-abi=hard -mfpu=fpv5-d16 '-D__weak=__attribute__((weak))' '-D__packed="__attribute__((__packed__))"' -DUSE_HAL_DRIVER -DSTM32F765xx -I"/Users/airship/Documents/genera_workspace/genera_midi/Inc" -I"/Users/airship/Documents/genera_workspace/genera_midi/Drivers/STM32F7xx_HAL_Driver/Inc" -I"/Users/airship/Documents/genera_workspace/genera_midi/Drivers/STM32F7xx_HAL_Driver/Inc/Legacy" -I"/Users/airship/Documents/genera_workspace/genera_midi/Middlewares/ST/STM32_USB_Host_Library/Core/Inc" -I"/Users/airship/Documents/genera_workspace/genera_midi/Middlewares/ST/STM32_USB_Host_Library/Class/AUDIO/Inc" -I"/Users/airship/Documents/genera_workspace/genera_midi/Drivers/CMSIS/Device/ST/STM32F7xx/Include" -I"/Users/airship/Documents/genera_workspace/genera_midi/Drivers/CMSIS/Include"  -Og -g3 -Wall -fmessage-length=0 -ffunction-sections -c -fmessage-length=0 -MMD -MP -MF"Src/audiostream.d" -MT"Src/audiostream.o" -o "Src/audiostream.o" "../Src/audiostream.c"
In file included from ../Src/audiostream.c:9:0:
/Users/airship/Documents/genera_workspace/genera_midi/Inc/usbh_MIDI.h:95:0: warning: ignoring #pragma anon_unions  [-Wunknown-pragmas]
 #pragma anon_unions
 
../Src/audiostream.c:83:12: warning: 'onsetFlag' defined but not used [-Wunused-variable]
 static int onsetFlag = 0;
            ^~~~~~~~~
../Src/audiostream.c:82:12: warning: 'gateIn' defined but not used [-Wunused-variable]
 static int gateIn = 0;
            ^~~~~~
../Src/audiostream.c:80:12: warning: 'frameCount' defined but not used [-Wunused-variable]
 static int frameCount = 0;
            ^~~~~~~~~~
Finished building: ../Src/audiostream.c
 
Building file: ../Src/main.c
Invoking: MCU GCC Compiler
/Users/airship/Documents/genera_workspace/genera_midi/Debug
arm-none-eabi-gcc -mcpu=cortex-m7 -mthumb -mfloat-abi=hard -mfpu=fpv5-d16 '-D__weak=__attribute__((weak))' '-D__packed="__attribute__((__packed__))"' -DUSE_HAL_DRIVER -DSTM32F765xx -I"/Users/airship/Documents/genera_workspace/genera_midi/Inc" -I"/Users/airship/Documents/genera_workspace/genera_midi/Drivers/STM32F7xx_HAL_Driver/Inc" -I"/Users/airship/Documents/genera_workspace/genera_midi/Drivers/STM32F7xx_HAL_Driver/Inc/Legacy" -I"/Users/airship/Documents/genera_workspace/genera_midi/Middlewares/ST/STM32_USB_Host_Library/Core/Inc" -I"/Users/airship/Documents/genera_workspace/genera_midi/Middlewares/ST/STM32_USB_Host_Library/Class/AUDIO/Inc" -I"/Users/airship/Documents/genera_workspace/genera_midi/Drivers/CMSIS/Device/ST/STM32F7xx/Include" -I"/Users/airship/Documents/genera_workspace/genera_midi/Drivers/CMSIS/Include"  -Og -g3 -Wall -fmessage-length=0 -ffunction-sections -c -fmessage-length=0 -MMD -MP -MF"Src/main.d" -MT"Src/main.o" -o "Src/main.o" "../Src/main.c"
Finished building: ../Src/main.c
 
Building target: genera_midi.elf
Invoking: MCU GCC Linker
arm-none-eabi-gcc -mcpu=cortex-m7 -mthumb -mfloat-abi=hard -mfpu=fpv5-d16 -specs=nosys.specs -specs=nano.specs -T"../STM32F765VITx_FLASH.ld" -Wl,-Map=output.map -Wl,--gc-sections -o "genera_midi.elf" @"objects.list"   -lm
Finished building target: genera_midi.elf
 
/Library/Developer/CommandLineTools/usr/bin/make --no-print-directory post-build
Generating binary and Printing size information:
arm-none-eabi-objcopy -O binary "genera_midi.elf" "genera_midi.bin"
arm-none-eabi-size "genera_midi.elf"
   text	   data	    bss	    dec	    hex	filename
 918060	    164	  50360	 968584	  ec788	genera_midi.elf
 
20:38:25 **** Incremental Build of configuration Debug for project genera ****
make all 
make: Nothing to be done for `all'.
20:38:26 **** Incremental Build of configuration Debug for project genera_midi ****
make all 
Building file: ../Src/audiostream.c
Invoking: MCU GCC Compiler
/Users/airship/Documents/genera_workspace/genera_midi/Debug
arm-none-eabi-gcc -mcpu=cortex-m7 -mthumb -mfloat-abi=hard -mfpu=fpv5-d16 '-D__weak=__attribute__((weak))' '-D__packed="__attribute__((__packed__))"' -DUSE_HAL_DRIVER -DSTM32F765xx -I"/Users/airship/Documents/genera_workspace/genera_midi/Inc" -I"/Users/airship/Documents/genera_workspace/genera_midi/Drivers/STM32F7xx_HAL_Driver/Inc" -I"/Users/airship/Documents/genera_workspace/genera_midi/Drivers/STM32F7xx_HAL_Driver/Inc/Legacy" -I"/Users/airship/Documents/genera_workspace/genera_midi/Middlewares/ST/STM32_USB_Host_Library/Core/Inc" -I"/Users/airship/Documents/genera_workspace/genera_midi/Middlewares/ST/STM32_USB_Host_Library/Class/AUDIO/Inc" -I"/Users/airship/Documents/genera_workspace/genera_midi/Drivers/CMSIS/Device/ST/STM32F7xx/Include" -I"/Users/airship/Documents/genera_workspace/genera_midi/Drivers/CMSIS/Include"  -Og -g3 -Wall -fmessage-length=0 -ffunction-sections -c -fmessage-length=0 -MMD -MP -MF"Src/audiostream.d" -MT"Src/audiostream.o" -o "Src/audiostream.o" "../Src/audiostream.c"
In file included from ../Src/audiostream.c:9:0:
/Users/airship/Documents/genera_workspace/genera_midi/Inc/usbh_MIDI.h:95:0: warning: ignoring #pragma anon_unions  [-Wunknown-pragmas]
 #pragma anon_unions
 
../Src/audiostream.c:83:12: warning: 'onsetFlag' defined but not used [-Wunused-variable]
 static int onsetFlag = 0;
            ^~~~~~~~~
../Src/audiostream.c:82:12: warning: 'gateIn' defined but not used [-Wunused-variable]
 static int gateIn = 0;
            ^~~~~~
../Src/audiostream.c:80:12: warning: 'frameCount' defined but not used [-Wunused-variable]
 static int frameCount = 0;
            ^~~~~~~~~~
Finished building: ../Src/audiostream.c
 
Building target: genera_midi.elf
Invoking: MCU GCC Linker
arm-none-eabi-gcc -mcpu=cortex-m7 -mthumb -mfloat-abi=hard -mfpu=fpv5-d16 -specs=nosys.specs -specs=nano.specs -T"../STM32F765VITx_FLASH.ld" -Wl,-Map=output.map -Wl,--gc-sections -o "genera_midi.elf" @"objects.list"   -lm
Finished building target: genera_midi.elf
 
/Library/Developer/CommandLineTools/usr/bin/make --no-print-directory post-build
Generating binary and Printing size information:
arm-none-eabi-objcopy -O binary "genera_midi.elf" "genera_midi.bin"
arm-none-eabi-size "genera_midi.elf"
   text	   data	    bss	    dec	    hex	filename
 918060	    164	 107704	1025928	  fa788	genera_midi.elf
 
20:38:54 **** Incremental Build of configuration Debug for project genera_midi ****
make all 
make: Nothing to be done for `all'.
12:43:14 **** Incremental Build of configuration Debug for project genera_midi ****
make all 
Building file: ../Src/MIDI_application.c
Invoking: MCU GCC Compiler
/Users/airship/Documents/genera_workspace/genera_midi/Debug
arm-none-eabi-gcc -mcpu=cortex-m7 -mthumb -mfloat-abi=hard -mfpu=fpv5-d16 '-D__weak=__attribute__((weak))' '-D__packed="__attribute__((__packed__))"' -DUSE_HAL_DRIVER -DSTM32F765xx -I"/Users/airship/Documents/genera_workspace/genera_midi/Inc" -I"/Users/airship/Documents/genera_workspace/genera_midi/Drivers/STM32F7xx_HAL_Driver/Inc" -I"/Users/airship/Documents/genera_workspace/genera_midi/Drivers/STM32F7xx_HAL_Driver/Inc/Legacy" -I"/Users/airship/Documents/genera_workspace/genera_midi/Middlewares/ST/STM32_USB_Host_Library/Core/Inc" -I"/Users/airship/Documents/genera_workspace/genera_midi/Middlewares/ST/STM32_USB_Host_Library/Class/AUDIO/Inc" -I"/Users/airship/Documents/genera_workspace/genera_midi/Drivers/CMSIS/Device/ST/STM32F7xx/Include" -I"/Users/airship/Documents/genera_workspace/genera_midi/Drivers/CMSIS/Include"  -Og -g3 -Wall -fmessage-length=0 -ffunction-sections -c -fmessage-length=0 -MMD -MP -MF"Src/MIDI_application.d" -MT"Src/MIDI_application.o" -o "Src/MIDI_application.o" "../Src/MIDI_application.c"
In file included from /Users/airship/Documents/genera_workspace/genera_midi/Inc/MIDI_application.h:18:0,
                 from ../Src/MIDI_application.c:15:
/Users/airship/Documents/genera_workspace/genera_midi/Inc/usbh_MIDI.h:95:0: warning: ignoring #pragma anon_unions  [-Wunknown-pragmas]
 #pragma anon_unions
 
../Src/MIDI_application.c: In function 'ProcessReceivedMidiDatas':
../Src/MIDI_application.c:105:26: warning: passing argument 1 of 'tSawtoothSetFreq' from incompatible pointer type [-Wincompatible-pointer-types]
         tSawtoothSetFreq(osc[i], OOPS_midiToFrequency(poly->voices[i][0]));
                          ^~~
In file included from /Users/airship/Documents/genera_workspace/genera_midi/Inc/OOPS.h:34:0,
                 from /Users/airship/Documents/genera_workspace/genera_midi/Inc/OOPSTest.h:11,
                 from /Users/airship/Documents/genera_workspace/genera_midi/Inc/audiostream.h:34,
                 from ../Src/MIDI_application.c:14:
/Users/airship/Documents/genera_workspace/genera_midi/Inc/OOPSOscillator.h:52:13: note: expected 'tSawtooth * const {aka struct _tSawtooth * const}' but argument is of type 'tCycle * {aka struct _tCycle *}'
 int         tSawtoothSetFreq   (tSawtooth*  const, float freq);
             ^~~~~~~~~~~~~~~~
Finished building: ../Src/MIDI_application.c
 
Building file: ../Src/audiostream.c
Invoking: MCU GCC Compiler
/Users/airship/Documents/genera_workspace/genera_midi/Debug
arm-none-eabi-gcc -mcpu=cortex-m7 -mthumb -mfloat-abi=hard -mfpu=fpv5-d16 '-D__weak=__attribute__((weak))' '-D__packed="__attribute__((__packed__))"' -DUSE_HAL_DRIVER -DSTM32F765xx -I"/Users/airship/Documents/genera_workspace/genera_midi/Inc" -I"/Users/airship/Documents/genera_workspace/genera_midi/Drivers/STM32F7xx_HAL_Driver/Inc" -I"/Users/airship/Documents/genera_workspace/genera_midi/Drivers/STM32F7xx_HAL_Driver/Inc/Legacy" -I"/Users/airship/Documents/genera_workspace/genera_midi/Middlewares/ST/STM32_USB_Host_Library/Core/Inc" -I"/Users/airship/Documents/genera_workspace/genera_midi/Middlewares/ST/STM32_USB_Host_Library/Class/AUDIO/Inc" -I"/Users/airship/Documents/genera_workspace/genera_midi/Drivers/CMSIS/Device/ST/STM32F7xx/Include" -I"/Users/airship/Documents/genera_workspace/genera_midi/Drivers/CMSIS/Include"  -Og -g3 -Wall -fmessage-length=0 -ffunction-sections -c -fmessage-length=0 -MMD -MP -MF"Src/audiostream.d" -MT"Src/audiostream.o" -o "Src/audiostream.o" "../Src/audiostream.c"
In file included from ../Src/audiostream.c:9:0:
/Users/airship/Documents/genera_workspace/genera_midi/Inc/usbh_MIDI.h:95:0: warning: ignoring #pragma anon_unions  [-Wunknown-pragmas]
 #pragma anon_unions
 
../Src/audiostream.c:83:12: warning: 'onsetFlag' defined but not used [-Wunused-variable]
 static int onsetFlag = 0;
            ^~~~~~~~~
../Src/audiostream.c:82:12: warning: 'gateIn' defined but not used [-Wunused-variable]
 static int gateIn = 0;
            ^~~~~~
../Src/audiostream.c:80:12: warning: 'frameCount' defined but not used [-Wunused-variable]
 static int frameCount = 0;
            ^~~~~~~~~~
Finished building: ../Src/audiostream.c
 
Building file: ../Src/main.c
Invoking: MCU GCC Compiler
/Users/airship/Documents/genera_workspace/genera_midi/Debug
arm-none-eabi-gcc -mcpu=cortex-m7 -mthumb -mfloat-abi=hard -mfpu=fpv5-d16 '-D__weak=__attribute__((weak))' '-D__packed="__attribute__((__packed__))"' -DUSE_HAL_DRIVER -DSTM32F765xx -I"/Users/airship/Documents/genera_workspace/genera_midi/Inc" -I"/Users/airship/Documents/genera_workspace/genera_midi/Drivers/STM32F7xx_HAL_Driver/Inc" -I"/Users/airship/Documents/genera_workspace/genera_midi/Drivers/STM32F7xx_HAL_Driver/Inc/Legacy" -I"/Users/airship/Documents/genera_workspace/genera_midi/Middlewares/ST/STM32_USB_Host_Library/Core/Inc" -I"/Users/airship/Documents/genera_workspace/genera_midi/Middlewares/ST/STM32_USB_Host_Library/Class/AUDIO/Inc" -I"/Users/airship/Documents/genera_workspace/genera_midi/Drivers/CMSIS/Device/ST/STM32F7xx/Include" -I"/Users/airship/Documents/genera_workspace/genera_midi/Drivers/CMSIS/Include"  -Og -g3 -Wall -fmessage-length=0 -ffunction-sections -c -fmessage-length=0 -MMD -MP -MF"Src/main.d" -MT"Src/main.o" -o "Src/main.o" "../Src/main.c"
../Src/main.c: In function 'main':
../Src/main.c:141:6: warning: implicit declaration of function 'ProcessReceivedMidiDatas' [-Wimplicit-function-declaration]
      ProcessReceivedMidiDatas();
      ^~~~~~~~~~~~~~~~~~~~~~~~
Finished building: ../Src/main.c
 
Building target: genera_midi.elf
Invoking: MCU GCC Linker
arm-none-eabi-gcc -mcpu=cortex-m7 -mthumb -mfloat-abi=hard -mfpu=fpv5-d16 -specs=nosys.specs -specs=nano.specs -T"../STM32F765VITx_FLASH.ld" -Wl,-Map=output.map -Wl,--gc-sections -o "genera_midi.elf" @"objects.list"   -lm
Finished building target: genera_midi.elf
 
/Library/Developer/CommandLineTools/usr/bin/make --no-print-directory post-build
Generating binary and Printing size information:
arm-none-eabi-objcopy -O binary "genera_midi.elf" "genera_midi.bin"
arm-none-eabi-size "genera_midi.elf"
   text	   data	    bss	    dec	    hex	filename
 918084	    164	 107704	1025952	  fa7a0	genera_midi.elf
 
12:43:56 **** Incremental Build of configuration Debug for project genera_midi ****
make all 
Building file: ../Src/main.c
Invoking: MCU GCC Compiler
/Users/airship/Documents/genera_workspace/genera_midi/Debug
arm-none-eabi-gcc -mcpu=cortex-m7 -mthumb -mfloat-abi=hard -mfpu=fpv5-d16 '-D__weak=__attribute__((weak))' '-D__packed="__attribute__((__packed__))"' -DUSE_HAL_DRIVER -DSTM32F765xx -I"/Users/airship/Documents/genera_workspace/genera_midi/Inc" -I"/Users/airship/Documents/genera_workspace/genera_midi/Drivers/STM32F7xx_HAL_Driver/Inc" -I"/Users/airship/Documents/genera_workspace/genera_midi/Drivers/STM32F7xx_HAL_Driver/Inc/Legacy" -I"/Users/airship/Documents/genera_workspace/genera_midi/Middlewares/ST/STM32_USB_Host_Library/Core/Inc" -I"/Users/airship/Documents/genera_workspace/genera_midi/Middlewares/ST/STM32_USB_Host_Library/Class/AUDIO/Inc" -I"/Users/airship/Documents/genera_workspace/genera_midi/Drivers/CMSIS/Device/ST/STM32F7xx/Include" -I"/Users/airship/Documents/genera_workspace/genera_midi/Drivers/CMSIS/Include"  -Og -g3 -Wall -fmessage-length=0 -ffunction-sections -c -fmessage-length=0 -MMD -MP -MF"Src/main.d" -MT"Src/main.o" -o "Src/main.o" "../Src/main.c"
In file included from /Users/airship/Documents/genera_workspace/genera_midi/Inc/MIDI_application.h:18:0,
                 from ../Src/main.c:51:
/Users/airship/Documents/genera_workspace/genera_midi/Inc/usbh_MIDI.h:95:0: warning: ignoring #pragma anon_unions  [-Wunknown-pragmas]
 #pragma anon_unions
 
../Src/main.c: In function 'main':
../Src/main.c:142:6: warning: implicit declaration of function 'ProcessReceivedMidiDatas' [-Wimplicit-function-declaration]
      ProcessReceivedMidiDatas();
      ^~~~~~~~~~~~~~~~~~~~~~~~
Finished building: ../Src/main.c
 
Building target: genera_midi.elf
Invoking: MCU GCC Linker
arm-none-eabi-gcc -mcpu=cortex-m7 -mthumb -mfloat-abi=hard -mfpu=fpv5-d16 -specs=nosys.specs -specs=nano.specs -T"../STM32F765VITx_FLASH.ld" -Wl,-Map=output.map -Wl,--gc-sections -o "genera_midi.elf" @"objects.list"   -lm
Finished building target: genera_midi.elf
 
/Library/Developer/CommandLineTools/usr/bin/make --no-print-directory post-build
Generating binary and Printing size information:
arm-none-eabi-objcopy -O binary "genera_midi.elf" "genera_midi.bin"
arm-none-eabi-size "genera_midi.elf"
   text	   data	    bss	    dec	    hex	filename
 918084	    164	 107704	1025952	  fa7a0	genera_midi.elf
 
12:44:10 **** Incremental Build of configuration Debug for project genera_midi ****
make all 
make: Nothing to be done for `all'.
12:45:24 **** Incremental Build of configuration Debug for project genera_midi ****
make all 
Building file: ../Src/MIDI_application.c
Invoking: MCU GCC Compiler
/Users/airship/Documents/genera_workspace/genera_midi/Debug
arm-none-eabi-gcc -mcpu=cortex-m7 -mthumb -mfloat-abi=hard -mfpu=fpv5-d16 '-D__weak=__attribute__((weak))' '-D__packed="__attribute__((__packed__))"' -DUSE_HAL_DRIVER -DSTM32F765xx -I"/Users/airship/Documents/genera_workspace/genera_midi/Inc" -I"/Users/airship/Documents/genera_workspace/genera_midi/Drivers/STM32F7xx_HAL_Driver/Inc" -I"/Users/airship/Documents/genera_workspace/genera_midi/Drivers/STM32F7xx_HAL_Driver/Inc/Legacy" -I"/Users/airship/Documents/genera_workspace/genera_midi/Middlewares/ST/STM32_USB_Host_Library/Core/Inc" -I"/Users/airship/Documents/genera_workspace/genera_midi/Middlewares/ST/STM32_USB_Host_Library/Class/AUDIO/Inc" -I"/Users/airship/Documents/genera_workspace/genera_midi/Drivers/CMSIS/Device/ST/STM32F7xx/Include" -I"/Users/airship/Documents/genera_workspace/genera_midi/Drivers/CMSIS/Include"  -Og -g3 -Wall -fmessage-length=0 -ffunction-sections -c -fmessage-length=0 -MMD -MP -MF"Src/MIDI_application.d" -MT"Src/MIDI_application.o" -o "Src/MIDI_application.o" "../Src/MIDI_application.c"
In file included from /Users/airship/Documents/genera_workspace/genera_midi/Inc/MIDI_application.h:18:0,
                 from ../Src/MIDI_application.c:15:
/Users/airship/Documents/genera_workspace/genera_midi/Inc/usbh_MIDI.h:95:0: warning: ignoring #pragma anon_unions  [-Wunknown-pragmas]
 #pragma anon_unions
 
Finished building: ../Src/MIDI_application.c
 
Building file: ../Src/main.c
Invoking: MCU GCC Compiler
/Users/airship/Documents/genera_workspace/genera_midi/Debug
arm-none-eabi-gcc -mcpu=cortex-m7 -mthumb -mfloat-abi=hard -mfpu=fpv5-d16 '-D__weak=__attribute__((weak))' '-D__packed="__attribute__((__packed__))"' -DUSE_HAL_DRIVER -DSTM32F765xx -I"/Users/airship/Documents/genera_workspace/genera_midi/Inc" -I"/Users/airship/Documents/genera_workspace/genera_midi/Drivers/STM32F7xx_HAL_Driver/Inc" -I"/Users/airship/Documents/genera_workspace/genera_midi/Drivers/STM32F7xx_HAL_Driver/Inc/Legacy" -I"/Users/airship/Documents/genera_workspace/genera_midi/Middlewares/ST/STM32_USB_Host_Library/Core/Inc" -I"/Users/airship/Documents/genera_workspace/genera_midi/Middlewares/ST/STM32_USB_Host_Library/Class/AUDIO/Inc" -I"/Users/airship/Documents/genera_workspace/genera_midi/Drivers/CMSIS/Device/ST/STM32F7xx/Include" -I"/Users/airship/Documents/genera_workspace/genera_midi/Drivers/CMSIS/Include"  -Og -g3 -Wall -fmessage-length=0 -ffunction-sections -c -fmessage-length=0 -MMD -MP -MF"Src/main.d" -MT"Src/main.o" -o "Src/main.o" "../Src/main.c"
In file included from /Users/airship/Documents/genera_workspace/genera_midi/Inc/MIDI_application.h:18:0,
                 from ../Src/main.c:51:
/Users/airship/Documents/genera_workspace/genera_midi/Inc/usbh_MIDI.h:95:0: warning: ignoring #pragma anon_unions  [-Wunknown-pragmas]
 #pragma anon_unions
 
../Src/main.c: In function 'main':
../Src/main.c:140:6: warning: implicit declaration of function 'ProcessReceivedMidiDatas' [-Wimplicit-function-declaration]
      ProcessReceivedMidiDatas();
      ^~~~~~~~~~~~~~~~~~~~~~~~
Finished building: ../Src/main.c
 
Building target: genera_midi.elf
Invoking: MCU GCC Linker
arm-none-eabi-gcc -mcpu=cortex-m7 -mthumb -mfloat-abi=hard -mfpu=fpv5-d16 -specs=nosys.specs -specs=nano.specs -T"../STM32F765VITx_FLASH.ld" -Wl,-Map=output.map -Wl,--gc-sections -o "genera_midi.elf" @"objects.list"   -lm
Finished building target: genera_midi.elf
 
/Library/Developer/CommandLineTools/usr/bin/make --no-print-directory post-build
Generating binary and Printing size information:
arm-none-eabi-objcopy -O binary "genera_midi.elf" "genera_midi.bin"
arm-none-eabi-size "genera_midi.elf"
   text	   data	    bss	    dec	    hex	filename
 918036	    164	 107704	1025904	  fa770	genera_midi.elf
 
12:45:34 **** Incremental Build of configuration Debug for project genera_midi ****
make all 
make: Nothing to be done for `all'.
12:46:02 **** Incremental Build of configuration Debug for project genera_midi ****
make all 
make: Nothing to be done for `all'.
12:46:07 **** Incremental Build of configuration Debug for project genera_midi ****
make all 
make: Nothing to be done for `all'.
12:48:42 **** Incremental Build of configuration Debug for project genera_midi ****
make all 
Building file: ../Src/audiostream.c
Invoking: MCU GCC Compiler
/Users/airship/Documents/genera_workspace/genera_midi/Debug
arm-none-eabi-gcc -mcpu=cortex-m7 -mthumb -mfloat-abi=hard -mfpu=fpv5-d16 '-D__weak=__attribute__((weak))' '-D__packed="__attribute__((__packed__))"' -DUSE_HAL_DRIVER -DSTM32F765xx -I"/Users/airship/Documents/genera_workspace/genera_midi/Inc" -I"/Users/airship/Documents/genera_workspace/genera_midi/Drivers/STM32F7xx_HAL_Driver/Inc" -I"/Users/airship/Documents/genera_workspace/genera_midi/Drivers/STM32F7xx_HAL_Driver/Inc/Legacy" -I"/Users/airship/Documents/genera_workspace/genera_midi/Middlewares/ST/STM32_USB_Host_Library/Core/Inc" -I"/Users/airship/Documents/genera_workspace/genera_midi/Middlewares/ST/STM32_USB_Host_Library/Class/AUDIO/Inc" -I"/Users/airship/Documents/genera_workspace/genera_midi/Drivers/CMSIS/Device/ST/STM32F7xx/Include" -I"/Users/airship/Documents/genera_workspace/genera_midi/Drivers/CMSIS/Include"  -Og -g3 -Wall -fmessage-length=0 -ffunction-sections -c -fmessage-length=0 -MMD -MP -MF"Src/audiostream.d" -MT"Src/audiostream.o" -o "Src/audiostream.o" "../Src/audiostream.c"
In file included from ../Src/audiostream.c:9:0:
/Users/airship/Documents/genera_workspace/genera_midi/Inc/usbh_MIDI.h:95:0: warning: ignoring #pragma anon_unions  [-Wunknown-pragmas]
 #pragma anon_unions
 
../Src/audiostream.c:83:12: warning: 'onsetFlag' defined but not used [-Wunused-variable]
 static int onsetFlag = 0;
            ^~~~~~~~~
../Src/audiostream.c:82:12: warning: 'gateIn' defined but not used [-Wunused-variable]
 static int gateIn = 0;
            ^~~~~~
../Src/audiostream.c:80:12: warning: 'frameCount' defined but not used [-Wunused-variable]
 static int frameCount = 0;
            ^~~~~~~~~~
Finished building: ../Src/audiostream.c
 
Building target: genera_midi.elf
Invoking: MCU GCC Linker
arm-none-eabi-gcc -mcpu=cortex-m7 -mthumb -mfloat-abi=hard -mfpu=fpv5-d16 -specs=nosys.specs -specs=nano.specs -T"../STM32F765VITx_FLASH.ld" -Wl,-Map=output.map -Wl,--gc-sections -o "genera_midi.elf" @"objects.list"   -lm
Finished building target: genera_midi.elf
 
/Library/Developer/CommandLineTools/usr/bin/make --no-print-directory post-build
Generating binary and Printing size information:
arm-none-eabi-objcopy -O binary "genera_midi.elf" "genera_midi.bin"
arm-none-eabi-size "genera_midi.elf"
   text	   data	    bss	    dec	    hex	filename
 917948	    160	 107704	1025812	  fa714	genera_midi.elf
 
12:48:48 **** Incremental Build of configuration Debug for project genera_midi ****
make all 
make: Nothing to be done for `all'.
12:51:22 **** Incremental Build of configuration Debug for project genera_midi ****
make all 
Building file: ../Src/MIDI_application.c
Invoking: MCU GCC Compiler
/Users/airship/Documents/genera_workspace/genera_midi/Debug
arm-none-eabi-gcc -mcpu=cortex-m7 -mthumb -mfloat-abi=hard -mfpu=fpv5-d16 '-D__weak=__attribute__((weak))' '-D__packed="__attribute__((__packed__))"' -DUSE_HAL_DRIVER -DSTM32F765xx -I"/Users/airship/Documents/genera_workspace/genera_midi/Inc" -I"/Users/airship/Documents/genera_workspace/genera_midi/Drivers/STM32F7xx_HAL_Driver/Inc" -I"/Users/airship/Documents/genera_workspace/genera_midi/Drivers/STM32F7xx_HAL_Driver/Inc/Legacy" -I"/Users/airship/Documents/genera_workspace/genera_midi/Middlewares/ST/STM32_USB_Host_Library/Core/Inc" -I"/Users/airship/Documents/genera_workspace/genera_midi/Middlewares/ST/STM32_USB_Host_Library/Class/AUDIO/Inc" -I"/Users/airship/Documents/genera_workspace/genera_midi/Drivers/CMSIS/Device/ST/STM32F7xx/Include" -I"/Users/airship/Documents/genera_workspace/genera_midi/Drivers/CMSIS/Include"  -Og -g3 -Wall -fmessage-length=0 -ffunction-sections -c -fmessage-length=0 -MMD -MP -MF"Src/MIDI_application.d" -MT"Src/MIDI_application.o" -o "Src/MIDI_application.o" "../Src/MIDI_application.c"
In file included from /Users/airship/Documents/genera_workspace/genera_midi/Inc/MIDI_application.h:18:0,
                 from ../Src/MIDI_application.c:15:
/Users/airship/Documents/genera_workspace/genera_midi/Inc/usbh_MIDI.h:95:0: warning: ignoring #pragma anon_unions  [-Wunknown-pragmas]
 #pragma anon_unions
 
Finished building: ../Src/MIDI_application.c
 
Building file: ../Src/main.c
Invoking: MCU GCC Compiler
/Users/airship/Documents/genera_workspace/genera_midi/Debug
arm-none-eabi-gcc -mcpu=cortex-m7 -mthumb -mfloat-abi=hard -mfpu=fpv5-d16 '-D__weak=__attribute__((weak))' '-D__packed="__attribute__((__packed__))"' -DUSE_HAL_DRIVER -DSTM32F765xx -I"/Users/airship/Documents/genera_workspace/genera_midi/Inc" -I"/Users/airship/Documents/genera_workspace/genera_midi/Drivers/STM32F7xx_HAL_Driver/Inc" -I"/Users/airship/Documents/genera_workspace/genera_midi/Drivers/STM32F7xx_HAL_Driver/Inc/Legacy" -I"/Users/airship/Documents/genera_workspace/genera_midi/Middlewares/ST/STM32_USB_Host_Library/Core/Inc" -I"/Users/airship/Documents/genera_workspace/genera_midi/Middlewares/ST/STM32_USB_Host_Library/Class/AUDIO/Inc" -I"/Users/airship/Documents/genera_workspace/genera_midi/Drivers/CMSIS/Device/ST/STM32F7xx/Include" -I"/Users/airship/Documents/genera_workspace/genera_midi/Drivers/CMSIS/Include"  -Og -g3 -Wall -fmessage-length=0 -ffunction-sections -c -fmessage-length=0 -MMD -MP -MF"Src/main.d" -MT"Src/main.o" -o "Src/main.o" "../Src/main.c"
In file included from /Users/airship/Documents/genera_workspace/genera_midi/Inc/MIDI_application.h:18:0,
                 from ../Src/main.c:52:
/Users/airship/Documents/genera_workspace/genera_midi/Inc/usbh_MIDI.h:95:0: warning: ignoring #pragma anon_unions  [-Wunknown-pragmas]
 #pragma anon_unions
 
../Src/main.c: In function 'main':
../Src/main.c:142:6: warning: implicit declaration of function 'ProcessReceivedMidiDatas' [-Wimplicit-function-declaration]
      ProcessReceivedMidiDatas();
      ^~~~~~~~~~~~~~~~~~~~~~~~
../Src/main.c:144:25: error: 'hUsbHostFS' undeclared (first use in this function)
      USBH_MIDI_Receive(&hUsbHostFS, MIDI_RX_Buffer, RX_BUFF_SIZE); // start a new reception
                         ^~~~~~~~~~
../Src/main.c:144:25: note: each undeclared identifier is reported only once for each function it appears in
../Src/main.c:144:37: error: 'MIDI_RX_Buffer' undeclared (first use in this function)
      USBH_MIDI_Receive(&hUsbHostFS, MIDI_RX_Buffer, RX_BUFF_SIZE); // start a new reception
                                     ^~~~~~~~~~~~~~
../Src/main.c:144:53: error: 'RX_BUFF_SIZE' undeclared (first use in this function)
      USBH_MIDI_Receive(&hUsbHostFS, MIDI_RX_Buffer, RX_BUFF_SIZE); // start a new reception
                                                     ^~~~~~~~~~~~
make: *** [Src/main.o] Error 1
12:51:55 **** Incremental Build of configuration Debug for project genera_midi ****
make all 
Building file: ../Src/MIDI_application.c
Invoking: MCU GCC Compiler
/Users/airship/Documents/genera_workspace/genera_midi/Debug
arm-none-eabi-gcc -mcpu=cortex-m7 -mthumb -mfloat-abi=hard -mfpu=fpv5-d16 '-D__weak=__attribute__((weak))' '-D__packed="__attribute__((__packed__))"' -DUSE_HAL_DRIVER -DSTM32F765xx -I"/Users/airship/Documents/genera_workspace/genera_midi/Inc" -I"/Users/airship/Documents/genera_workspace/genera_midi/Drivers/STM32F7xx_HAL_Driver/Inc" -I"/Users/airship/Documents/genera_workspace/genera_midi/Drivers/STM32F7xx_HAL_Driver/Inc/Legacy" -I"/Users/airship/Documents/genera_workspace/genera_midi/Middlewares/ST/STM32_USB_Host_Library/Core/Inc" -I"/Users/airship/Documents/genera_workspace/genera_midi/Middlewares/ST/STM32_USB_Host_Library/Class/AUDIO/Inc" -I"/Users/airship/Documents/genera_workspace/genera_midi/Drivers/CMSIS/Device/ST/STM32F7xx/Include" -I"/Users/airship/Documents/genera_workspace/genera_midi/Drivers/CMSIS/Include"  -Og -g3 -Wall -fmessage-length=0 -ffunction-sections -c -fmessage-length=0 -MMD -MP -MF"Src/MIDI_application.d" -MT"Src/MIDI_application.o" -o "Src/MIDI_application.o" "../Src/MIDI_application.c"
In file included from /Users/airship/Documents/genera_workspace/genera_midi/Inc/MIDI_application.h:18:0,
                 from ../Src/MIDI_application.c:15:
/Users/airship/Documents/genera_workspace/genera_midi/Inc/usbh_MIDI.h:95:0: warning: ignoring #pragma anon_unions  [-Wunknown-pragmas]
 #pragma anon_unions
 
Finished building: ../Src/MIDI_application.c
 
Building file: ../Src/main.c
Invoking: MCU GCC Compiler
/Users/airship/Documents/genera_workspace/genera_midi/Debug
arm-none-eabi-gcc -mcpu=cortex-m7 -mthumb -mfloat-abi=hard -mfpu=fpv5-d16 '-D__weak=__attribute__((weak))' '-D__packed="__attribute__((__packed__))"' -DUSE_HAL_DRIVER -DSTM32F765xx -I"/Users/airship/Documents/genera_workspace/genera_midi/Inc" -I"/Users/airship/Documents/genera_workspace/genera_midi/Drivers/STM32F7xx_HAL_Driver/Inc" -I"/Users/airship/Documents/genera_workspace/genera_midi/Drivers/STM32F7xx_HAL_Driver/Inc/Legacy" -I"/Users/airship/Documents/genera_workspace/genera_midi/Middlewares/ST/STM32_USB_Host_Library/Core/Inc" -I"/Users/airship/Documents/genera_workspace/genera_midi/Middlewares/ST/STM32_USB_Host_Library/Class/AUDIO/Inc" -I"/Users/airship/Documents/genera_workspace/genera_midi/Drivers/CMSIS/Device/ST/STM32F7xx/Include" -I"/Users/airship/Documents/genera_workspace/genera_midi/Drivers/CMSIS/Include"  -Og -g3 -Wall -fmessage-length=0 -ffunction-sections -c -fmessage-length=0 -MMD -MP -MF"Src/main.d" -MT"Src/main.o" -o "Src/main.o" "../Src/main.c"
In file included from /Users/airship/Documents/genera_workspace/genera_midi/Inc/MIDI_application.h:18:0,
                 from ../Src/main.c:52:
/Users/airship/Documents/genera_workspace/genera_midi/Inc/usbh_MIDI.h:95:0: warning: ignoring #pragma anon_unions  [-Wunknown-pragmas]
 #pragma anon_unions
 
../Src/main.c: In function 'main':
../Src/main.c:142:6: warning: implicit declaration of function 'ProcessReceivedMidiDatas' [-Wimplicit-function-declaration]
      ProcessReceivedMidiDatas();
      ^~~~~~~~~~~~~~~~~~~~~~~~
../Src/main.c:144:25: error: 'hUsbHostFS' undeclared (first use in this function)
      USBH_MIDI_Receive(&hUsbHostFS, MIDI_RX_Buffer, RX_BUFF_SIZE); // start a new reception
                         ^~~~~~~~~~
../Src/main.c:144:25: note: each undeclared identifier is reported only once for each function it appears in
../Src/main.c:144:37: error: 'MIDI_RX_Buffer' undeclared (first use in this function)
      USBH_MIDI_Receive(&hUsbHostFS, MIDI_RX_Buffer, RX_BUFF_SIZE); // start a new reception
                                     ^~~~~~~~~~~~~~
../Src/main.c:144:53: error: 'RX_BUFF_SIZE' undeclared (first use in this function)
      USBH_MIDI_Receive(&hUsbHostFS, MIDI_RX_Buffer, RX_BUFF_SIZE); // start a new reception
                                                     ^~~~~~~~~~~~
make: *** [Src/main.o] Error 1
12:52:03 **** Incremental Build of configuration Debug for project genera_midi ****
make all 
Building file: ../Src/main.c
Invoking: MCU GCC Compiler
/Users/airship/Documents/genera_workspace/genera_midi/Debug
arm-none-eabi-gcc -mcpu=cortex-m7 -mthumb -mfloat-abi=hard -mfpu=fpv5-d16 '-D__weak=__attribute__((weak))' '-D__packed="__attribute__((__packed__))"' -DUSE_HAL_DRIVER -DSTM32F765xx -I"/Users/airship/Documents/genera_workspace/genera_midi/Inc" -I"/Users/airship/Documents/genera_workspace/genera_midi/Drivers/STM32F7xx_HAL_Driver/Inc" -I"/Users/airship/Documents/genera_workspace/genera_midi/Drivers/STM32F7xx_HAL_Driver/Inc/Legacy" -I"/Users/airship/Documents/genera_workspace/genera_midi/Middlewares/ST/STM32_USB_Host_Library/Core/Inc" -I"/Users/airship/Documents/genera_workspace/genera_midi/Middlewares/ST/STM32_USB_Host_Library/Class/AUDIO/Inc" -I"/Users/airship/Documents/genera_workspace/genera_midi/Drivers/CMSIS/Device/ST/STM32F7xx/Include" -I"/Users/airship/Documents/genera_workspace/genera_midi/Drivers/CMSIS/Include"  -Og -g3 -Wall -fmessage-length=0 -ffunction-sections -c -fmessage-length=0 -MMD -MP -MF"Src/main.d" -MT"Src/main.o" -o "Src/main.o" "../Src/main.c"
In file included from /Users/airship/Documents/genera_workspace/genera_midi/Inc/MIDI_application.h:18:0,
                 from ../Src/main.c:52:
/Users/airship/Documents/genera_workspace/genera_midi/Inc/usbh_MIDI.h:95:0: warning: ignoring #pragma anon_unions  [-Wunknown-pragmas]
 #pragma anon_unions
 
../Src/main.c: In function 'main':
../Src/main.c:142:6: warning: implicit declaration of function 'ProcessReceivedMidiDatas' [-Wimplicit-function-declaration]
      ProcessReceivedMidiDatas();
      ^~~~~~~~~~~~~~~~~~~~~~~~
../Src/main.c:144:25: error: 'hUsbHostFS' undeclared (first use in this function)
      USBH_MIDI_Receive(&hUsbHostFS, MIDI_RX_Buffer, RX_BUFF_SIZE); // start a new reception
                         ^~~~~~~~~~
../Src/main.c:144:25: note: each undeclared identifier is reported only once for each function it appears in
../Src/main.c:144:37: error: 'MIDI_RX_Buffer' undeclared (first use in this function)
      USBH_MIDI_Receive(&hUsbHostFS, MIDI_RX_Buffer, RX_BUFF_SIZE); // start a new reception
                                     ^~~~~~~~~~~~~~
../Src/main.c:144:53: error: 'RX_BUFF_SIZE' undeclared (first use in this function)
      USBH_MIDI_Receive(&hUsbHostFS, MIDI_RX_Buffer, RX_BUFF_SIZE); // start a new reception
                                                     ^~~~~~~~~~~~
make: *** [Src/main.o] Error 1
12:52:46 **** Incremental Build of configuration Debug for project genera_midi ****
make all 
Building file: ../Src/MIDI_application.c
Invoking: MCU GCC Compiler
/Users/airship/Documents/genera_workspace/genera_midi/Debug
arm-none-eabi-gcc -mcpu=cortex-m7 -mthumb -mfloat-abi=hard -mfpu=fpv5-d16 '-D__weak=__attribute__((weak))' '-D__packed="__attribute__((__packed__))"' -DUSE_HAL_DRIVER -DSTM32F765xx -I"/Users/airship/Documents/genera_workspace/genera_midi/Inc" -I"/Users/airship/Documents/genera_workspace/genera_midi/Drivers/STM32F7xx_HAL_Driver/Inc" -I"/Users/airship/Documents/genera_workspace/genera_midi/Drivers/STM32F7xx_HAL_Driver/Inc/Legacy" -I"/Users/airship/Documents/genera_workspace/genera_midi/Middlewares/ST/STM32_USB_Host_Library/Core/Inc" -I"/Users/airship/Documents/genera_workspace/genera_midi/Middlewares/ST/STM32_USB_Host_Library/Class/AUDIO/Inc" -I"/Users/airship/Documents/genera_workspace/genera_midi/Drivers/CMSIS/Device/ST/STM32F7xx/Include" -I"/Users/airship/Documents/genera_workspace/genera_midi/Drivers/CMSIS/Include"  -Og -g3 -Wall -fmessage-length=0 -ffunction-sections -c -fmessage-length=0 -MMD -MP -MF"Src/MIDI_application.d" -MT"Src/MIDI_application.o" -o "Src/MIDI_application.o" "../Src/MIDI_application.c"
In file included from /Users/airship/Documents/genera_workspace/genera_midi/Inc/MIDI_application.h:18:0,
                 from ../Src/MIDI_application.c:15:
/Users/airship/Documents/genera_workspace/genera_midi/Inc/usbh_MIDI.h:95:0: warning: ignoring #pragma anon_unions  [-Wunknown-pragmas]
 #pragma anon_unions
 
Finished building: ../Src/MIDI_application.c
 
Building file: ../Src/audiostream.c
Invoking: MCU GCC Compiler
/Users/airship/Documents/genera_workspace/genera_midi/Debug
arm-none-eabi-gcc -mcpu=cortex-m7 -mthumb -mfloat-abi=hard -mfpu=fpv5-d16 '-D__weak=__attribute__((weak))' '-D__packed="__attribute__((__packed__))"' -DUSE_HAL_DRIVER -DSTM32F765xx -I"/Users/airship/Documents/genera_workspace/genera_midi/Inc" -I"/Users/airship/Documents/genera_workspace/genera_midi/Drivers/STM32F7xx_HAL_Driver/Inc" -I"/Users/airship/Documents/genera_workspace/genera_midi/Drivers/STM32F7xx_HAL_Driver/Inc/Legacy" -I"/Users/airship/Documents/genera_workspace/genera_midi/Middlewares/ST/STM32_USB_Host_Library/Core/Inc" -I"/Users/airship/Documents/genera_workspace/genera_midi/Middlewares/ST/STM32_USB_Host_Library/Class/AUDIO/Inc" -I"/Users/airship/Documents/genera_workspace/genera_midi/Drivers/CMSIS/Device/ST/STM32F7xx/Include" -I"/Users/airship/Documents/genera_workspace/genera_midi/Drivers/CMSIS/Include"  -Og -g3 -Wall -fmessage-length=0 -ffunction-sections -c -fmessage-length=0 -MMD -MP -MF"Src/audiostream.d" -MT"Src/audiostream.o" -o "Src/audiostream.o" "../Src/audiostream.c"
In file included from ../Src/audiostream.c:9:0:
/Users/airship/Documents/genera_workspace/genera_midi/Inc/usbh_MIDI.h:95:0: warning: ignoring #pragma anon_unions  [-Wunknown-pragmas]
 #pragma anon_unions
 
../Src/audiostream.c:83:12: warning: 'onsetFlag' defined but not used [-Wunused-variable]
 static int onsetFlag = 0;
            ^~~~~~~~~
../Src/audiostream.c:82:12: warning: 'gateIn' defined but not used [-Wunused-variable]
 static int gateIn = 0;
            ^~~~~~
../Src/audiostream.c:80:12: warning: 'frameCount' defined but not used [-Wunused-variable]
 static int frameCount = 0;
            ^~~~~~~~~~
Finished building: ../Src/audiostream.c
 
Building file: ../Src/main.c
Invoking: MCU GCC Compiler
/Users/airship/Documents/genera_workspace/genera_midi/Debug
arm-none-eabi-gcc -mcpu=cortex-m7 -mthumb -mfloat-abi=hard -mfpu=fpv5-d16 '-D__weak=__attribute__((weak))' '-D__packed="__attribute__((__packed__))"' -DUSE_HAL_DRIVER -DSTM32F765xx -I"/Users/airship/Documents/genera_workspace/genera_midi/Inc" -I"/Users/airship/Documents/genera_workspace/genera_midi/Drivers/STM32F7xx_HAL_Driver/Inc" -I"/Users/airship/Documents/genera_workspace/genera_midi/Drivers/STM32F7xx_HAL_Driver/Inc/Legacy" -I"/Users/airship/Documents/genera_workspace/genera_midi/Middlewares/ST/STM32_USB_Host_Library/Core/Inc" -I"/Users/airship/Documents/genera_workspace/genera_midi/Middlewares/ST/STM32_USB_Host_Library/Class/AUDIO/Inc" -I"/Users/airship/Documents/genera_workspace/genera_midi/Drivers/CMSIS/Device/ST/STM32F7xx/Include" -I"/Users/airship/Documents/genera_workspace/genera_midi/Drivers/CMSIS/Include"  -Og -g3 -Wall -fmessage-length=0 -ffunction-sections -c -fmessage-length=0 -MMD -MP -MF"Src/main.d" -MT"Src/main.o" -o "Src/main.o" "../Src/main.c"
In file included from /Users/airship/Documents/genera_workspace/genera_midi/Inc/MIDI_application.h:18:0,
                 from ../Src/main.c:52:
/Users/airship/Documents/genera_workspace/genera_midi/Inc/usbh_MIDI.h:95:0: warning: ignoring #pragma anon_unions  [-Wunknown-pragmas]
 #pragma anon_unions
 
../Src/main.c: In function 'main':
../Src/main.c:142:6: warning: implicit declaration of function 'ProcessReceivedMidiDatas' [-Wimplicit-function-declaration]
      ProcessReceivedMidiDatas();
      ^~~~~~~~~~~~~~~~~~~~~~~~
../Src/main.c:144:25: error: 'hUsbHostFS' undeclared (first use in this function)
      USBH_MIDI_Receive(&hUsbHostFS, MIDI_RX_Buffer, RX_BUFF_SIZE); // start a new reception
                         ^~~~~~~~~~
../Src/main.c:144:25: note: each undeclared identifier is reported only once for each function it appears in
../Src/main.c:144:37: error: 'MIDI_RX_Buffer' undeclared (first use in this function)
      USBH_MIDI_Receive(&hUsbHostFS, MIDI_RX_Buffer, RX_BUFF_SIZE); // start a new reception
                                     ^~~~~~~~~~~~~~
make: *** [Src/main.o] Error 1
12:53:05 **** Incremental Build of configuration Debug for project genera_midi ****
make all 
Building file: ../Src/MIDI_application.c
Invoking: MCU GCC Compiler
/Users/airship/Documents/genera_workspace/genera_midi/Debug
arm-none-eabi-gcc -mcpu=cortex-m7 -mthumb -mfloat-abi=hard -mfpu=fpv5-d16 '-D__weak=__attribute__((weak))' '-D__packed="__attribute__((__packed__))"' -DUSE_HAL_DRIVER -DSTM32F765xx -I"/Users/airship/Documents/genera_workspace/genera_midi/Inc" -I"/Users/airship/Documents/genera_workspace/genera_midi/Drivers/STM32F7xx_HAL_Driver/Inc" -I"/Users/airship/Documents/genera_workspace/genera_midi/Drivers/STM32F7xx_HAL_Driver/Inc/Legacy" -I"/Users/airship/Documents/genera_workspace/genera_midi/Middlewares/ST/STM32_USB_Host_Library/Core/Inc" -I"/Users/airship/Documents/genera_workspace/genera_midi/Middlewares/ST/STM32_USB_Host_Library/Class/AUDIO/Inc" -I"/Users/airship/Documents/genera_workspace/genera_midi/Drivers/CMSIS/Device/ST/STM32F7xx/Include" -I"/Users/airship/Documents/genera_workspace/genera_midi/Drivers/CMSIS/Include"  -Og -g3 -Wall -fmessage-length=0 -ffunction-sections -c -fmessage-length=0 -MMD -MP -MF"Src/MIDI_application.d" -MT"Src/MIDI_application.o" -o "Src/MIDI_application.o" "../Src/MIDI_application.c"
In file included from /Users/airship/Documents/genera_workspace/genera_midi/Inc/MIDI_application.h:18:0,
                 from ../Src/MIDI_application.c:15:
/Users/airship/Documents/genera_workspace/genera_midi/Inc/usbh_MIDI.h:95:0: warning: ignoring #pragma anon_unions  [-Wunknown-pragmas]
 #pragma anon_unions
 
Finished building: ../Src/MIDI_application.c
 
Building file: ../Src/audiostream.c
Invoking: MCU GCC Compiler
/Users/airship/Documents/genera_workspace/genera_midi/Debug
arm-none-eabi-gcc -mcpu=cortex-m7 -mthumb -mfloat-abi=hard -mfpu=fpv5-d16 '-D__weak=__attribute__((weak))' '-D__packed="__attribute__((__packed__))"' -DUSE_HAL_DRIVER -DSTM32F765xx -I"/Users/airship/Documents/genera_workspace/genera_midi/Inc" -I"/Users/airship/Documents/genera_workspace/genera_midi/Drivers/STM32F7xx_HAL_Driver/Inc" -I"/Users/airship/Documents/genera_workspace/genera_midi/Drivers/STM32F7xx_HAL_Driver/Inc/Legacy" -I"/Users/airship/Documents/genera_workspace/genera_midi/Middlewares/ST/STM32_USB_Host_Library/Core/Inc" -I"/Users/airship/Documents/genera_workspace/genera_midi/Middlewares/ST/STM32_USB_Host_Library/Class/AUDIO/Inc" -I"/Users/airship/Documents/genera_workspace/genera_midi/Drivers/CMSIS/Device/ST/STM32F7xx/Include" -I"/Users/airship/Documents/genera_workspace/genera_midi/Drivers/CMSIS/Include"  -Og -g3 -Wall -fmessage-length=0 -ffunction-sections -c -fmessage-length=0 -MMD -MP -MF"Src/audiostream.d" -MT"Src/audiostream.o" -o "Src/audiostream.o" "../Src/audiostream.c"
In file included from ../Src/audiostream.c:9:0:
/Users/airship/Documents/genera_workspace/genera_midi/Inc/usbh_MIDI.h:95:0: warning: ignoring #pragma anon_unions  [-Wunknown-pragmas]
 #pragma anon_unions
 
../Src/audiostream.c:83:12: warning: 'onsetFlag' defined but not used [-Wunused-variable]
 static int onsetFlag = 0;
            ^~~~~~~~~
../Src/audiostream.c:82:12: warning: 'gateIn' defined but not used [-Wunused-variable]
 static int gateIn = 0;
            ^~~~~~
../Src/audiostream.c:80:12: warning: 'frameCount' defined but not used [-Wunused-variable]
 static int frameCount = 0;
            ^~~~~~~~~~
Finished building: ../Src/audiostream.c
 
Building file: ../Src/main.c
Invoking: MCU GCC Compiler
/Users/airship/Documents/genera_workspace/genera_midi/Debug
arm-none-eabi-gcc -mcpu=cortex-m7 -mthumb -mfloat-abi=hard -mfpu=fpv5-d16 '-D__weak=__attribute__((weak))' '-D__packed="__attribute__((__packed__))"' -DUSE_HAL_DRIVER -DSTM32F765xx -I"/Users/airship/Documents/genera_workspace/genera_midi/Inc" -I"/Users/airship/Documents/genera_workspace/genera_midi/Drivers/STM32F7xx_HAL_Driver/Inc" -I"/Users/airship/Documents/genera_workspace/genera_midi/Drivers/STM32F7xx_HAL_Driver/Inc/Legacy" -I"/Users/airship/Documents/genera_workspace/genera_midi/Middlewares/ST/STM32_USB_Host_Library/Core/Inc" -I"/Users/airship/Documents/genera_workspace/genera_midi/Middlewares/ST/STM32_USB_Host_Library/Class/AUDIO/Inc" -I"/Users/airship/Documents/genera_workspace/genera_midi/Drivers/CMSIS/Device/ST/STM32F7xx/Include" -I"/Users/airship/Documents/genera_workspace/genera_midi/Drivers/CMSIS/Include"  -Og -g3 -Wall -fmessage-length=0 -ffunction-sections -c -fmessage-length=0 -MMD -MP -MF"Src/main.d" -MT"Src/main.o" -o "Src/main.o" "../Src/main.c"
In file included from /Users/airship/Documents/genera_workspace/genera_midi/Inc/MIDI_application.h:18:0,
                 from ../Src/main.c:52:
/Users/airship/Documents/genera_workspace/genera_midi/Inc/usbh_MIDI.h:95:0: warning: ignoring #pragma anon_unions  [-Wunknown-pragmas]
 #pragma anon_unions
 
../Src/main.c: In function 'main':
../Src/main.c:142:6: warning: implicit declaration of function 'ProcessReceivedMidiDatas' [-Wimplicit-function-declaration]
      ProcessReceivedMidiDatas();
      ^~~~~~~~~~~~~~~~~~~~~~~~
[...]
 #pragma anon_unions
 
../Src/audiostream.c: In function 'audioTickR':
../Src/audiostream.c:162:1: warning: control reaches end of non-void function [-Wreturn-type]
 }
 ^
At top level:
../Src/audiostream.c:81:12: warning: 'onsetFlag' defined but not used [-Wunused-variable]
 static int onsetFlag = 0;
            ^~~~~~~~~
../Src/audiostream.c:80:12: warning: 'gateIn' defined but not used [-Wunused-variable]
 static int gateIn = 0;
            ^~~~~~
../Src/audiostream.c:78:12: warning: 'frameCount' defined but not used [-Wunused-variable]
 static int frameCount = 0;
            ^~~~~~~~~~
Finished building: ../Src/audiostream.c
 
Building target: genera_test.elf
Invoking: MCU GCC Linker
arm-none-eabi-gcc -mcpu=cortex-m7 -mthumb -mfloat-abi=hard -mfpu=fpv5-d16 -specs=nosys.specs -specs=nano.specs -T"../STM32F765VITx_FLASH.ld" -Wl,-Map=output.map -Wl,--gc-sections -o "genera_test.elf" @"objects.list"   -lm
Finished building target: genera_test.elf
 
/Library/Developer/CommandLineTools/usr/bin/make --no-print-directory post-build
Generating binary and Printing size information:
arm-none-eabi-objcopy -O binary "genera_test.elf" "genera_test.bin"
arm-none-eabi-size "genera_test.elf"
   text	   data	    bss	    dec	    hex	filename
 824400	    164	  17104	 841668	  cd7c4	genera_test.elf
 
17:46:56 **** Incremental Build of configuration Debug for project genera_test ****
make all 
make: Nothing to be done for `all'.
17:47:44 **** Incremental Build of configuration Debug for project genera_test ****
make all 
Building file: ../Src/MIDI_application.c
Invoking: MCU GCC Compiler
/Users/airship/Documents/genera_workspace/genera_test/Debug
arm-none-eabi-gcc -mcpu=cortex-m7 -mthumb -mfloat-abi=hard -mfpu=fpv5-d16 '-D__weak=__attribute__((weak))' '-D__packed="__attribute__((__packed__))"' -DUSE_HAL_DRIVER -DSTM32F765xx -I"/Users/airship/Documents/genera_workspace/genera_test/Inc" -I"/Users/airship/Documents/genera_workspace/genera_test/Drivers/STM32F7xx_HAL_Driver/Inc" -I"/Users/airship/Documents/genera_workspace/genera_test/Drivers/STM32F7xx_HAL_Driver/Inc/Legacy" -I"/Users/airship/Documents/genera_workspace/genera_test/Middlewares/ST/STM32_USB_Host_Library/Core/Inc" -I"/Users/airship/Documents/genera_workspace/genera_test/Middlewares/ST/STM32_USB_Host_Library/Class/AUDIO/Inc" -I"/Users/airship/Documents/genera_workspace/genera_test/Drivers/CMSIS/Device/ST/STM32F7xx/Include" -I"/Users/airship/Documents/genera_workspace/genera_test/Drivers/CMSIS/Include"  -Og -g3 -Wall -fmessage-length=0 -ffunction-sections -c -fmessage-length=0 -MMD -MP -MF"Src/MIDI_application.d" -MT"Src/MIDI_application.o" -o "Src/MIDI_application.o" "../Src/MIDI_application.c"
In file included from /Users/airship/Documents/genera_workspace/genera_test/Inc/MIDI_application.h:18:0,
                 from ../Src/MIDI_application.c:15:
/Users/airship/Documents/genera_workspace/genera_test/Inc/usbh_MIDI.h:95:0: warning: ignoring #pragma anon_unions  [-Wunknown-pragmas]
 #pragma anon_unions
 
Finished building: ../Src/MIDI_application.c
 
Building target: genera_test.elf
Invoking: MCU GCC Linker
arm-none-eabi-gcc -mcpu=cortex-m7 -mthumb -mfloat-abi=hard -mfpu=fpv5-d16 -specs=nosys.specs -specs=nano.specs -T"../STM32F765VITx_FLASH.ld" -Wl,-Map=output.map -Wl,--gc-sections -o "genera_test.elf" @"objects.list"   -lm
Finished building target: genera_test.elf
 
/Library/Developer/CommandLineTools/usr/bin/make --no-print-directory post-build
Generating binary and Printing size information:
arm-none-eabi-objcopy -O binary "genera_test.elf" "genera_test.bin"
arm-none-eabi-size "genera_test.elf"
   text	   data	    bss	    dec	    hex	filename
 824408	    164	  17104	 841676	  cd7cc	genera_test.elf
 
17:48:17 **** Incremental Build of configuration Debug for project genera_test ****
make all 
Building file: ../Src/MIDI_application.c
Invoking: MCU GCC Compiler
/Users/airship/Documents/genera_workspace/genera_test/Debug
arm-none-eabi-gcc -mcpu=cortex-m7 -mthumb -mfloat-abi=hard -mfpu=fpv5-d16 '-D__weak=__attribute__((weak))' '-D__packed="__attribute__((__packed__))"' -DUSE_HAL_DRIVER -DSTM32F765xx -I"/Users/airship/Documents/genera_workspace/genera_test/Inc" -I"/Users/airship/Documents/genera_workspace/genera_test/Drivers/STM32F7xx_HAL_Driver/Inc" -I"/Users/airship/Documents/genera_workspace/genera_test/Drivers/STM32F7xx_HAL_Driver/Inc/Legacy" -I"/Users/airship/Documents/genera_workspace/genera_test/Middlewares/ST/STM32_USB_Host_Library/Core/Inc" -I"/Users/airship/Documents/genera_workspace/genera_test/Middlewares/ST/STM32_USB_Host_Library/Class/AUDIO/Inc" -I"/Users/airship/Documents/genera_workspace/genera_test/Drivers/CMSIS/Device/ST/STM32F7xx/Include" -I"/Users/airship/Documents/genera_workspace/genera_test/Drivers/CMSIS/Include"  -Og -g3 -Wall -fmessage-length=0 -ffunction-sections -c -fmessage-length=0 -MMD -MP -MF"Src/MIDI_application.d" -MT"Src/MIDI_application.o" -o "Src/MIDI_application.o" "../Src/MIDI_application.c"
In file included from /Users/airship/Documents/genera_workspace/genera_test/Inc/MIDI_application.h:18:0,
                 from ../Src/MIDI_application.c:15:
/Users/airship/Documents/genera_workspace/genera_test/Inc/usbh_MIDI.h:95:0: warning: ignoring #pragma anon_unions  [-Wunknown-pragmas]
 #pragma anon_unions
 
Finished building: ../Src/MIDI_application.c
 
Building target: genera_test.elf
Invoking: MCU GCC Linker
arm-none-eabi-gcc -mcpu=cortex-m7 -mthumb -mfloat-abi=hard -mfpu=fpv5-d16 -specs=nosys.specs -specs=nano.specs -T"../STM32F765VITx_FLASH.ld" -Wl,-Map=output.map -Wl,--gc-sections -o "genera_test.elf" @"objects.list"   -lm
Finished building target: genera_test.elf
 
/Library/Developer/CommandLineTools/usr/bin/make --no-print-directory post-build
Generating binary and Printing size information:
arm-none-eabi-objcopy -O binary "genera_test.elf" "genera_test.bin"
arm-none-eabi-size "genera_test.elf"
   text	   data	    bss	    dec	    hex	filename
 824400	    164	  17104	 841668	  cd7c4	genera_test.elf
 
17:48:21 **** Incremental Build of configuration Debug for project genera_test ****
make all 
make: Nothing to be done for `all'.
17:48:41 **** Incremental Build of configuration Debug for project genera_test ****
make all 
Building file: ../Src/audiostream.c
Invoking: MCU GCC Compiler
/Users/airship/Documents/genera_workspace/genera_test/Debug
arm-none-eabi-gcc -mcpu=cortex-m7 -mthumb -mfloat-abi=hard -mfpu=fpv5-d16 '-D__weak=__attribute__((weak))' '-D__packed="__attribute__((__packed__))"' -DUSE_HAL_DRIVER -DSTM32F765xx -I"/Users/airship/Documents/genera_workspace/genera_test/Inc" -I"/Users/airship/Documents/genera_workspace/genera_test/Drivers/STM32F7xx_HAL_Driver/Inc" -I"/Users/airship/Documents/genera_workspace/genera_test/Drivers/STM32F7xx_HAL_Driver/Inc/Legacy" -I"/Users/airship/Documents/genera_workspace/genera_test/Middlewares/ST/STM32_USB_Host_Library/Core/Inc" -I"/Users/airship/Documents/genera_workspace/genera_test/Middlewares/ST/STM32_USB_Host_Library/Class/AUDIO/Inc" -I"/Users/airship/Documents/genera_workspace/genera_test/Drivers/CMSIS/Device/ST/STM32F7xx/Include" -I"/Users/airship/Documents/genera_workspace/genera_test/Drivers/CMSIS/Include"  -Og -g3 -Wall -fmessage-length=0 -ffunction-sections -c -fmessage-length=0 -MMD -MP -MF"Src/audiostream.d" -MT"Src/audiostream.o" -o "Src/audiostream.o" "../Src/audiostream.c"
In file included from ../Src/audiostream.c:9:0:
/Users/airship/Documents/genera_workspace/genera_test/Inc/usbh_MIDI.h:95:0: warning: ignoring #pragma anon_unions  [-Wunknown-pragmas]
 #pragma anon_unions
 
../Src/audiostream.c: In function 'audioTickR':
../Src/audiostream.c:162:1: warning: control reaches end of non-void function [-Wreturn-type]
 }
 ^
At top level:
../Src/audiostream.c:81:12: warning: 'onsetFlag' defined but not used [-Wunused-variable]
 static int onsetFlag = 0;
            ^~~~~~~~~
../Src/audiostream.c:80:12: warning: 'gateIn' defined but not used [-Wunused-variable]
 static int gateIn = 0;
            ^~~~~~
../Src/audiostream.c:78:12: warning: 'frameCount' defined but not used [-Wunused-variable]
 static int frameCount = 0;
            ^~~~~~~~~~
Finished building: ../Src/audiostream.c
 
Building target: genera_test.elf
Invoking: MCU GCC Linker
arm-none-eabi-gcc -mcpu=cortex-m7 -mthumb -mfloat-abi=hard -mfpu=fpv5-d16 -specs=nosys.specs -specs=nano.specs -T"../STM32F765VITx_FLASH.ld" -Wl,-Map=output.map -Wl,--gc-sections -o "genera_test.elf" @"objects.list"   -lm
Finished building target: genera_test.elf
 
/Library/Developer/CommandLineTools/usr/bin/make --no-print-directory post-build
Generating binary and Printing size information:
arm-none-eabi-objcopy -O binary "genera_test.elf" "genera_test.bin"
arm-none-eabi-size "genera_test.elf"
   text	   data	    bss	    dec	    hex	filename
 824400	    164	  17104	 841668	  cd7c4	genera_test.elf
 
17:49:00 **** Incremental Build of configuration Debug for project genera_test ****
make all 
Building file: ../Src/audiostream.c
Invoking: MCU GCC Compiler
/Users/airship/Documents/genera_workspace/genera_test/Debug
arm-none-eabi-gcc -mcpu=cortex-m7 -mthumb -mfloat-abi=hard -mfpu=fpv5-d16 '-D__weak=__attribute__((weak))' '-D__packed="__attribute__((__packed__))"' -DUSE_HAL_DRIVER -DSTM32F765xx -I"/Users/airship/Documents/genera_workspace/genera_test/Inc" -I"/Users/airship/Documents/genera_workspace/genera_test/Drivers/STM32F7xx_HAL_Driver/Inc" -I"/Users/airship/Documents/genera_workspace/genera_test/Drivers/STM32F7xx_HAL_Driver/Inc/Legacy" -I"/Users/airship/Documents/genera_workspace/genera_test/Middlewares/ST/STM32_USB_Host_Library/Core/Inc" -I"/Users/airship/Documents/genera_workspace/genera_test/Middlewares/ST/STM32_USB_Host_Library/Class/AUDIO/Inc" -I"/Users/airship/Documents/genera_workspace/genera_test/Drivers/CMSIS/Device/ST/STM32F7xx/Include" -I"/Users/airship/Documents/genera_workspace/genera_test/Drivers/CMSIS/Include"  -Og -g3 -Wall -fmessage-length=0 -ffunction-sections -c -fmessage-length=0 -MMD -MP -MF"Src/audiostream.d" -MT"Src/audiostream.o" -o "Src/audiostream.o" "../Src/audiostream.c"
In file included from ../Src/audiostream.c:9:0:
/Users/airship/Documents/genera_workspace/genera_test/Inc/usbh_MIDI.h:95:0: warning: ignoring #pragma anon_unions  [-Wunknown-pragmas]
 #pragma anon_unions
 
../Src/audiostream.c: In function 'audioTickR':
../Src/audiostream.c:162:1: warning: control reaches end of non-void function [-Wreturn-type]
 }
 ^
At top level:
../Src/audiostream.c:81:12: warning: 'onsetFlag' defined but not used [-Wunused-variable]
 static int onsetFlag = 0;
            ^~~~~~~~~
../Src/audiostream.c:80:12: warning: 'gateIn' defined but not used [-Wunused-variable]
 static int gateIn = 0;
            ^~~~~~
../Src/audiostream.c:78:12: warning: 'frameCount' defined but not used [-Wunused-variable]
 static int frameCount = 0;
            ^~~~~~~~~~
Finished building: ../Src/audiostream.c
 
Building target: genera_test.elf
Invoking: MCU GCC Linker
arm-none-eabi-gcc -mcpu=cortex-m7 -mthumb -mfloat-abi=hard -mfpu=fpv5-d16 -specs=nosys.specs -specs=nano.specs -T"../STM32F765VITx_FLASH.ld" -Wl,-Map=output.map -Wl,--gc-sections -o "genera_test.elf" @"objects.list"   -lm
Finished building target: genera_test.elf
 
/Library/Developer/CommandLineTools/usr/bin/make --no-print-directory post-build
Generating binary and Printing size information:
arm-none-eabi-objcopy -O binary "genera_test.elf" "genera_test.bin"
arm-none-eabi-size "genera_test.elf"
   text	   data	    bss	    dec	    hex	filename
 824400	    164	  17104	 841668	  cd7c4	genera_test.elf
 
17:49:06 **** Incremental Build of configuration Debug for project genera_test ****
make all 
Building file: ../Src/audiostream.c
Invoking: MCU GCC Compiler
/Users/airship/Documents/genera_workspace/genera_test/Debug
arm-none-eabi-gcc -mcpu=cortex-m7 -mthumb -mfloat-abi=hard -mfpu=fpv5-d16 '-D__weak=__attribute__((weak))' '-D__packed="__attribute__((__packed__))"' -DUSE_HAL_DRIVER -DSTM32F765xx -I"/Users/airship/Documents/genera_workspace/genera_test/Inc" -I"/Users/airship/Documents/genera_workspace/genera_test/Drivers/STM32F7xx_HAL_Driver/Inc" -I"/Users/airship/Documents/genera_workspace/genera_test/Drivers/STM32F7xx_HAL_Driver/Inc/Legacy" -I"/Users/airship/Documents/genera_workspace/genera_test/Middlewares/ST/STM32_USB_Host_Library/Core/Inc" -I"/Users/airship/Documents/genera_workspace/genera_test/Middlewares/ST/STM32_USB_Host_Library/Class/AUDIO/Inc" -I"/Users/airship/Documents/genera_workspace/genera_test/Drivers/CMSIS/Device/ST/STM32F7xx/Include" -I"/Users/airship/Documents/genera_workspace/genera_test/Drivers/CMSIS/Include"  -Og -g3 -Wall -fmessage-length=0 -ffunction-sections -c -fmessage-length=0 -MMD -MP -MF"Src/audiostream.d" -MT"Src/audiostream.o" -o "Src/audiostream.o" "../Src/audiostream.c"
In file included from ../Src/audiostream.c:9:0:
/Users/airship/Documents/genera_workspace/genera_test/Inc/usbh_MIDI.h:95:0: warning: ignoring #pragma anon_unions  [-Wunknown-pragmas]
 #pragma anon_unions
 
../Src/audiostream.c: In function 'audioTickR':
../Src/audiostream.c:162:1: warning: control reaches end of non-void function [-Wreturn-type]
 }
 ^
At top level:
../Src/audiostream.c:81:12: warning: 'onsetFlag' defined but not used [-Wunused-variable]
 static int onsetFlag = 0;
            ^~~~~~~~~
../Src/audiostream.c:80:12: warning: 'gateIn' defined but not used [-Wunused-variable]
 static int gateIn = 0;
            ^~~~~~
../Src/audiostream.c:78:12: warning: 'frameCount' defined but not used [-Wunused-variable]
 static int frameCount = 0;
            ^~~~~~~~~~
Finished building: ../Src/audiostream.c
 
Building target: genera_test.elf
Invoking: MCU GCC Linker
arm-none-eabi-gcc -mcpu=cortex-m7 -mthumb -mfloat-abi=hard -mfpu=fpv5-d16 -specs=nosys.specs -specs=nano.specs -T"../STM32F765VITx_FLASH.ld" -Wl,-Map=output.map -Wl,--gc-sections -o "genera_test.elf" @"objects.list"   -lm
Finished building target: genera_test.elf
 
/Library/Developer/CommandLineTools/usr/bin/make --no-print-directory post-build
Generating binary and Printing size information:
arm-none-eabi-objcopy -O binary "genera_test.elf" "genera_test.bin"
arm-none-eabi-size "genera_test.elf"
   text	   data	    bss	    dec	    hex	filename
 824400	    164	  17104	 841668	  cd7c4	genera_test.elf
 
17:49:14 **** Incremental Build of configuration Debug for project genera_test ****
make all 
make: Nothing to be done for `all'.
17:50:33 **** Incremental Build of configuration Debug for project genera_test ****
make all 
Building file: ../Src/audiostream.c
Invoking: MCU GCC Compiler
/Users/airship/Documents/genera_workspace/genera_test/Debug
arm-none-eabi-gcc -mcpu=cortex-m7 -mthumb -mfloat-abi=hard -mfpu=fpv5-d16 '-D__weak=__attribute__((weak))' '-D__packed="__attribute__((__packed__))"' -DUSE_HAL_DRIVER -DSTM32F765xx -I"/Users/airship/Documents/genera_workspace/genera_test/Inc" -I"/Users/airship/Documents/genera_workspace/genera_test/Drivers/STM32F7xx_HAL_Driver/Inc" -I"/Users/airship/Documents/genera_workspace/genera_test/Drivers/STM32F7xx_HAL_Driver/Inc/Legacy" -I"/Users/airship/Documents/genera_workspace/genera_test/Middlewares/ST/STM32_USB_Host_Library/Core/Inc" -I"/Users/airship/Documents/genera_workspace/genera_test/Middlewares/ST/STM32_USB_Host_Library/Class/AUDIO/Inc" -I"/Users/airship/Documents/genera_workspace/genera_test/Drivers/CMSIS/Device/ST/STM32F7xx/Include" -I"/Users/airship/Documents/genera_workspace/genera_test/Drivers/CMSIS/Include"  -Og -g3 -Wall -fmessage-length=0 -ffunction-sections -c -fmessage-length=0 -MMD -MP -MF"Src/audiostream.d" -MT"Src/audiostream.o" -o "Src/audiostream.o" "../Src/audiostream.c"
In file included from ../Src/audiostream.c:9:0:
/Users/airship/Documents/genera_workspace/genera_test/Inc/usbh_MIDI.h:95:0: warning: ignoring #pragma anon_unions  [-Wunknown-pragmas]
 #pragma anon_unions
 
../Src/audiostream.c: In function 'audioTickR':
../Src/audiostream.c:162:1: warning: control reaches end of non-void function [-Wreturn-type]
 }
 ^
At top level:
../Src/audiostream.c:81:12: warning: 'onsetFlag' defined but not used [-Wunused-variable]
 static int onsetFlag = 0;
            ^~~~~~~~~
../Src/audiostream.c:80:12: warning: 'gateIn' defined but not used [-Wunused-variable]
 static int gateIn = 0;
            ^~~~~~
../Src/audiostream.c:78:12: warning: 'frameCount' defined but not used [-Wunused-variable]
 static int frameCount = 0;
            ^~~~~~~~~~
Finished building: ../Src/audiostream.c
 
Building target: genera_test.elf
Invoking: MCU GCC Linker
arm-none-eabi-gcc -mcpu=cortex-m7 -mthumb -mfloat-abi=hard -mfpu=fpv5-d16 -specs=nosys.specs -specs=nano.specs -T"../STM32F765VITx_FLASH.ld" -Wl,-Map=output.map -Wl,--gc-sections -o "genera_test.elf" @"objects.list"   -lm
Finished building target: genera_test.elf
 
/Library/Developer/CommandLineTools/usr/bin/make --no-print-directory post-build
Generating binary and Printing size information:
arm-none-eabi-objcopy -O binary "genera_test.elf" "genera_test.bin"
arm-none-eabi-size "genera_test.elf"
   text	   data	    bss	    dec	    hex	filename
 824400	    164	  17104	 841668	  cd7c4	genera_test.elf
 
17:50:43 **** Incremental Build of configuration Debug for project genera_test ****
make all 
Building file: ../Src/audiostream.c
Invoking: MCU GCC Compiler
/Users/airship/Documents/genera_workspace/genera_test/Debug
arm-none-eabi-gcc -mcpu=cortex-m7 -mthumb -mfloat-abi=hard -mfpu=fpv5-d16 '-D__weak=__attribute__((weak))' '-D__packed="__attribute__((__packed__))"' -DUSE_HAL_DRIVER -DSTM32F765xx -I"/Users/airship/Documents/genera_workspace/genera_test/Inc" -I"/Users/airship/Documents/genera_workspace/genera_test/Drivers/STM32F7xx_HAL_Driver/Inc" -I"/Users/airship/Documents/genera_workspace/genera_test/Drivers/STM32F7xx_HAL_Driver/Inc/Legacy" -I"/Users/airship/Documents/genera_workspace/genera_test/Middlewares/ST/STM32_USB_Host_Library/Core/Inc" -I"/Users/airship/Documents/genera_workspace/genera_test/Middlewares/ST/STM32_USB_Host_Library/Class/AUDIO/Inc" -I"/Users/airship/Documents/genera_workspace/genera_test/Drivers/CMSIS/Device/ST/STM32F7xx/Include" -I"/Users/airship/Documents/genera_workspace/genera_test/Drivers/CMSIS/Include"  -Og -g3 -Wall -fmessage-length=0 -ffunction-sections -c -fmessage-length=0 -MMD -MP -MF"Src/audiostream.d" -MT"Src/audiostream.o" -o "Src/audiostream.o" "../Src/audiostream.c"
In file included from ../Src/audiostream.c:9:0:
/Users/airship/Documents/genera_workspace/genera_test/Inc/usbh_MIDI.h:95:0: warning: ignoring #pragma anon_unions  [-Wunknown-pragmas]
 #pragma anon_unions
 
../Src/audiostream.c: In function 'audioTickR':
../Src/audiostream.c:162:1: warning: control reaches end of non-void function [-Wreturn-type]
 }
 ^
At top level:
../Src/audiostream.c:81:12: warning: 'onsetFlag' defined but not used [-Wunused-variable]
 static int onsetFlag = 0;
            ^~~~~~~~~
../Src/audiostream.c:80:12: warning: 'gateIn' defined but not used [-Wunused-variable]
 static int gateIn = 0;
            ^~~~~~
../Src/audiostream.c:78:12: warning: 'frameCount' defined but not used [-Wunused-variable]
 static int frameCount = 0;
            ^~~~~~~~~~
Finished building: ../Src/audiostream.c
 
Building target: genera_test.elf
Invoking: MCU GCC Linker
arm-none-eabi-gcc -mcpu=cortex-m7 -mthumb -mfloat-abi=hard -mfpu=fpv5-d16 -specs=nosys.specs -specs=nano.specs -T"../STM32F765VITx_FLASH.ld" -Wl,-Map=output.map -Wl,--gc-sections -o "genera_test.elf" @"objects.list"   -lm
Finished building target: genera_test.elf
 
/Library/Developer/CommandLineTools/usr/bin/make --no-print-directory post-build
Generating binary and Printing size information:
arm-none-eabi-objcopy -O binary "genera_test.elf" "genera_test.bin"
arm-none-eabi-size "genera_test.elf"
   text	   data	    bss	    dec	    hex	filename
 824400	    164	  17104	 841668	  cd7c4	genera_test.elf
 
17:50:50 **** Incremental Build of configuration Debug for project genera_test ****
make all 
make: Nothing to be done for `all'.
